Archive member included to satisfy reference by file (symbol)

/opt/st/stm32cubeide_1.18.0/plugins/com.st.stm32cube.ide.mcu.externaltools.gnu-tools-for-stm32.13.3.rel1.linux64_1.0.0.202410170706/tools/bin/../lib/gcc/arm-none-eabi/13.3.1/../../../../arm-none-eabi/lib/thumb/v6-m/nofp/libc_nano.a(libc_a-exit.o)
                              /opt/st/stm32cubeide_1.18.0/plugins/com.st.stm32cube.ide.mcu.externaltools.gnu-tools-for-stm32.13.3.rel1.linux64_1.0.0.202410170706/tools/bin/../lib/gcc/arm-none-eabi/13.3.1/../../../../arm-none-eabi/lib/thumb/v6-m/nofp/crt0.o (exit)
/opt/st/stm32cubeide_1.18.0/plugins/com.st.stm32cube.ide.mcu.externaltools.gnu-tools-for-stm32.13.3.rel1.linux64_1.0.0.202410170706/tools/bin/../lib/gcc/arm-none-eabi/13.3.1/../../../../arm-none-eabi/lib/thumb/v6-m/nofp/libc_nano.a(libc_a-nano-vfprintf_float.o)
                              (_printf_float)
/opt/st/stm32cubeide_1.18.0/plugins/com.st.stm32cube.ide.mcu.externaltools.gnu-tools-for-stm32.13.3.rel1.linux64_1.0.0.202410170706/tools/bin/../lib/gcc/arm-none-eabi/13.3.1/../../../../arm-none-eabi/lib/thumb/v6-m/nofp/libc_nano.a(libc_a-nano-vfprintf_i.o)
                              /opt/st/stm32cubeide_1.18.0/plugins/com.st.stm32cube.ide.mcu.externaltools.gnu-tools-for-stm32.13.3.rel1.linux64_1.0.0.202410170706/tools/bin/../lib/gcc/arm-none-eabi/13.3.1/../../../../arm-none-eabi/lib/thumb/v6-m/nofp/libc_nano.a(libc_a-nano-vfprintf_float.o) (_printf_common)
/opt/st/stm32cubeide_1.18.0/plugins/com.st.stm32cube.ide.mcu.externaltools.gnu-tools-for-stm32.13.3.rel1.linux64_1.0.0.202410170706/tools/bin/../lib/gcc/arm-none-eabi/13.3.1/../../../../arm-none-eabi/lib/thumb/v6-m/nofp/libc_nano.a(libc_a-fflush.o)
                              ./BlueNRG_2/App/app_bluenrg_2.o (fflush)
/opt/st/stm32cubeide_1.18.0/plugins/com.st.stm32cube.ide.mcu.externaltools.gnu-tools-for-stm32.13.3.rel1.linux64_1.0.0.202410170706/tools/bin/../lib/gcc/arm-none-eabi/13.3.1/../../../../arm-none-eabi/lib/thumb/v6-m/nofp/libc_nano.a(libc_a-findfp.o)
                              /opt/st/stm32cubeide_1.18.0/plugins/com.st.stm32cube.ide.mcu.externaltools.gnu-tools-for-stm32.13.3.rel1.linux64_1.0.0.202410170706/tools/bin/../lib/gcc/arm-none-eabi/13.3.1/../../../../arm-none-eabi/lib/thumb/v6-m/nofp/libc_nano.a(libc_a-fflush.o) (__sglue)
/opt/st/stm32cubeide_1.18.0/plugins/com.st.stm32cube.ide.mcu.externaltools.gnu-tools-for-stm32.13.3.rel1.linux64_1.0.0.202410170706/tools/bin/../lib/gcc/arm-none-eabi/13.3.1/../../../../arm-none-eabi/lib/thumb/v6-m/nofp/libc_nano.a(libc_a-fwalk.o)
                              /opt/st/stm32cubeide_1.18.0/plugins/com.st.stm32cube.ide.mcu.externaltools.gnu-tools-for-stm32.13.3.rel1.linux64_1.0.0.202410170706/tools/bin/../lib/gcc/arm-none-eabi/13.3.1/../../../../arm-none-eabi/lib/thumb/v6-m/nofp/libc_nano.a(libc_a-fflush.o) (_fwalk_sglue)
/opt/st/stm32cubeide_1.18.0/plugins/com.st.stm32cube.ide.mcu.externaltools.gnu-tools-for-stm32.13.3.rel1.linux64_1.0.0.202410170706/tools/bin/../lib/gcc/arm-none-eabi/13.3.1/../../../../arm-none-eabi/lib/thumb/v6-m/nofp/libc_nano.a(libc_a-printf.o)
                              ./BlueNRG_2/App/app_bluenrg_2.o (printf)
/opt/st/stm32cubeide_1.18.0/plugins/com.st.stm32cube.ide.mcu.externaltools.gnu-tools-for-stm32.13.3.rel1.linux64_1.0.0.202410170706/tools/bin/../lib/gcc/arm-none-eabi/13.3.1/../../../../arm-none-eabi/lib/thumb/v6-m/nofp/libc_nano.a(libc_a-putchar.o)
                              ./BlueNRG_2/App/app_bluenrg_2.o (putchar)
/opt/st/stm32cubeide_1.18.0/plugins/com.st.stm32cube.ide.mcu.externaltools.gnu-tools-for-stm32.13.3.rel1.linux64_1.0.0.202410170706/tools/bin/../lib/gcc/arm-none-eabi/13.3.1/../../../../arm-none-eabi/lib/thumb/v6-m/nofp/libc_nano.a(libc_a-puts.o)
                              ./BlueNRG_2/App/app_bluenrg_2.o (puts)
/opt/st/stm32cubeide_1.18.0/plugins/com.st.stm32cube.ide.mcu.externaltools.gnu-tools-for-stm32.13.3.rel1.linux64_1.0.0.202410170706/tools/bin/../lib/gcc/arm-none-eabi/13.3.1/../../../../arm-none-eabi/lib/thumb/v6-m/nofp/libc_nano.a(libc_a-stdio.o)
                              /opt/st/stm32cubeide_1.18.0/plugins/com.st.stm32cube.ide.mcu.externaltools.gnu-tools-for-stm32.13.3.rel1.linux64_1.0.0.202410170706/tools/bin/../lib/gcc/arm-none-eabi/13.3.1/../../../../arm-none-eabi/lib/thumb/v6-m/nofp/libc_nano.a(libc_a-findfp.o) (__sread)
/opt/st/stm32cubeide_1.18.0/plugins/com.st.stm32cube.ide.mcu.externaltools.gnu-tools-for-stm32.13.3.rel1.linux64_1.0.0.202410170706/tools/bin/../lib/gcc/arm-none-eabi/13.3.1/../../../../arm-none-eabi/lib/thumb/v6-m/nofp/libc_nano.a(libc_a-wbuf.o)
                              /opt/st/stm32cubeide_1.18.0/plugins/com.st.stm32cube.ide.mcu.externaltools.gnu-tools-for-stm32.13.3.rel1.linux64_1.0.0.202410170706/tools/bin/../lib/gcc/arm-none-eabi/13.3.1/../../../../arm-none-eabi/lib/thumb/v6-m/nofp/libc_nano.a(libc_a-puts.o) (__swbuf_r)
[...]
Memory Configuration

Name             Origin             Length             Attributes
RAM              0x20000000         0x00009000         xrw
FLASH            0x08000000         0x00020000         xr
*default*        0x00000000         0xffffffff

Linker script and memory map

LOAD /opt/st/stm32cubeide_1.18.0/plugins/com.st.stm32cube.ide.mcu.externaltools.gnu-tools-for-stm32.13.3.rel1.linux64_1.0.0.202410170706/tools/bin/../lib/gcc/arm-none-eabi/13.3.1/thumb/v6-m/nofp/crti.o
LOAD /opt/st/stm32cubeide_1.18.0/plugins/com.st.stm32cube.ide.mcu.externaltools.gnu-tools-for-stm32.13.3.rel1.linux64_1.0.0.202410170706/tools/bin/../lib/gcc/arm-none-eabi/13.3.1/thumb/v6-m/nofp/crtbegin.o
LOAD /opt/st/stm32cubeide_1.18.0/plugins/com.st.stm32cube.ide.mcu.externaltools.gnu-tools-for-stm32.13.3.rel1.linux64_1.0.0.202410170706/tools/bin/../lib/gcc/arm-none-eabi/13.3.1/../../../../arm-none-eabi/lib/thumb/v6-m/nofp/crt0.o
LOAD ./BlueNRG_2/App/app_bluenrg_2.o
LOAD ./BlueNRG_2/App/gatt_db.o
LOAD ./BlueNRG_2/Target/hci_tl_interface.o
LOAD ./Core/Src/main.o
LOAD ./Core/Src/stm32g0xx_hal_msp.o
LOAD ./Core/Src/stm32g0xx_it.o
LOAD ./Core/Src/stm32g0xx_nucleo_bus.o
LOAD ./Core/Src/syscalls.o
LOAD ./Core/Src/sysmem.o
LOAD ./Core/Src/system_stm32g0xx.o
LOAD ./Core/Startup/startup_stm32g070rbtx.o
LOAD ./Drivers/BSP/STM32G0xx_Nucleo/stm32g0xx_nucleo.o
LOAD ./Drivers/STM32G0xx_HAL_Driver/Src/stm32g0xx_hal.o
LOAD ./Drivers/STM32G0xx_HAL_Driver/Src/stm32g0xx_hal_adc.o
LOAD ./Drivers/STM32G0xx_HAL_Driver/Src/stm32g0xx_hal_adc_ex.o
LOAD ./Drivers/STM32G0xx_HAL_Driver/Src/stm32g0xx_hal_cortex.o
LOAD ./Drivers/STM32G0xx_HAL_Driver/Src/stm32g0xx_hal_dma.o
LOAD ./Drivers/STM32G0xx_HAL_Driver/Src/stm32g0xx_hal_dma_ex.o
LOAD ./Drivers/STM32G0xx_HAL_Driver/Src/stm32g0xx_hal_exti.o
LOAD ./Drivers/STM32G0xx_HAL_Driver/Src/stm32g0xx_hal_flash.o
LOAD ./Drivers/STM32G0xx_HAL_Driver/Src/stm32g0xx_hal_flash_ex.o
LOAD ./Drivers/STM32G0xx_HAL_Driver/Src/stm32g0xx_hal_gpio.o
LOAD ./Drivers/STM32G0xx_HAL_Driver/Src/stm32g0xx_hal_pwr.o
LOAD ./Drivers/STM32G0xx_HAL_Driver/Src/stm32g0xx_hal_pwr_ex.o
LOAD ./Drivers/STM32G0xx_HAL_Driver/Src/stm32g0xx_hal_rcc.o
LOAD ./Drivers/STM32G0xx_HAL_Driver/Src/stm32g0xx_hal_rcc_ex.o
LOAD ./Drivers/STM32G0xx_HAL_Driver/Src/stm32g0xx_hal_spi.o
LOAD ./Drivers/STM32G0xx_HAL_Driver/Src/stm32g0xx_hal_spi_ex.o
LOAD ./Drivers/STM32G0xx_HAL_Driver/Src/stm32g0xx_hal_tim.o
LOAD ./Drivers/STM32G0xx_HAL_Driver/Src/stm32g0xx_hal_tim_ex.o
LOAD ./Drivers/STM32G0xx_HAL_Driver/Src/stm32g0xx_hal_uart.o
LOAD ./Drivers/STM32G0xx_HAL_Driver/Src/stm32g0xx_hal_uart_ex.o
LOAD ./Drivers/STM32G0xx_HAL_Driver/Src/stm32g0xx_ll_adc.o
LOAD ./Drivers/STM32G0xx_HAL_Driver/Src/stm32g0xx_ll_dma.o
LOAD ./Drivers/STM32G0xx_HAL_Driver/Src/stm32g0xx_ll_rcc.o
LOAD ./Middlewares/ST/BlueNRG-2/hci/bluenrg1_devConfig.o
LOAD ./Middlewares/ST/BlueNRG-2/hci/bluenrg1_events.o
LOAD ./Middlewares/ST/BlueNRG-2/hci/bluenrg1_events_cb.o
LOAD ./Middlewares/ST/BlueNRG-2/hci/bluenrg1_hci_le.o
LOAD ./Middlewares/ST/BlueNRG-2/hci/controller/bluenrg1_gap_aci.o
LOAD ./Middlewares/ST/BlueNRG-2/hci/controller/bluenrg1_gatt_aci.o
LOAD ./Middlewares/ST/BlueNRG-2/hci/controller/bluenrg1_hal_aci.o
LOAD ./Middlewares/ST/BlueNRG-2/hci/controller/bluenrg1_l2cap_aci.o
LOAD ./Middlewares/ST/BlueNRG-2/hci/hci_tl_patterns/Basic/hci_tl.o
LOAD ./Middlewares/ST/BlueNRG-2/utils/ble_list.o
START GROUP
LOAD /opt/st/stm32cubeide_1.18.0/plugins/com.st.stm32cube.ide.mcu.externaltools.gnu-tools-for-stm32.13.3.rel1.linux64_1.0.0.202410170706/tools/bin/../lib/gcc/arm-none-eabi/13.3.1/../../../../arm-none-eabi/lib/thumb/v6-m/nofp/libc_nano.a
LOAD /opt/st/stm32cubeide_1.18.0/plugins/com.st.stm32cube.ide.mcu.externaltools.gnu-tools-for-stm32.13.3.rel1.linux64_1.0.0.202410170706/tools/bin/../lib/gcc/arm-none-eabi/13.3.1/../../../../arm-none-eabi/lib/thumb/v6-m/nofp/libm.a
END GROUP
START GROUP
LOAD /opt/st/stm32cubeide_1.18.0/plugins/com.st.stm32cube.ide.mcu.externaltools.gnu-tools-for-stm32.13.3.rel1.linux64_1.0.0.202410170706/tools/bin/../lib/gcc/arm-none-eabi/13.3.1/thumb/v6-m/nofp/libgcc.a
LOAD /opt/st/stm32cubeide_1.18.0/plugins/com.st.stm32cube.ide.mcu.externaltools.gnu-tools-for-stm32.13.3.rel1.linux64_1.0.0.202410170706/tools/bin/../lib/gcc/arm-none-eabi/13.3.1/../../../../arm-none-eabi/lib/thumb/v6-m/nofp/libc_nano.a
END GROUP
START GROUP
LOAD /opt/st/stm32cubeide_1.18.0/plugins/com.st.stm32cube.ide.mcu.externaltools.gnu-tools-for-stm32.13.3.rel1.linux64_1.0.0.202410170706/tools/bin/../lib/gcc/arm-none-eabi/13.3.1/thumb/v6-m/nofp/libgcc.a
LOAD /opt/st/stm32cubeide_1.18.0/plugins/com.st.stm32cube.ide.mcu.externaltools.gnu-tools-for-stm32.13.3.rel1.linux64_1.0.0.202410170706/tools/bin/../lib/gcc/arm-none-eabi/13.3.1/../../../../arm-none-eabi/lib/thumb/v6-m/nofp/libc_nano.a
LOAD /opt/st/stm32cubeide_1.18.0/plugins/com.st.stm32cube.ide.mcu.externaltools.gnu-tools-for-stm32.13.3.rel1.linux64_1.0.0.202410170706/tools/bin/../lib/gcc/arm-none-eabi/13.3.1/../../../../arm-none-eabi/lib/thumb/v6-m/nofp/libnosys.a
END GROUP
START GROUP
LOAD /opt/st/stm32cubeide_1.18.0/plugins/com.st.stm32cube.ide.mcu.externaltools.gnu-tools-for-stm32.13.3.rel1.linux64_1.0.0.202410170706/tools/bin/../lib/gcc/arm-none-eabi/13.3.1/thumb/v6-m/nofp/libgcc.a
LOAD /opt/st/stm32cubeide_1.18.0/plugins/com.st.stm32cube.ide.mcu.externaltools.gnu-tools-for-stm32.13.3.rel1.linux64_1.0.0.202410170706/tools/bin/../lib/gcc/arm-none-eabi/13.3.1/../../../../arm-none-eabi/lib/thumb/v6-m/nofp/libc_nano.a
LOAD /opt/st/stm32cubeide_1.18.0/plugins/com.st.stm32cube.ide.mcu.externaltools.gnu-tools-for-stm32.13.3.rel1.linux64_1.0.0.202410170706/tools/bin/../lib/gcc/arm-none-eabi/13.3.1/../../../../arm-none-eabi/lib/thumb/v6-m/nofp/libnosys.a
END GROUP
LOAD /opt/st/stm32cubeide_1.18.0/plugins/com.st.stm32cube.ide.mcu.externaltools.gnu-tools-for-stm32.13.3.rel1.linux64_1.0.0.202410170706/tools/bin/../lib/gcc/arm-none-eabi/13.3.1/thumb/v6-m/nofp/crtend.o
LOAD /opt/st/stm32cubeide_1.18.0/plugins/com.st.stm32cube.ide.mcu.externaltools.gnu-tools-for-stm32.13.3.rel1.linux64_1.0.0.202410170706/tools/bin/../lib/gcc/arm-none-eabi/13.3.1/thumb/v6-m/nofp/crtn.o
                0x20009000                        _estack = (ORIGIN (RAM) + LENGTH (RAM))
                0x00000200                        _Min_Heap_Size = 0x200
                0x00000400                        _Min_Stack_Size = 0x400

.isr_vector     0x08000000       0xb8
                0x08000000                        . = ALIGN (0x4)
 *(.isr_vector)
 .isr_vector    0x08000000       0xb8 ./Core/Startup/startup_stm32g070rbtx.o
                0x08000000                g_pfnVectors
                0x080000b8                        . = ALIGN (0x4)

.text           0x080000b8     0xf4a0
                0x080000b8                        . = ALIGN (0x4)
 *(.text)
 .text          0x080000b8       0x48 /opt/st/stm32cubeide_1.18.0/plugins/com.st.stm32cube.ide.mcu.externaltools.gnu-tools-for-stm32.13.3.rel1.linux64_1.0.0.202410170706/tools/bin/../lib/gcc/arm-none-eabi/13.3.1/thumb/v6-m/nofp/crtbegin.o
 .text          0x08000100        0xe /opt/st/stm32cubeide_1.18.0/plugins/com.st.stm32cube.ide.mcu.externaltools.gnu-tools-for-stm32.13.3.rel1.linux64_1.0.0.202410170706/tools/bin/../lib/gcc/arm-none-eabi/13.3.1/../../../../arm-none-eabi/lib/thumb/v6-m/nofp/libc_nano.a(libc_a-strlen.o)
                0x08000100                strlen
 *fill*         0x0800010e        0x2 
 .text          0x08000110       0x14 /opt/st/stm32cubeide_1.18.0/plugins/com.st.stm32cube.ide.mcu.externaltools.gnu-tools-for-stm32.13.3.rel1.linux64_1.0.0.202410170706/tools/bin/../lib/gcc/arm-none-eabi/13.3.1/thumb/v6-m/nofp/libgcc.a(_thumb1_case_uqi.o)
                0x08000110                __gnu_thumb1_case_uqi
 .text          0x08000124       0x14 /opt/st/stm32cubeide_1.18.0/plugins/com.st.stm32cube.ide.mcu.externaltools.gnu-tools-for-stm32.13.3.rel1.linux64_1.0.0.202410170706/tools/bin/../lib/gcc/arm-none-eabi/13.3.1/thumb/v6-m/nofp/libgcc.a(_thumb1_case_shi.o)
                0x08000124                __gnu_thumb1_case_shi
 .text          0x08000138      0x114 /opt/st/stm32cubeide_1.18.0/plugins/com.st.stm32cube.ide.mcu.externaltools.gnu-tools-for-stm32.13.3.rel1.linux64_1.0.0.202410170706/tools/bin/../lib/gcc/arm-none-eabi/13.3.1/thumb/v6-m/nofp/libgcc.a(_udivsi3.o)
                0x08000138                __udivsi3
                0x08000138                __aeabi_uidiv
                0x08000244                __aeabi_uidivmod
 .text          0x0800024c      0x1d4 /opt/st/stm32cubeide_1.18.0/plugins/com.st.stm32cube.ide.mcu.externaltools.gnu-tools-for-stm32.13.3.rel1.linux64_1.0.0.202410170706/tools/bin/../lib/gcc/arm-none-eabi/13.3.1/thumb/v6-m/nofp/libgcc.a(_divsi3.o)
                0x0800024c                __aeabi_idiv
                0x0800024c                __divsi3
                0x08000418                __aeabi_idivmod
 .text          0x08000420        0x4 /opt/st/stm32cubeide_1.18.0/plugins/com.st.stm32cube.ide.mcu.externaltools.gnu-tools-for-stm32.13.3.rel1.linux64_1.0.0.202410170706/tools/bin/../lib/gcc/arm-none-eabi/13.3.1/thumb/v6-m/nofp/libgcc.a(_dvmd_tls.o)
                0x08000420                __aeabi_ldiv0
                0x08000420                __aeabi_idiv0
 .text          0x08000424       0x7c /opt/st/stm32cubeide_1.18.0/plugins/com.st.stm32cube.ide.mcu.externaltools.gnu-tools-for-stm32.13.3.rel1.linux64_1.0.0.202410170706/tools/bin/../lib/gcc/arm-none-eabi/13.3.1/thumb/v6-m/nofp/libgcc.a(_arm_cmpdf2.o)
                0x08000424                __aeabi_cdrcmple
                0x08000434                __aeabi_cdcmple
                0x08000434                __aeabi_cdcmpeq
                0x08000444                __aeabi_dcmpeq
                0x08000450                __aeabi_dcmplt
                0x08000464                __aeabi_dcmple
                0x08000478                __aeabi_dcmpgt
                0x0800048c                __aeabi_dcmpge
 .text          0x080004a0      0x78c /opt/st/stm32cubeide_1.18.0/plugins/com.st.stm32cube.ide.mcu.externaltools.gnu-tools-for-stm32.13.3.rel1.linux64_1.0.0.202410170706/tools/bin/../lib/gcc/arm-none-eabi/13.3.1/thumb/v6-m/nofp/libgcc.a(adddf3.o)
                0x080004a0                __aeabi_dadd
 .text          0x08000c2c      0x630 /opt/st/stm32cubeide_1.18.0/plugins/com.st.stm32cube.ide.mcu.externaltools.gnu-tools-for-stm32.13.3.rel1.linux64_1.0.0.202410170706/tools/bin/../lib/gcc/arm-none-eabi/13.3.1/thumb/v6-m/nofp/libgcc.a(divdf3.o)
                0x08000c2c                __aeabi_ddiv
 .text          0x0800125c       0x88 /opt/st/stm32cubeide_1.18.0/plugins/com.st.stm32cube.ide.mcu.externaltools.gnu-tools-for-stm32.13.3.rel1.linux64_1.0.0.202410170706/tools/bin/../lib/gcc/arm-none-eabi/13.3.1/thumb/v6-m/nofp/libgcc.a(eqdf2.o)
                0x0800125c                __eqdf2
                0x0800125c                __nedf2
 .text          0x080012e4       0xe0 /opt/st/stm32cubeide_1.18.0/plugins/com.st.stm32cube.ide.mcu.externaltools.gnu-tools-for-stm32.13.3.rel1.linux64_1.0.0.202410170706/tools/bin/../lib/gcc/arm-none-eabi/13.3.1/thumb/v6-m/nofp/libgcc.a(gedf2.o)
                0x080012e4                __gtdf2
                0x080012e4                __gedf2
 .text          0x080013c4       0xdc /opt/st/stm32cubeide_1.18.0/plugins/com.st.stm32cube.ide.mcu.externaltools.gnu-tools-for-stm32.13.3.rel1.linux64_1.0.0.202410170706/tools/bin/../lib/gcc/arm-none-eabi/13.3.1/thumb/v6-m/nofp/libgcc.a(ledf2.o)
                0x080013c4                __ltdf2
                0x080013c4                __ledf2
 .text          0x080014a0      0x5cc /opt/st/stm32cubeide_1.18.0/plugins/com.st.stm32cube.ide.mcu.externaltools.gnu-tools-for-stm32.13.3.rel1.linux64_1.0.0.202410170706/tools/bin/../lib/gcc/arm-none-eabi/13.3.1/thumb/v6-m/nofp/libgcc.a(muldf3.o)
                0x080014a0                __aeabi_dmul
 .text          0x08001a6c      0x814 /opt/st/stm32cubeide_1.18.0/plugins/com.st.stm32cube.ide.mcu.externaltools.gnu-tools-for-stm32.13.3.rel1.linux64_1.0.0.202410170706/tools/bin/../lib/gcc/arm-none-eabi/13.3.1/thumb/v6-m/nofp/libgcc.a(subdf3.o)
                0x08001a6c                __aeabi_dsub
 .text          0x08002280       0x44 /opt/st/stm32cubeide_1.18.0/plugins/com.st.stm32cube.ide.mcu.externaltools.gnu-tools-for-stm32.13.3.rel1.linux64_1.0.0.202410170706/tools/bin/../lib/gcc/arm-none-eabi/13.3.1/thumb/v6-m/nofp/libgcc.a(unorddf2.o)
                0x08002280                __aeabi_dcmpun
 .text          0x080022c4       0x78 /opt/st/stm32cubeide_1.18.0/plugins/com.st.stm32cube.ide.mcu.externaltools.gnu-tools-for-stm32.13.3.rel1.linux64_1.0.0.202410170706/tools/bin/../lib/gcc/arm-none-eabi/13.3.1/thumb/v6-m/nofp/libgcc.a(fixdfsi.o)
                0x080022c4                __aeabi_d2iz
 .text          0x0800233c       0x5c /opt/st/stm32cubeide_1.18.0/plugins/com.st.stm32cube.ide.mcu.externaltools.gnu-tools-for-stm32.13.3.rel1.linux64_1.0.0.202410170706/tools/bin/../lib/gcc/arm-none-eabi/13.3.1/thumb/v6-m/nofp/libgcc.a(floatsidf.o)
                0x0800233c                __aeabi_i2d
 .text          0x08002398       0x48 /opt/st/stm32cubeide_1.18.0/plugins/com.st.stm32cube.ide.mcu.externaltools.gnu-tools-for-stm32.13.3.rel1.linux64_1.0.0.202410170706/tools/bin/../lib/gcc/arm-none-eabi/13.3.1/thumb/v6-m/nofp/libgcc.a(floatunsidf.o)
                0x08002398                __aeabi_ui2d
 .text          0x080023e0       0x3c /opt/st/stm32cubeide_1.18.0/plugins/com.st.stm32cube.ide.mcu.externaltools.gnu-tools-for-stm32.13.3.rel1.linux64_1.0.0.202410170706/tools/bin/../lib/gcc/arm-none-eabi/13.3.1/thumb/v6-m/nofp/libgcc.a(_clzsi2.o)
                0x080023e0                __clzsi2
 *(.text*)
 .text.MX_BlueNRG_2_Init
                0x0800241c       0x60 ./BlueNRG_2/App/app_bluenrg_2.o
                0x0800241c                MX_BlueNRG_2_Init
 .text.receiveData
                0x0800247c       0x50 ./BlueNRG_2/App/app_bluenrg_2.o
 .text.Reset_DiscoveryContext
                0x080024cc       0xc8 ./BlueNRG_2/App/app_bluenrg_2.o
 .text.Setup_DeviceAddress
                0x08002594      0x138 ./BlueNRG_2/App/app_bluenrg_2.o
 .text.Find_DeviceName
                0x080026cc       0x80 ./BlueNRG_2/App/app_bluenrg_2.o
 .text.Attribute_Modified_CB
                0x0800274c       0x6c ./BlueNRG_2/App/app_bluenrg_2.o
 .text.SampleAppInit
                0x080027b8       0xc0 ./BlueNRG_2/App/app_bluenrg_2.o
 .text.User_Init
                0x08002878       0x1e ./BlueNRG_2/App/app_bluenrg_2.o
 *fill*         0x08002896        0x2 
 .text.aci_gap_proc_complete_event
                0x08002898       0x68 ./BlueNRG_2/App/app_bluenrg_2.o
                0x08002898                aci_gap_proc_complete_event
 .text.hci_le_connection_complete_event
                0x08002900       0xe0 ./BlueNRG_2/App/app_bluenrg_2.o
                0x08002900                hci_le_connection_complete_event
 .text.hci_disconnection_complete_event
                0x080029e0       0xc0 ./BlueNRG_2/App/app_bluenrg_2.o
                0x080029e0                hci_disconnection_complete_event
 .text.hci_le_advertising_report_event
                0x08002aa0       0xb4 ./BlueNRG_2/App/app_bluenrg_2.o
                0x08002aa0                hci_le_advertising_report_event
 .text.aci_gatt_attribute_modified_event
                0x08002b54       0x40 ./BlueNRG_2/App/app_bluenrg_2.o
                0x08002b54                aci_gatt_attribute_modified_event
 .text.aci_gatt_notification_event
                0x08002b94       0x50 ./BlueNRG_2/App/app_bluenrg_2.o
                0x08002b94                aci_gatt_notification_event
 .text.aci_gatt_disc_read_char_by_uuid_resp_event
                0x08002be4       0xe4 ./BlueNRG_2/App/app_bluenrg_2.o
                0x08002be4                aci_gatt_disc_read_char_by_uuid_resp_event
 .text.aci_gatt_proc_complete_event
                0x08002cc8       0x6c ./BlueNRG_2/App/app_bluenrg_2.o
                0x08002cc8                aci_gatt_proc_complete_event
 .text.aci_gatt_tx_pool_available_event
                0x08002d34       0x30 ./BlueNRG_2/App/app_bluenrg_2.o
                0x08002d34                aci_gatt_tx_pool_available_event
 .text.aci_att_exchange_mtu_resp_event
                0x08002d64       0x78 ./BlueNRG_2/App/app_bluenrg_2.o
                0x08002d64                aci_att_exchange_mtu_resp_event
 .text.Add_Sample_Service
                0x08002ddc      0x144 ./BlueNRG_2/App/gatt_db.o
                0x08002ddc                Add_Sample_Service
 .text.APP_UserEvtRx
                0x08002f20      0x100 ./BlueNRG_2/App/gatt_db.o
                0x08002f20                APP_UserEvtRx
 .text.HCI_TL_SPI_Enable_IRQ
                0x08003020       0x10 ./BlueNRG_2/Target/hci_tl_interface.o
 .text.HCI_TL_SPI_Disable_IRQ
                0x08003030       0x10 ./BlueNRG_2/Target/hci_tl_interface.o
 .text.HCI_TL_SPI_Init
                0x08003040       0xb4 ./BlueNRG_2/Target/hci_tl_interface.o
                0x08003040                HCI_TL_SPI_Init
 .text.HCI_TL_SPI_DeInit
                0x080030f4       0x34 ./BlueNRG_2/Target/hci_tl_interface.o
                0x080030f4                HCI_TL_SPI_DeInit
 .text.HCI_TL_SPI_Reset
                0x08003128       0x44 ./BlueNRG_2/Target/hci_tl_interface.o
                0x08003128                HCI_TL_SPI_Reset
 .text.HCI_TL_SPI_Receive
                0x0800316c      0x11a ./BlueNRG_2/Target/hci_tl_interface.o
                0x0800316c                HCI_TL_SPI_Receive
 *fill*         0x08003286        0x2 
 .text.HCI_TL_SPI_Send
                0x08003288      0x130 ./BlueNRG_2/Target/hci_tl_interface.o
                0x08003288                HCI_TL_SPI_Send
 .text.IsDataAvailable
                0x080033b8       0x20 ./BlueNRG_2/Target/hci_tl_interface.o
 .text.hci_tl_lowlevel_init
                0x080033d8       0x84 ./BlueNRG_2/Target/hci_tl_interface.o
                0x080033d8                hci_tl_lowlevel_init
 .text.hci_tl_lowlevel_isr
                0x0800345c       0x20 ./BlueNRG_2/Target/hci_tl_interface.o
                0x0800345c                hci_tl_lowlevel_isr
 .text.HAL_ADC_ConvCpltCallback
                0x0800347c       0x20 ./Core/Src/main.o
                0x0800347c                HAL_ADC_ConvCpltCallback
 .text.leftOf   0x0800349c       0x22 ./Core/Src/main.o
 .text.rightOf  0x080034be       0x22 ./Core/Src/main.o
 .text.behind   0x080034e0       0x22 ./Core/Src/main.o
 .text.isValid  0x08003502       0x32 ./Core/Src/main.o
 .text.updateData
                0x08003534      0x24c ./Core/Src/main.o
 .text.getData  0x08003780       0xb0 ./Core/Src/main.o
 .text.rotate   0x08003830       0x26 ./Core/Src/main.o
 .text.moveForward
                0x08003856       0x26 ./Core/Src/main.o
 .text.getNextMove
                0x0800387c      0x370 ./Core/Src/main.o
 .text.main     0x08003bec      0x174 ./Core/Src/main.o
                0x08003bec                main
 .text.SystemClock_Config
                0x08003d60       0x90 ./Core/Src/main.o
                0x08003d60                SystemClock_Config
 .text.MX_NVIC_Init
                0x08003df0       0x4a ./Core/Src/main.o
 *fill*         0x08003e3a        0x2 
 .text.MX_ADC1_Init
                0x08003e3c       0xd8 ./Core/Src/main.o
 .text.MX_TIM3_Init
                0x08003f14      0x110 ./Core/Src/main.o
 .text.MX_DMA_Init
                0x08004024       0x2c ./Core/Src/main.o
 .text.MX_GPIO_Init
                0x08004050      0x1e0 ./Core/Src/main.o
 .text.enable_dualbridge
                0x08004230       0x34 ./Core/Src/main.o
                0x08004230                enable_dualbridge
 .text.ihm12a1_stspin240_init
                0x08004264       0x5c ./Core/Src/main.o
                0x08004264                ihm12a1_stspin240_init
 .text.motordata
                0x080042c0      0x1bc ./Core/Src/main.o
                0x080042c0                motordata
 .text.Error_Handler
                0x0800447c        0xc ./Core/Src/main.o
                0x0800447c                Error_Handler
 .text.HAL_MspInit
                0x08004488       0x50 ./Core/Src/stm32g0xx_hal_msp.o
                0x08004488                HAL_MspInit
 .text.HAL_ADC_MspInit
                0x080044d8       0xe8 ./Core/Src/stm32g0xx_hal_msp.o
                0x080044d8                HAL_ADC_MspInit
 .text.HAL_TIM_Base_MspInit
                0x080045c0       0x3c ./Core/Src/stm32g0xx_hal_msp.o
                0x080045c0                HAL_TIM_Base_MspInit
 .text.HAL_TIM_MspPostInit
                0x080045fc       0x7c ./Core/Src/stm32g0xx_hal_msp.o
                0x080045fc                HAL_TIM_MspPostInit
 .text.NMI_Handler
                0x08004678        0x8 ./Core/Src/stm32g0xx_it.o
                0x08004678                NMI_Handler
 .text.HardFault_Handler
                0x08004680        0x8 ./Core/Src/stm32g0xx_it.o
                0x08004680                HardFault_Handler
 .text.SVC_Handler
                0x08004688        0xa ./Core/Src/stm32g0xx_it.o
                0x08004688                SVC_Handler
 .text.PendSV_Handler
                0x08004692        0xa ./Core/Src/stm32g0xx_it.o
                0x08004692                PendSV_Handler
 .text.SysTick_Handler
                0x0800469c        0xe ./Core/Src/stm32g0xx_it.o
                0x0800469c                SysTick_Handler
 *fill*         0x080046aa        0x2 
 .text.EXTI0_1_IRQHandler
                0x080046ac       0x4c ./Core/Src/stm32g0xx_it.o
                0x080046ac                EXTI0_1_IRQHandler
 .text.EXTI2_3_IRQHandler
                0x080046f8       0x10 ./Core/Src/stm32g0xx_it.o
                0x080046f8                EXTI2_3_IRQHandler
 .text.EXTI4_15_IRQHandler
                0x08004708       0x18 ./Core/Src/stm32g0xx_it.o
                0x08004708                EXTI4_15_IRQHandler
 .text.DMA1_Channel1_IRQHandler
                0x08004720       0x18 ./Core/Src/stm32g0xx_it.o
                0x08004720                DMA1_Channel1_IRQHandler
 .text.BSP_SPI1_Init
                0x08004738       0x60 ./Core/Src/stm32g0xx_nucleo_bus.o
                0x08004738                BSP_SPI1_Init
 .text.BSP_SPI1_SendRecv
                0x08004798       0x40 ./Core/Src/stm32g0xx_nucleo_bus.o
                0x08004798                BSP_SPI1_SendRecv
 .text.BSP_GetTick
                0x080047d8       0x10 ./Core/Src/stm32g0xx_nucleo_bus.o
                0x080047d8                BSP_GetTick
 .text.MX_SPI1_Init
                0x080047e8       0x90 ./Core/Src/stm32g0xx_nucleo_bus.o
                0x080047e8                MX_SPI1_Init
 .text.SPI1_MspInit
                0x08004878       0xd0 ./Core/Src/stm32g0xx_nucleo_bus.o
 .text._getpid  0x08004948        0xc ./Core/Src/syscalls.o
                0x08004948                _getpid
 .text._kill    0x08004954       0x20 ./Core/Src/syscalls.o
                0x08004954                _kill
 .text._exit    0x08004974       0x1a ./Core/Src/syscalls.o
                0x08004974                _exit
 .text._read    0x0800498e       0x3a ./Core/Src/syscalls.o
                0x0800498e                _read
 .text._write   0x080049c8       0x38 ./Core/Src/syscalls.o
                0x080049c8                _write
 .text._close   0x08004a00       0x14 ./Core/Src/syscalls.o
                0x08004a00                _close
 .text._fstat   0x08004a14       0x1c ./Core/Src/syscalls.o
                0x08004a14                _fstat
 .text._isatty  0x08004a30       0x12 ./Core/Src/syscalls.o
                0x08004a30                _isatty
 .text._lseek   0x08004a42       0x16 ./Core/Src/syscalls.o
                0x08004a42                _lseek
 .text._sbrk    0x08004a58       0x6c ./Core/Src/sysmem.o
                0x08004a58                _sbrk
 .text.SystemInit
                0x08004ac4        0xa ./Core/Src/system_stm32g0xx.o
                0x08004ac4                SystemInit
 *fill*         0x08004ace        0x2 
 .text.Reset_Handler
                0x08004ad0       0x50 ./Core/Startup/startup_stm32g070rbtx.o
                0x08004ad0                Reset_Handler
 .text.Default_Handler
                0x08004b20        0x2 ./Core/Startup/startup_stm32g070rbtx.o
                0x08004b20                TIM1_CC_IRQHandler
                0x08004b20                TIM6_IRQHandler
                0x08004b20                I2C1_IRQHandler
                0x08004b20                RTC_TAMP_IRQHandler
                0x08004b20                SPI1_IRQHandler
                0x08004b20                USART3_4_IRQHandler
                0x08004b20                ADC1_IRQHandler
                0x08004b20                I2C2_IRQHandler
                0x08004b20                TIM17_IRQHandler
                0x08004b20                TIM16_IRQHandler
                0x08004b20                TIM3_IRQHandler
                0x08004b20                RCC_IRQHandler
                0x08004b20                Default_Handler
                0x08004b20                TIM14_IRQHandler
                0x08004b20                TIM7_IRQHandler
                0x08004b20                TIM15_IRQHandler
                0x08004b20                SPI2_IRQHandler
                0x08004b20                WWDG_IRQHandler
                0x08004b20                DMA1_Ch4_7_DMAMUX1_OVR_IRQHandler
                0x08004b20                DMA1_Channel2_3_IRQHandler
                0x08004b20                USART2_IRQHandler
                0x08004b20                FLASH_IRQHandler
                0x08004b20                USART1_IRQHandler
                0x08004b20                TIM1_BRK_UP_TRG_COM_IRQHandler
 *fill*         0x08004b22        0x2 
 .text.BSP_LED_Init
                0x08004b24       0x28 ./Drivers/BSP/STM32G0xx_Nucleo/stm32g0xx_nucleo.o
                0x08004b24                BSP_LED_Init
 .text.BSP_LED_Toggle
                0x08004b4c       0x30 ./Drivers/BSP/STM32G0xx_Nucleo/stm32g0xx_nucleo.o
                0x08004b4c                BSP_LED_Toggle
 .text.LED_USER_GPIO_Init
                0x08004b7c       0x88 ./Drivers/BSP/STM32G0xx_Nucleo/stm32g0xx_nucleo.o
 .text.BSP_PB_Init
                0x08004c04       0xc0 ./Drivers/BSP/STM32G0xx_Nucleo/stm32g0xx_nucleo.o
                0x08004c04                BSP_PB_Init
 .text.BSP_PB_Callback
                0x08004cc4       0x14 ./Drivers/BSP/STM32G0xx_Nucleo/stm32g0xx_nucleo.o
                0x08004cc4                BSP_PB_Callback
 .text.BUTTON_USER_EXTI_Callback
                0x08004cd8       0x10 ./Drivers/BSP/STM32G0xx_Nucleo/stm32g0xx_nucleo.o
 .text.BUTTON_USER_GPIO_Init
                0x08004ce8       0x78 ./Drivers/BSP/STM32G0xx_Nucleo/stm32g0xx_nucleo.o
 .text.BSP_COM_Init
                0x08004d60       0x78 ./Drivers/BSP/STM32G0xx_Nucleo/stm32g0xx_nucleo.o
                0x08004d60                BSP_COM_Init
 .text.MX_USART2_UART_Init
                0x08004dd8       0xb8 ./Drivers/BSP/STM32G0xx_Nucleo/stm32g0xx_nucleo.o
                0x08004dd8                MX_USART2_UART_Init
 .text.__io_putchar
                0x08004e90       0x34 ./Drivers/BSP/STM32G0xx_Nucleo/stm32g0xx_nucleo.o
                0x08004e90                __io_putchar
 .text.USART2_MspInit
                0x08004ec4       0xc8 ./Drivers/BSP/STM32G0xx_Nucleo/stm32g0xx_nucleo.o
 .text.HAL_Init
                0x08004f8c       0x40 ./Drivers/STM32G0xx_HAL_Driver/Src/stm32g0xx_hal.o
                0x08004f8c                HAL_Init
 .text.HAL_InitTick
                0x08004fcc       0x94 ./Drivers/STM32G0xx_HAL_Driver/Src/stm32g0xx_hal.o
                0x08004fcc                HAL_InitTick
 .text.HAL_IncTick
                0x08005060       0x24 ./Drivers/STM32G0xx_HAL_Driver/Src/stm32g0xx_hal.o
                0x08005060                HAL_IncTick
 .text.HAL_GetTick
                0x08005084       0x14 ./Drivers/STM32G0xx_HAL_Driver/Src/stm32g0xx_hal.o
                0x08005084                HAL_GetTick
 .text.HAL_Delay
                0x08005098       0x48 ./Drivers/STM32G0xx_HAL_Driver/Src/stm32g0xx_hal.o
                0x08005098                HAL_Delay
 .text.HAL_SYSCFG_StrobeDBattpinsConfig
                0x080050e0       0x2c ./Drivers/STM32G0xx_HAL_Driver/Src/stm32g0xx_hal.o
                0x080050e0                HAL_SYSCFG_StrobeDBattpinsConfig
 .text.LL_ADC_SetCommonPathInternalCh
                0x0800510c       0x28 ./Drivers/STM32G0xx_HAL_Driver/Src/stm32g0xx_hal_adc.o
 .text.LL_ADC_GetCommonPathInternalCh
                0x08005134       0x1a ./Drivers/STM32G0xx_HAL_Driver/Src/stm32g0xx_hal_adc.o
 .text.LL_ADC_SetSamplingTimeCommonChannels
                0x0800514e       0x3a ./Drivers/STM32G0xx_HAL_Driver/Src/stm32g0xx_hal_adc.o
 .text.LL_ADC_GetSamplingTimeCommonChannels
                0x08005188       0x2e ./Drivers/STM32G0xx_HAL_Driver/Src/stm32g0xx_hal_adc.o
 .text.LL_ADC_REG_IsTriggerSourceSWStart
                0x080051b6       0x22 ./Drivers/STM32G0xx_HAL_Driver/Src/stm32g0xx_hal_adc.o
 .text.LL_ADC_REG_SetSequencerRanks
                0x080051d8       0x40 ./Drivers/STM32G0xx_HAL_Driver/Src/stm32g0xx_hal_adc.o
 .text.LL_ADC_REG_SetSequencerChAdd
                0x08005218       0x22 ./Drivers/STM32G0xx_HAL_Driver/Src/stm32g0xx_hal_adc.o
 .text.LL_ADC_REG_SetSequencerChRem
                0x0800523a       0x24 ./Drivers/STM32G0xx_HAL_Driver/Src/stm32g0xx_hal_adc.o
 *fill*         0x0800525e        0x2 
 .text.LL_ADC_SetChannelSamplingTime
                0x08005260       0x38 ./Drivers/STM32G0xx_HAL_Driver/Src/stm32g0xx_hal_adc.o
 .text.LL_ADC_EnableInternalRegulator
                0x08005298       0x28 ./Drivers/STM32G0xx_HAL_Driver/Src/stm32g0xx_hal_adc.o
 .text.LL_ADC_IsInternalRegulatorEnabled
                0x080052c0       0x28 ./Drivers/STM32G0xx_HAL_Driver/Src/stm32g0xx_hal_adc.o
 .text.LL_ADC_Enable
                0x080052e8       0x24 ./Drivers/STM32G0xx_HAL_Driver/Src/stm32g0xx_hal_adc.o
 .text.LL_ADC_Disable
                0x0800530c       0x24 ./Drivers/STM32G0xx_HAL_Driver/Src/stm32g0xx_hal_adc.o
 .text.LL_ADC_IsEnabled
                0x08005330       0x22 ./Drivers/STM32G0xx_HAL_Driver/Src/stm32g0xx_hal_adc.o
 *fill*         0x08005352        0x2 
 .text.LL_ADC_REG_StartConversion
                0x08005354       0x24 ./Drivers/STM32G0xx_HAL_Driver/Src/stm32g0xx_hal_adc.o
 .text.LL_ADC_REG_IsConversionOngoing
                0x08005378       0x22 ./Drivers/STM32G0xx_HAL_Driver/Src/stm32g0xx_hal_adc.o
 *fill*         0x0800539a        0x2 
 .text.HAL_ADC_Init
                0x0800539c      0x350 ./Drivers/STM32G0xx_HAL_Driver/Src/stm32g0xx_hal_adc.o
                0x0800539c                HAL_ADC_Init
 .text.HAL_ADC_Start_DMA
                0x080056ec      0x11c ./Drivers/STM32G0xx_HAL_Driver/Src/stm32g0xx_hal_adc.o
                0x080056ec                HAL_ADC_Start_DMA
 .text.HAL_ADC_ConvHalfCpltCallback
                0x08005808       0x10 ./Drivers/STM32G0xx_HAL_Driver/Src/stm32g0xx_hal_adc.o
                0x08005808                HAL_ADC_ConvHalfCpltCallback
 .text.HAL_ADC_ErrorCallback
                0x08005818       0x10 ./Drivers/STM32G0xx_HAL_Driver/Src/stm32g0xx_hal_adc.o
                0x08005818                HAL_ADC_ErrorCallback
 .text.HAL_ADC_ConfigChannel
                0x08005828      0x3b0 ./Drivers/STM32G0xx_HAL_Driver/Src/stm32g0xx_hal_adc.o
                0x08005828                HAL_ADC_ConfigChannel
 .text.ADC_Enable
                0x08005bd8      0x10c ./Drivers/STM32G0xx_HAL_Driver/Src/stm32g0xx_hal_adc.o
                0x08005bd8                ADC_Enable
 .text.ADC_DMAConvCplt
                0x08005ce4       0xc8 ./Drivers/STM32G0xx_HAL_Driver/Src/stm32g0xx_hal_adc.o
 .text.ADC_DMAHalfConvCplt
                0x08005dac       0x1e ./Drivers/STM32G0xx_HAL_Driver/Src/stm32g0xx_hal_adc.o
 .text.ADC_DMAError
                0x08005dca       0x36 ./Drivers/STM32G0xx_HAL_Driver/Src/stm32g0xx_hal_adc.o
 .text.__NVIC_EnableIRQ
                0x08005e00       0x34 ./Drivers/STM32G0xx_HAL_Driver/Src/stm32g0xx_hal_cortex.o
 .text.__NVIC_DisableIRQ
                0x08005e34       0x44 ./Drivers/STM32G0xx_HAL_Driver/Src/stm32g0xx_hal_cortex.o
 .text.__NVIC_SetPriority
                0x08005e78       0xdc ./Drivers/STM32G0xx_HAL_Driver/Src/stm32g0xx_hal_cortex.o
 .text.SysTick_Config
                0x08005f54       0x48 ./Drivers/STM32G0xx_HAL_Driver/Src/stm32g0xx_hal_cortex.o
 .text.HAL_NVIC_SetPriority
                0x08005f9c       0x2a ./Drivers/STM32G0xx_HAL_Driver/Src/stm32g0xx_hal_cortex.o
                0x08005f9c                HAL_NVIC_SetPriority
 .text.HAL_NVIC_EnableIRQ
                0x08005fc6       0x20 ./Drivers/STM32G0xx_HAL_Driver/Src/stm32g0xx_hal_cortex.o
                0x08005fc6                HAL_NVIC_EnableIRQ
 .text.HAL_NVIC_DisableIRQ
                0x08005fe6       0x20 ./Drivers/STM32G0xx_HAL_Driver/Src/stm32g0xx_hal_cortex.o
                0x08005fe6                HAL_NVIC_DisableIRQ
 .text.HAL_SYSTICK_Config
                0x08006006       0x1a ./Drivers/STM32G0xx_HAL_Driver/Src/stm32g0xx_hal_cortex.o
                0x08006006                HAL_SYSTICK_Config
 .text.HAL_DMA_Init
                0x08006020      0x114 ./Drivers/STM32G0xx_HAL_Driver/Src/stm32g0xx_hal_dma.o
                0x08006020                HAL_DMA_Init
 .text.HAL_DMA_Start_IT
                0x08006134      0x10c ./Drivers/STM32G0xx_HAL_Driver/Src/stm32g0xx_hal_dma.o
                0x08006134                HAL_DMA_Start_IT
 .text.HAL_DMA_IRQHandler
                0x08006240      0x164 ./Drivers/STM32G0xx_HAL_Driver/Src/stm32g0xx_hal_dma.o
                0x08006240                HAL_DMA_IRQHandler
 .text.DMA_SetConfig
                0x080063a4       0x80 ./Drivers/STM32G0xx_HAL_Driver/Src/stm32g0xx_hal_dma.o
 .text.DMA_CalcDMAMUXChannelBaseAndMask
                0x08006424       0x58 ./Drivers/STM32G0xx_HAL_Driver/Src/stm32g0xx_hal_dma.o
 .text.DMA_CalcDMAMUXRequestGenBaseAndMask
                0x0800647c       0x48 ./Drivers/STM32G0xx_HAL_Driver/Src/stm32g0xx_hal_dma.o
 .text.HAL_EXTI_RegisterCallback
                0x080064c4       0x64 ./Drivers/STM32G0xx_HAL_Driver/Src/stm32g0xx_hal_exti.o
                0x080064c4                HAL_EXTI_RegisterCallback
 .text.HAL_EXTI_GetHandle
                0x08006528       0x24 ./Drivers/STM32G0xx_HAL_Driver/Src/stm32g0xx_hal_exti.o
                0x08006528                HAL_EXTI_GetHandle
 .text.HAL_EXTI_IRQHandler
                0x0800654c       0x94 ./Drivers/STM32G0xx_HAL_Driver/Src/stm32g0xx_hal_exti.o
                0x0800654c                HAL_EXTI_IRQHandler
 .text.HAL_GPIO_Init
                0x080065e0      0x2c8 ./Drivers/STM32G0xx_HAL_Driver/Src/stm32g0xx_hal_gpio.o
                0x080065e0                HAL_GPIO_Init
 .text.HAL_GPIO_DeInit
                0x080068a8      0x1a0 ./Drivers/STM32G0xx_HAL_Driver/Src/stm32g0xx_hal_gpio.o
                0x080068a8                HAL_GPIO_DeInit
 .text.HAL_GPIO_ReadPin
                0x08006a48       0x3a ./Drivers/STM32G0xx_HAL_Driver/Src/stm32g0xx_hal_gpio.o
                0x08006a48                HAL_GPIO_ReadPin
 .text.HAL_GPIO_WritePin
                0x08006a82       0x3a ./Drivers/STM32G0xx_HAL_Driver/Src/stm32g0xx_hal_gpio.o
                0x08006a82                HAL_GPIO_WritePin
 .text.HAL_GPIO_TogglePin
                0x08006abc       0x36 ./Drivers/STM32G0xx_HAL_Driver/Src/stm32g0xx_hal_gpio.o
                0x08006abc                HAL_GPIO_TogglePin
 *fill*         0x08006af2        0x2 
 .text.HAL_GPIO_EXTI_IRQHandler
                0x08006af4       0x54 ./Drivers/STM32G0xx_HAL_Driver/Src/stm32g0xx_hal_gpio.o
                0x08006af4                HAL_GPIO_EXTI_IRQHandler
 .text.HAL_GPIO_EXTI_Rising_Callback
                0x08006b48       0x14 ./Drivers/STM32G0xx_HAL_Driver/Src/stm32g0xx_hal_gpio.o
                0x08006b48                HAL_GPIO_EXTI_Rising_Callback
 .text.HAL_GPIO_EXTI_Falling_Callback
                0x08006b5c       0x14 ./Drivers/STM32G0xx_HAL_Driver/Src/stm32g0xx_hal_gpio.o
                0x08006b5c                HAL_GPIO_EXTI_Falling_Callback
 .text.HAL_PWREx_ControlVoltageScaling
                0x08006b70       0x80 ./Drivers/STM32G0xx_HAL_Driver/Src/stm32g0xx_hal_pwr_ex.o
                0x08006b70                HAL_PWREx_ControlVoltageScaling
 .text.LL_RCC_GetAPB1Prescaler
                0x08006bf0       0x18 ./Drivers/STM32G0xx_HAL_Driver/Src/stm32g0xx_hal_rcc.o
 .text.HAL_RCC_OscConfig
                0x08006c08      0x620 ./Drivers/STM32G0xx_HAL_Driver/Src/stm32g0xx_hal_rcc.o
                0x08006c08                HAL_RCC_OscConfig
 .text.HAL_RCC_ClockConfig
                0x08007228      0x210 ./Drivers/STM32G0xx_HAL_Driver/Src/stm32g0xx_hal_rcc.o
                0x08007228                HAL_RCC_ClockConfig
 .text.HAL_RCC_GetSysClockFreq
                0x08007438      0x104 ./Drivers/STM32G0xx_HAL_Driver/Src/stm32g0xx_hal_rcc.o
                0x08007438                HAL_RCC_GetSysClockFreq
 .text.HAL_RCC_GetHCLKFreq
                0x0800753c       0x14 ./Drivers/STM32G0xx_HAL_Driver/Src/stm32g0xx_hal_rcc.o
                0x0800753c                HAL_RCC_GetHCLKFreq
 .text.HAL_RCC_GetPCLK1Freq
                0x08007550       0x2c ./Drivers/STM32G0xx_HAL_Driver/Src/stm32g0xx_hal_rcc.o
                0x08007550                HAL_RCC_GetPCLK1Freq
 .text.HAL_RCCEx_PeriphCLKConfig
                0x0800757c      0x268 ./Drivers/STM32G0xx_HAL_Driver/Src/stm32g0xx_hal_rcc_ex.o
                0x0800757c                HAL_RCCEx_PeriphCLKConfig
 .text.HAL_SPI_Init
                0x080077e4      0x170 ./Drivers/STM32G0xx_HAL_Driver/Src/stm32g0xx_hal_spi.o
                0x080077e4                HAL_SPI_Init
 .text.HAL_SPI_MspInit
                0x08007954       0x10 ./Drivers/STM32G0xx_HAL_Driver/Src/stm32g0xx_hal_spi.o
                0x08007954                HAL_SPI_MspInit
 .text.HAL_SPI_TransmitReceive
                0x08007964      0x3c4 ./Drivers/STM32G0xx_HAL_Driver/Src/stm32g0xx_hal_spi.o
                0x08007964                HAL_SPI_TransmitReceive
 .text.HAL_SPI_GetState
                0x08007d28       0x18 ./Drivers/STM32G0xx_HAL_Driver/Src/stm32g0xx_hal_spi.o
                0x08007d28                HAL_SPI_GetState
 .text.SPI_WaitFlagStateUntilTimeout
                0x08007d40      0x11c ./Drivers/STM32G0xx_HAL_Driver/Src/stm32g0xx_hal_spi.o
 .text.SPI_WaitFifoStateUntilTimeout
                0x08007e5c      0x144 ./Drivers/STM32G0xx_HAL_Driver/Src/stm32g0xx_hal_spi.o
 .text.SPI_EndRxTxTransaction
                0x08007fa0       0x8c ./Drivers/STM32G0xx_HAL_Driver/Src/stm32g0xx_hal_spi.o
 .text.HAL_TIM_Base_Init
                0x0800802c       0xb0 ./Drivers/STM32G0xx_HAL_Driver/Src/stm32g0xx_hal_tim.o
                0x0800802c                HAL_TIM_Base_Init
 .text.HAL_TIM_PWM_Init
                0x080080dc       0xb0 ./Drivers/STM32G0xx_HAL_Driver/Src/stm32g0xx_hal_tim.o
                0x080080dc                HAL_TIM_PWM_Init
 .text.HAL_TIM_PWM_MspInit
                0x0800818c       0x10 ./Drivers/STM32G0xx_HAL_Driver/Src/stm32g0xx_hal_tim.o
                0x0800818c                HAL_TIM_PWM_MspInit
 .text.HAL_TIM_PWM_Start
                0x0800819c      0x1c8 ./Drivers/STM32G0xx_HAL_Driver/Src/stm32g0xx_hal_tim.o
                0x0800819c                HAL_TIM_PWM_Start
 .text.HAL_TIM_PWM_ConfigChannel
                0x08008364      0x200 ./Drivers/STM32G0xx_HAL_Driver/Src/stm32g0xx_hal_tim.o
                0x08008364                HAL_TIM_PWM_ConfigChannel
 .text.HAL_TIM_ConfigClockSource
                0x08008564      0x1ac ./Drivers/STM32G0xx_HAL_Driver/Src/stm32g0xx_hal_tim.o
                0x08008564                HAL_TIM_ConfigClockSource
 .text.TIM_Base_SetConfig
                0x08008710      0x108 ./Drivers/STM32G0xx_HAL_Driver/Src/stm32g0xx_hal_tim.o
                0x08008710                TIM_Base_SetConfig
 .text.TIM_OC1_SetConfig
                0x08008818      0x114 ./Drivers/STM32G0xx_HAL_Driver/Src/stm32g0xx_hal_tim.o
 .text.TIM_OC2_SetConfig
                0x0800892c      0x108 ./Drivers/STM32G0xx_HAL_Driver/Src/stm32g0xx_hal_tim.o
                0x0800892c                TIM_OC2_SetConfig
 .text.TIM_OC3_SetConfig
                0x08008a34      0x110 ./Drivers/STM32G0xx_HAL_Driver/Src/stm32g0xx_hal_tim.o
 .text.TIM_OC4_SetConfig
                0x08008b44       0xd4 ./Drivers/STM32G0xx_HAL_Driver/Src/stm32g0xx_hal_tim.o
 .text.TIM_OC5_SetConfig
                0x08008c18       0xc0 ./Drivers/STM32G0xx_HAL_Driver/Src/stm32g0xx_hal_tim.o
 .text.TIM_OC6_SetConfig
                0x08008cd8       0xc8 ./Drivers/STM32G0xx_HAL_Driver/Src/stm32g0xx_hal_tim.o
 .text.TIM_TI1_ConfigInputStage
                0x08008da0       0x5c ./Drivers/STM32G0xx_HAL_Driver/Src/stm32g0xx_hal_tim.o
 .text.TIM_TI2_ConfigInputStage
                0x08008dfc       0x64 ./Drivers/STM32G0xx_HAL_Driver/Src/stm32g0xx_hal_tim.o
 .text.TIM_ITRx_SetConfig
                0x08008e60       0x38 ./Drivers/STM32G0xx_HAL_Driver/Src/stm32g0xx_hal_tim.o
 .text.TIM_ETR_SetConfig
                0x08008e98       0x40 ./Drivers/STM32G0xx_HAL_Driver/Src/stm32g0xx_hal_tim.o
                0x08008e98                TIM_ETR_SetConfig
 .text.TIM_CCxChannelCmd
                0x08008ed8       0x46 ./Drivers/STM32G0xx_HAL_Driver/Src/stm32g0xx_hal_tim.o
                0x08008ed8                TIM_CCxChannelCmd
 *fill*         0x08008f1e        0x2 
 .text.HAL_TIMEx_MasterConfigSynchronization
                0x08008f20       0xd0 ./Drivers/STM32G0xx_HAL_Driver/Src/stm32g0xx_hal_tim_ex.o
                0x08008f20                HAL_TIMEx_MasterConfigSynchronization
 .text.HAL_UART_Init
                0x08008ff0       0xac ./Drivers/STM32G0xx_HAL_Driver/Src/stm32g0xx_hal_uart.o
                0x08008ff0                HAL_UART_Init
 .text.HAL_UART_MspInit
                0x0800909c       0x10 ./Drivers/STM32G0xx_HAL_Driver/Src/stm32g0xx_hal_uart.o
                0x0800909c                HAL_UART_MspInit
 .text.HAL_UART_Transmit
                0x080090ac      0x148 ./Drivers/STM32G0xx_HAL_Driver/Src/stm32g0xx_hal_uart.o
                0x080090ac                HAL_UART_Transmit
 .text.UART_SetConfig
                0x080091f4      0x348 ./Drivers/STM32G0xx_HAL_Driver/Src/stm32g0xx_hal_uart.o
                0x080091f4                UART_SetConfig
 .text.UART_AdvFeatureConfig
                0x0800953c      0x168 ./Drivers/STM32G0xx_HAL_Driver/Src/stm32g0xx_hal_uart.o
                0x0800953c                UART_AdvFeatureConfig
 .text.UART_CheckIdleState
                0x080096a4      0x154 ./Drivers/STM32G0xx_HAL_Driver/Src/stm32g0xx_hal_uart.o
                0x080096a4                UART_CheckIdleState
 .text.UART_WaitOnFlagUntilTimeout
                0x080097f8       0xde ./Drivers/STM32G0xx_HAL_Driver/Src/stm32g0xx_hal_uart.o
                0x080097f8                UART_WaitOnFlagUntilTimeout
 *fill*         0x080098d6        0x2 
 .text.UART_EndRxTransfer
                0x080098d8       0xcc ./Drivers/STM32G0xx_HAL_Driver/Src/stm32g0xx_hal_uart.o
 .text.HAL_UARTEx_DisableFifoMode
                0x080099a4       0x74 ./Drivers/STM32G0xx_HAL_Driver/Src/stm32g0xx_hal_uart_ex.o
                0x080099a4                HAL_UARTEx_DisableFifoMode
 .text.HAL_UARTEx_SetTxFifoThreshold
                0x08009a18       0x7e ./Drivers/STM32G0xx_HAL_Driver/Src/stm32g0xx_hal_uart_ex.o
                0x08009a18                HAL_UARTEx_SetTxFifoThreshold
 *fill*         0x08009a96        0x2 
 .text.HAL_UARTEx_SetRxFifoThreshold
                0x08009a98       0x84 ./Drivers/STM32G0xx_HAL_Driver/Src/stm32g0xx_hal_uart_ex.o
                0x08009a98                HAL_UARTEx_SetRxFifoThreshold
 .text.UARTEx_SetNbDataToProcess
                0x08009b1c       0xbc ./Drivers/STM32G0xx_HAL_Driver/Src/stm32g0xx_hal_uart_ex.o
 .text.hci_disconnection_complete_event_process
                0x08009bd8       0x3a ./Middlewares/ST/BlueNRG-2/hci/bluenrg1_events.o
                0x08009bd8                hci_disconnection_complete_event_process
 .text.hci_encryption_change_event_process
                0x08009c12       0x3a ./Middlewares/ST/BlueNRG-2/hci/bluenrg1_events.o
                0x08009c12                hci_encryption_change_event_process
 .text.hci_read_remote_version_information_complete_event_process
                0x08009c4c       0x56 ./Middlewares/ST/BlueNRG-2/hci/bluenrg1_events.o
                0x08009c4c                hci_read_remote_version_information_complete_event_process
 .text.hci_hardware_error_event_process
                0x08009ca2       0x2a ./Middlewares/ST/BlueNRG-2/hci/bluenrg1_events.o
                0x08009ca2                hci_hardware_error_event_process
 .text.hci_number_of_completed_packets_event_process
                0x08009ccc       0xce ./Middlewares/ST/BlueNRG-2/hci/bluenrg1_events.o
                0x08009ccc                hci_number_of_completed_packets_event_process
 .text.hci_data_buffer_overflow_event_process
                0x08009d9a       0x2a ./Middlewares/ST/BlueNRG-2/hci/bluenrg1_events.o
                0x08009d9a                hci_data_buffer_overflow_event_process
 .text.hci_encryption_key_refresh_complete_event_process
                0x08009dc4       0x36 ./Middlewares/ST/BlueNRG-2/hci/bluenrg1_events.o
                0x08009dc4                hci_encryption_key_refresh_complete_event_process
 .text.aci_blue_initialized_event_process
                0x08009dfa       0x2a ./Middlewares/ST/BlueNRG-2/hci/bluenrg1_events.o
                0x08009dfa                aci_blue_initialized_event_process
 .text.aci_blue_events_lost_event_process
                0x08009e24       0x28 ./Middlewares/ST/BlueNRG-2/hci/bluenrg1_events.o
                0x08009e24                aci_blue_events_lost_event_process
 .text.aci_blue_crash_info_event_process
                0x08009e4c      0x144 ./Middlewares/ST/BlueNRG-2/hci/bluenrg1_events.o
                0x08009e4c                aci_blue_crash_info_event_process
 .text.aci_hal_end_of_radio_activity_event_process
                0x08009f90       0x46 ./Middlewares/ST/BlueNRG-2/hci/bluenrg1_events.o
                0x08009f90                aci_hal_end_of_radio_activity_event_process
 .text.aci_hal_scan_req_report_event_process
                0x08009fd6       0x34 ./Middlewares/ST/BlueNRG-2/hci/bluenrg1_events.o
                0x08009fd6                aci_hal_scan_req_report_event_process
 .text.aci_hal_fw_error_event_process
                0x0800a00a       0x32 ./Middlewares/ST/BlueNRG-2/hci/bluenrg1_events.o
                0x0800a00a                aci_hal_fw_error_event_process
 .text.aci_gap_limited_discoverable_event_process
                0x0800a03c       0x20 ./Middlewares/ST/BlueNRG-2/hci/bluenrg1_events.o
                0x0800a03c                aci_gap_limited_discoverable_event_process
 .text.aci_gap_pairing_complete_event_process
                0x0800a05c       0x3a ./Middlewares/ST/BlueNRG-2/hci/bluenrg1_events.o
                0x0800a05c                aci_gap_pairing_complete_event_process
 .text.aci_gap_pass_key_req_event_process
                0x0800a096       0x32 ./Middlewares/ST/BlueNRG-2/hci/bluenrg1_events.o
                0x0800a096                aci_gap_pass_key_req_event_process
 .text.aci_gap_authorization_req_event_process
                0x0800a0c8       0x32 ./Middlewares/ST/BlueNRG-2/hci/bluenrg1_events.o
                0x0800a0c8                aci_gap_authorization_req_event_process
 .text.aci_gap_slave_security_initiated_event_process
                0x0800a0fa       0x20 ./Middlewares/ST/BlueNRG-2/hci/bluenrg1_events.o
                0x0800a0fa                aci_gap_slave_security_initiated_event_process
 .text.aci_gap_bond_lost_event_process
                0x0800a11a       0x20 ./Middlewares/ST/BlueNRG-2/hci/bluenrg1_events.o
                0x0800a11a                aci_gap_bond_lost_event_process
 .text.aci_gap_proc_complete_event_process
                0x0800a13a       0x34 ./Middlewares/ST/BlueNRG-2/hci/bluenrg1_events.o
                0x0800a13a                aci_gap_proc_complete_event_process
 .text.aci_gap_addr_not_resolved_event_process
                0x0800a16e       0x32 ./Middlewares/ST/BlueNRG-2/hci/bluenrg1_events.o
                0x0800a16e                aci_gap_addr_not_resolved_event_process
 .text.aci_gap_numeric_comparison_value_event_process
                0x0800a1a0       0x48 ./Middlewares/ST/BlueNRG-2/hci/bluenrg1_events.o
                0x0800a1a0                aci_gap_numeric_comparison_value_event_process
 .text.aci_gap_keypress_notification_event_process
                0x0800a1e8       0x38 ./Middlewares/ST/BlueNRG-2/hci/bluenrg1_events.o
                0x0800a1e8                aci_gap_keypress_notification_event_process
 .text.aci_l2cap_connection_update_resp_event_process
                0x0800a220       0x3e ./Middlewares/ST/BlueNRG-2/hci/bluenrg1_events.o
                0x0800a220                aci_l2cap_connection_update_resp_event_process
 .text.aci_l2cap_proc_timeout_event_process
                0x0800a25e       0x3a ./Middlewares/ST/BlueNRG-2/hci/bluenrg1_events.o
                0x0800a25e                aci_l2cap_proc_timeout_event_process
 .text.aci_l2cap_connection_update_req_event_process
                0x0800a298       0x82 ./Middlewares/ST/BlueNRG-2/hci/bluenrg1_events.o
                0x0800a298                aci_l2cap_connection_update_req_event_process
 .text.aci_l2cap_command_reject_event_process
                0x0800a31a       0x4c ./Middlewares/ST/BlueNRG-2/hci/bluenrg1_events.o
                0x0800a31a                aci_l2cap_command_reject_event_process
 .text.aci_gatt_attribute_modified_event_process
                0x0800a366       0x5e ./Middlewares/ST/BlueNRG-2/hci/bluenrg1_events.o
                0x0800a366                aci_gatt_attribute_modified_event_process
 .text.aci_gatt_proc_timeout_event_process
                0x0800a3c4       0x32 ./Middlewares/ST/BlueNRG-2/hci/bluenrg1_events.o
                0x0800a3c4                aci_gatt_proc_timeout_event_process
 .text.aci_att_exchange_mtu_resp_event_process
                0x0800a3f6       0x3e ./Middlewares/ST/BlueNRG-2/hci/bluenrg1_events.o
                0x0800a3f6                aci_att_exchange_mtu_resp_event_process
 .text.aci_att_find_info_resp_event_process
                0x0800a434       0x3c ./Middlewares/ST/BlueNRG-2/hci/bluenrg1_events.o
                0x0800a434                aci_att_find_info_resp_event_process
 .text.aci_att_find_by_type_value_resp_event_process
                0x0800a470       0xda ./Middlewares/ST/BlueNRG-2/hci/bluenrg1_events.o
                0x0800a470                aci_att_find_by_type_value_resp_event_process
 .text.aci_att_read_by_type_resp_event_process
                0x0800a54a       0x3c ./Middlewares/ST/BlueNRG-2/hci/bluenrg1_events.o
                0x0800a54a                aci_att_read_by_type_resp_event_process
 .text.aci_att_read_resp_event_process
                0x0800a586       0x3a ./Middlewares/ST/BlueNRG-2/hci/bluenrg1_events.o
                0x0800a586                aci_att_read_resp_event_process
 .text.aci_att_read_blob_resp_event_process
                0x0800a5c0       0x3a ./Middlewares/ST/BlueNRG-2/hci/bluenrg1_events.o
                0x0800a5c0                aci_att_read_blob_resp_event_process
 .text.aci_att_read_multiple_resp_event_process
                0x0800a5fa       0x3a ./Middlewares/ST/BlueNRG-2/hci/bluenrg1_events.o
                0x0800a5fa                aci_att_read_multiple_resp_event_process
 .text.aci_att_read_by_group_type_resp_event_process
                0x0800a634       0x3c ./Middlewares/ST/BlueNRG-2/hci/bluenrg1_events.o
                0x0800a634                aci_att_read_by_group_type_resp_event_process
 .text.aci_att_prepare_write_resp_event_process
                0x0800a670       0x54 ./Middlewares/ST/BlueNRG-2/hci/bluenrg1_events.o
                0x0800a670                aci_att_prepare_write_resp_event_process
 .text.aci_att_exec_write_resp_event_process
                0x0800a6c4       0x32 ./Middlewares/ST/BlueNRG-2/hci/bluenrg1_events.o
                0x0800a6c4                aci_att_exec_write_resp_event_process
 .text.aci_gatt_indication_event_process
                0x0800a6f6       0x44 ./Middlewares/ST/BlueNRG-2/hci/bluenrg1_events.o
                0x0800a6f6                aci_gatt_indication_event_process
 .text.aci_gatt_notification_event_process
                0x0800a73a       0x44 ./Middlewares/ST/BlueNRG-2/hci/bluenrg1_events.o
                0x0800a73a                aci_gatt_notification_event_process
 .text.aci_gatt_proc_complete_event_process
                0x0800a77e       0x38 ./Middlewares/ST/BlueNRG-2/hci/bluenrg1_events.o
                0x0800a77e                aci_gatt_proc_complete_event_process
 .text.aci_gatt_error_resp_event_process
                0x0800a7b6       0x44 ./Middlewares/ST/BlueNRG-2/hci/bluenrg1_events.o
                0x0800a7b6                aci_gatt_error_resp_event_process
 .text.aci_gatt_disc_read_char_by_uuid_resp_event_process
                0x0800a7fa       0x44 ./Middlewares/ST/BlueNRG-2/hci/bluenrg1_events.o
                0x0800a7fa                aci_gatt_disc_read_char_by_uuid_resp_event_process
 .text.aci_gatt_write_permit_req_event_process
                0x0800a83e       0x44 ./Middlewares/ST/BlueNRG-2/hci/bluenrg1_events.o
                0x0800a83e                aci_gatt_write_permit_req_event_process
 .text.aci_gatt_read_permit_req_event_process
                0x0800a882       0x4a ./Middlewares/ST/BlueNRG-2/hci/bluenrg1_events.o
                0x0800a882                aci_gatt_read_permit_req_event_process
 .text.aci_gatt_read_multi_permit_req_event_process
                0x0800a8cc       0xa8 ./Middlewares/ST/BlueNRG-2/hci/bluenrg1_events.o
                0x0800a8cc                aci_gatt_read_multi_permit_req_event_process
 .text.aci_gatt_tx_pool_available_event_process
                0x0800a974       0x3e ./Middlewares/ST/BlueNRG-2/hci/bluenrg1_events.o
                0x0800a974                aci_gatt_tx_pool_available_event_process
 .text.aci_gatt_server_confirmation_event_process
                0x0800a9b2       0x32 ./Middlewares/ST/BlueNRG-2/hci/bluenrg1_events.o
                0x0800a9b2                aci_gatt_server_confirmation_event_process
 .text.aci_gatt_prepare_write_permit_req_event_process
                0x0800a9e4       0x54 ./Middlewares/ST/BlueNRG-2/hci/bluenrg1_events.o
                0x0800a9e4                aci_gatt_prepare_write_permit_req_event_process
 .text.hci_le_connection_complete_event_process
                0x0800aa38       0x88 ./Middlewares/ST/BlueNRG-2/hci/bluenrg1_events.o
                0x0800aa38                hci_le_connection_complete_event_process
 .text.hci_le_advertising_report_event_process
                0x0800aac0      0x1d4 ./Middlewares/ST/BlueNRG-2/hci/bluenrg1_events.o
                0x0800aac0                hci_le_advertising_report_event_process
 .text.hci_le_connection_update_complete_event_process
                0x0800ac94       0x5e ./Middlewares/ST/BlueNRG-2/hci/bluenrg1_events.o
                0x0800ac94                hci_le_connection_update_complete_event_process
 .text.hci_le_read_remote_used_features_complete_event_process
                0x0800acf2       0x3a ./Middlewares/ST/BlueNRG-2/hci/bluenrg1_events.o
                0x0800acf2                hci_le_read_remote_used_features_complete_event_process
 .text.hci_le_long_term_key_request_event_process
                0x0800ad2c       0x42 ./Middlewares/ST/BlueNRG-2/hci/bluenrg1_events.o
                0x0800ad2c                hci_le_long_term_key_request_event_process
 .text.hci_le_data_length_change_event_process
                0x0800ad6e       0x66 ./Middlewares/ST/BlueNRG-2/hci/bluenrg1_events.o
                0x0800ad6e                hci_le_data_length_change_event_process
 .text.hci_le_read_local_p256_public_key_complete_event_process
                0x0800add4       0x30 ./Middlewares/ST/BlueNRG-2/hci/bluenrg1_events.o
                0x0800add4                hci_le_read_local_p256_public_key_complete_event_process
 .text.hci_le_generate_dhkey_complete_event_process
                0x0800ae04       0x30 ./Middlewares/ST/BlueNRG-2/hci/bluenrg1_events.o
                0x0800ae04                hci_le_generate_dhkey_complete_event_process
 .text.hci_le_enhanced_connection_complete_event_process
                0x0800ae34       0xa4 ./Middlewares/ST/BlueNRG-2/hci/bluenrg1_events.o
                0x0800ae34                hci_le_enhanced_connection_complete_event_process
 .text.hci_le_direct_advertising_report_event_process
                0x0800aed8      0x17c ./Middlewares/ST/BlueNRG-2/hci/bluenrg1_events.o
                0x0800aed8                hci_le_direct_advertising_report_event_process
 .text.hci_encryption_change_event
                0x0800b054       0x34 ./Middlewares/ST/BlueNRG-2/hci/bluenrg1_events_cb.o
                0x0800b054                hci_encryption_change_event
 .text.hci_read_remote_version_information_complete_event
                0x0800b088       0x3c ./Middlewares/ST/BlueNRG-2/hci/bluenrg1_events_cb.o
                0x0800b088                hci_read_remote_version_information_complete_event
 .text.hci_hardware_error_event
                0x0800b0c4       0x20 ./Middlewares/ST/BlueNRG-2/hci/bluenrg1_events_cb.o
                0x0800b0c4                hci_hardware_error_event
 .text.hci_number_of_completed_packets_event
                0x0800b0e4       0x24 ./Middlewares/ST/BlueNRG-2/hci/bluenrg1_events_cb.o
                0x0800b0e4                hci_number_of_completed_packets_event
 .text.hci_data_buffer_overflow_event
                0x0800b108       0x20 ./Middlewares/ST/BlueNRG-2/hci/bluenrg1_events_cb.o
                0x0800b108                hci_data_buffer_overflow_event
 .text.hci_encryption_key_refresh_complete_event
                0x0800b128       0x28 ./Middlewares/ST/BlueNRG-2/hci/bluenrg1_events_cb.o
                0x0800b128                hci_encryption_key_refresh_complete_event
 .text.hci_le_connection_update_complete_event
                0x0800b150       0x3c ./Middlewares/ST/BlueNRG-2/hci/bluenrg1_events_cb.o
                0x0800b150                hci_le_connection_update_complete_event
 .text.hci_le_read_remote_used_features_complete_event
                0x0800b18c       0x28 ./Middlewares/ST/BlueNRG-2/hci/bluenrg1_events_cb.o
                0x0800b18c                hci_le_read_remote_used_features_complete_event
 .text.hci_le_long_term_key_request_event
                0x0800b1b4       0x2c ./Middlewares/ST/BlueNRG-2/hci/bluenrg1_events_cb.o
                0x0800b1b4                hci_le_long_term_key_request_event
 .text.hci_le_data_length_change_event
                0x0800b1e0       0x3c ./Middlewares/ST/BlueNRG-2/hci/bluenrg1_events_cb.o
                0x0800b1e0                hci_le_data_length_change_event
 .text.hci_le_read_local_p256_public_key_complete_event
                0x0800b21c       0x24 ./Middlewares/ST/BlueNRG-2/hci/bluenrg1_events_cb.o
                0x0800b21c                hci_le_read_local_p256_public_key_complete_event
 .text.hci_le_generate_dhkey_complete_event
                0x0800b240       0x24 ./Middlewares/ST/BlueNRG-2/hci/bluenrg1_events_cb.o
                0x0800b240                hci_le_generate_dhkey_complete_event
 .text.hci_le_enhanced_connection_complete_event
                0x0800b264       0x3c ./Middlewares/ST/BlueNRG-2/hci/bluenrg1_events_cb.o
                0x0800b264                hci_le_enhanced_connection_complete_event
 .text.hci_le_direct_advertising_report_event
                0x0800b2a0       0x24 ./Middlewares/ST/BlueNRG-2/hci/bluenrg1_events_cb.o
                0x0800b2a0                hci_le_direct_advertising_report_event
 .text.aci_gap_limited_discoverable_event
                0x0800b2c4       0x18 ./Middlewares/ST/BlueNRG-2/hci/bluenrg1_events_cb.o
                0x0800b2c4                aci_gap_limited_discoverable_event
 .text.aci_gap_pairing_complete_event
                0x0800b2dc       0x34 ./Middlewares/ST/BlueNRG-2/hci/bluenrg1_events_cb.o
                0x0800b2dc                aci_gap_pairing_complete_event
 .text.aci_gap_pass_key_req_event
                0x0800b310       0x20 ./Middlewares/ST/BlueNRG-2/hci/bluenrg1_events_cb.o
                0x0800b310                aci_gap_pass_key_req_event
 .text.aci_gap_authorization_req_event
                0x0800b330       0x20 ./Middlewares/ST/BlueNRG-2/hci/bluenrg1_events_cb.o
                0x0800b330                aci_gap_authorization_req_event
 .text.aci_gap_slave_security_initiated_event
                0x0800b350       0x18 ./Middlewares/ST/BlueNRG-2/hci/bluenrg1_events_cb.o
                0x0800b350                aci_gap_slave_security_initiated_event
 .text.aci_gap_bond_lost_event
                0x0800b368       0x18 ./Middlewares/ST/BlueNRG-2/hci/bluenrg1_events_cb.o
                0x0800b368                aci_gap_bond_lost_event
 .text.aci_gap_addr_not_resolved_event
                0x0800b380       0x20 ./Middlewares/ST/BlueNRG-2/hci/bluenrg1_events_cb.o
                0x0800b380                aci_gap_addr_not_resolved_event
 .text.aci_gap_numeric_comparison_value_event
                0x0800b3a0       0x24 ./Middlewares/ST/BlueNRG-2/hci/bluenrg1_events_cb.o
                0x0800b3a0                aci_gap_numeric_comparison_value_event
 .text.aci_gap_keypress_notification_event
                0x0800b3c4       0x28 ./Middlewares/ST/BlueNRG-2/hci/bluenrg1_events_cb.o
                0x0800b3c4                aci_gap_keypress_notification_event
 .text.aci_gatt_proc_timeout_event
                0x0800b3ec       0x20 ./Middlewares/ST/BlueNRG-2/hci/bluenrg1_events_cb.o
                0x0800b3ec                aci_gatt_proc_timeout_event
 .text.aci_att_find_info_resp_event
                0x0800b40c       0x34 ./Middlewares/ST/BlueNRG-2/hci/bluenrg1_events_cb.o
                0x0800b40c                aci_att_find_info_resp_event
 .text.aci_att_find_by_type_value_resp_event
                0x0800b440       0x28 ./Middlewares/ST/BlueNRG-2/hci/bluenrg1_events_cb.o
                0x0800b440                aci_att_find_by_type_value_resp_event
 .text.aci_att_read_by_type_resp_event
                0x0800b468       0x34 ./Middlewares/ST/BlueNRG-2/hci/bluenrg1_events_cb.o
                0x0800b468                aci_att_read_by_type_resp_event
 .text.aci_att_read_resp_event
                0x0800b49c       0x28 ./Middlewares/ST/BlueNRG-2/hci/bluenrg1_events_cb.o
                0x0800b49c                aci_att_read_resp_event
 .text.aci_att_read_blob_resp_event
                0x0800b4c4       0x28 ./Middlewares/ST/BlueNRG-2/hci/bluenrg1_events_cb.o
                0x0800b4c4                aci_att_read_blob_resp_event
 .text.aci_att_read_multiple_resp_event
                0x0800b4ec       0x28 ./Middlewares/ST/BlueNRG-2/hci/bluenrg1_events_cb.o
                0x0800b4ec                aci_att_read_multiple_resp_event
 .text.aci_att_read_by_group_type_resp_event
                0x0800b514       0x34 ./Middlewares/ST/BlueNRG-2/hci/bluenrg1_events_cb.o
                0x0800b514                aci_att_read_by_group_type_resp_event
 .text.aci_att_prepare_write_resp_event
                0x0800b548       0x3c ./Middlewares/ST/BlueNRG-2/hci/bluenrg1_events_cb.o
                0x0800b548                aci_att_prepare_write_resp_event
 .text.aci_att_exec_write_resp_event
                0x0800b584       0x20 ./Middlewares/ST/BlueNRG-2/hci/bluenrg1_events_cb.o
                0x0800b584                aci_att_exec_write_resp_event
 .text.aci_gatt_indication_event
                0x0800b5a4       0x3c ./Middlewares/ST/BlueNRG-2/hci/bluenrg1_events_cb.o
                0x0800b5a4                aci_gatt_indication_event
 .text.aci_gatt_error_resp_event
                0x0800b5e0       0x3c ./Middlewares/ST/BlueNRG-2/hci/bluenrg1_events_cb.o
                0x0800b5e0                aci_gatt_error_resp_event
 .text.aci_gatt_write_permit_req_event
                0x0800b61c       0x3c ./Middlewares/ST/BlueNRG-2/hci/bluenrg1_events_cb.o
                0x0800b61c                aci_gatt_write_permit_req_event
 .text.aci_gatt_read_permit_req_event
                0x0800b658       0x34 ./Middlewares/ST/BlueNRG-2/hci/bluenrg1_events_cb.o
                0x0800b658                aci_gatt_read_permit_req_event
 .text.aci_gatt_read_multi_permit_req_event
                0x0800b68c       0x28 ./Middlewares/ST/BlueNRG-2/hci/bluenrg1_events_cb.o
                0x0800b68c                aci_gatt_read_multi_permit_req_event
 .text.aci_gatt_server_confirmation_event
                0x0800b6b4       0x20 ./Middlewares/ST/BlueNRG-2/hci/bluenrg1_events_cb.o
                0x0800b6b4                aci_gatt_server_confirmation_event
 .text.aci_gatt_prepare_write_permit_req_event
                0x0800b6d4       0x3c ./Middlewares/ST/BlueNRG-2/hci/bluenrg1_events_cb.o
                0x0800b6d4                aci_gatt_prepare_write_permit_req_event
 .text.aci_l2cap_connection_update_resp_event
                0x0800b710       0x28 ./Middlewares/ST/BlueNRG-2/hci/bluenrg1_events_cb.o
                0x0800b710                aci_l2cap_connection_update_resp_event
 .text.aci_l2cap_proc_timeout_event
                0x0800b738       0x28 ./Middlewares/ST/BlueNRG-2/hci/bluenrg1_events_cb.o
                0x0800b738                aci_l2cap_proc_timeout_event
 .text.aci_l2cap_connection_update_req_event
                0x0800b760       0x3c ./Middlewares/ST/BlueNRG-2/hci/bluenrg1_events_cb.o
                0x0800b760                aci_l2cap_connection_update_req_event
 .text.aci_l2cap_command_reject_event
                0x0800b79c       0x3c ./Middlewares/ST/BlueNRG-2/hci/bluenrg1_events_cb.o
                0x0800b79c                aci_l2cap_command_reject_event
 .text.aci_blue_initialized_event
                0x0800b7d8       0x28 ./Middlewares/ST/BlueNRG-2/hci/bluenrg1_events_cb.o
                0x0800b7d8                aci_blue_initialized_event
 .text.aci_blue_events_lost_event
                0x0800b800       0x1c ./Middlewares/ST/BlueNRG-2/hci/bluenrg1_events_cb.o
                0x0800b800                aci_blue_events_lost_event
 .text.aci_blue_crash_info_event
                0x0800b81c       0x28 ./Middlewares/ST/BlueNRG-2/hci/bluenrg1_events_cb.o
                0x0800b81c                aci_blue_crash_info_event
 .text.aci_hal_end_of_radio_activity_event
                0x0800b844       0x28 ./Middlewares/ST/BlueNRG-2/hci/bluenrg1_events_cb.o
                0x0800b844                aci_hal_end_of_radio_activity_event
 .text.aci_hal_scan_req_report_event
                0x0800b86c       0x28 ./Middlewares/ST/BlueNRG-2/hci/bluenrg1_events_cb.o
                0x0800b86c                aci_hal_scan_req_report_event
 .text.aci_hal_fw_error_event
                0x0800b894       0x28 ./Middlewares/ST/BlueNRG-2/hci/bluenrg1_events_cb.o
                0x0800b894                aci_hal_fw_error_event
 .text.hci_reset
                0x0800b8bc       0x5e ./Middlewares/ST/BlueNRG-2/hci/bluenrg1_hci_le.o
                0x0800b8bc                hci_reset
 .text.hci_le_rand
                0x0800b91a       0x7e ./Middlewares/ST/BlueNRG-2/hci/bluenrg1_hci_le.o
                0x0800b91a                hci_le_rand
 .text.aci_gap_init
                0x0800b998      0x170 ./Middlewares/ST/BlueNRG-2/hci/controller/bluenrg1_gap_aci.o
                0x0800b998                aci_gap_init
 .text.aci_gatt_init
                0x0800bb08       0x60 ./Middlewares/ST/BlueNRG-2/hci/controller/bluenrg1_gatt_aci.o
                0x0800bb08                aci_gatt_init
 .text.aci_gatt_add_service
                0x0800bb68      0x1dc ./Middlewares/ST/BlueNRG-2/hci/controller/bluenrg1_gatt_aci.o
                0x0800bb68                aci_gatt_add_service
 .text.aci_gatt_add_char
                0x0800bd44      0x2a4 ./Middlewares/ST/BlueNRG-2/hci/controller/bluenrg1_gatt_aci.o
                0x0800bd44                aci_gatt_add_char
 .text.aci_hal_write_config_data
                0x0800bfe8      0x11c ./Middlewares/ST/BlueNRG-2/hci/controller/bluenrg1_hal_aci.o
                0x0800bfe8                aci_hal_write_config_data
 .text.aci_hal_set_tx_power_level
                0x0800c104       0xf0 ./Middlewares/ST/BlueNRG-2/hci/controller/bluenrg1_hal_aci.o
                0x0800c104                aci_hal_set_tx_power_level
 .text.verify_packet
                0x0800c1f4       0x3c ./Middlewares/ST/BlueNRG-2/hci/hci_tl_patterns/Basic/hci_tl.o
 .text.send_cmd
                0x0800c230       0xa4 ./Middlewares/ST/BlueNRG-2/hci/hci_tl_patterns/Basic/hci_tl.o
 .text.move_list
                0x0800c2d4       0x3c ./Middlewares/ST/BlueNRG-2/hci/hci_tl_patterns/Basic/hci_tl.o
 .text.free_event_list
                0x0800c310       0x40 ./Middlewares/ST/BlueNRG-2/hci/hci_tl_patterns/Basic/hci_tl.o
 .text.hci_init
                0x0800c350       0x98 ./Middlewares/ST/BlueNRG-2/hci/hci_tl_patterns/Basic/hci_tl.o
                0x0800c350                hci_init
 .text.hci_register_io_bus
                0x0800c3e8       0x3c ./Middlewares/ST/BlueNRG-2/hci/hci_tl_patterns/Basic/hci_tl.o
                0x0800c3e8                hci_register_io_bus
 .text.hci_send_req
                0x0800c424      0x260 ./Middlewares/ST/BlueNRG-2/hci/hci_tl_patterns/Basic/hci_tl.o
                0x0800c424                hci_send_req
 .text.hci_notify_asynch_evt
                0x0800c684       0xac ./Middlewares/ST/BlueNRG-2/hci/hci_tl_patterns/Basic/hci_tl.o
                0x0800c684                hci_notify_asynch_evt
 .text.list_init_head
                0x0800c730       0x1c ./Middlewares/ST/BlueNRG-2/utils/ble_list.o
                0x0800c730                list_init_head
 .text.list_is_empty
                0x0800c74c       0x4c ./Middlewares/ST/BlueNRG-2/utils/ble_list.o
                0x0800c74c                list_is_empty
 .text.list_insert_head
                0x0800c798       0x48 ./Middlewares/ST/BlueNRG-2/utils/ble_list.o
                0x0800c798                list_insert_head
 .text.list_insert_tail
                0x0800c7e0       0x48 ./Middlewares/ST/BlueNRG-2/utils/ble_list.o
                0x0800c7e0                list_insert_tail
 .text.list_remove_node
                0x0800c828       0x3e ./Middlewares/ST/BlueNRG-2/utils/ble_list.o
                0x0800c828                list_remove_node
 .text.list_remove_head
                0x0800c866       0x4e ./Middlewares/ST/BlueNRG-2/utils/ble_list.o
                0x0800c866                list_remove_head
 .text.list_remove_tail
                0x0800c8b4       0x4e ./Middlewares/ST/BlueNRG-2/utils/ble_list.o
                0x0800c8b4                list_remove_tail
 .text.list_get_size
                0x0800c902       0x4c ./Middlewares/ST/BlueNRG-2/utils/ble_list.o
                0x0800c902                list_get_size
 .text.__cvt    0x0800c94e       0xcc /opt/st/stm32cubeide_1.18.0/plugins/com.st.stm32cube.ide.mcu.externaltools.gnu-tools-for-stm32.13.3.rel1.linux64_1.0.0.202410170706/tools/bin/../lib/gcc/arm-none-eabi/13.3.1/../../../../arm-none-eabi/lib/thumb/v6-m/nofp/libc_nano.a(libc_a-nano-vfprintf_float.o)
                0x0800c94e                __cvt
 .text.__exponent
                0x0800ca1a       0x7e /opt/st/stm32cubeide_1.18.0/plugins/com.st.stm32cube.ide.mcu.externaltools.gnu-tools-for-stm32.13.3.rel1.linux64_1.0.0.202410170706/tools/bin/../lib/gcc/arm-none-eabi/13.3.1/../../../../arm-none-eabi/lib/thumb/v6-m/nofp/libc_nano.a(libc_a-nano-vfprintf_float.o)
                0x0800ca1a                __exponent
 .text._printf_float
                0x0800ca98      0x47c /opt/st/stm32cubeide_1.18.0/plugins/com.st.stm32cube.ide.mcu.externaltools.gnu-tools-for-stm32.13.3.rel1.linux64_1.0.0.202410170706/tools/bin/../lib/gcc/arm-none-eabi/13.3.1/../../../../arm-none-eabi/lib/thumb/v6-m/nofp/libc_nano.a(libc_a-nano-vfprintf_float.o)
                0x0800ca98                _printf_float
 .text._printf_common
                0x0800cf14       0xde /opt/st/stm32cubeide_1.18.0/plugins/com.st.stm32cube.ide.mcu.externaltools.gnu-tools-for-stm32.13.3.rel1.linux64_1.0.0.202410170706/tools/bin/../lib/gcc/arm-none-eabi/13.3.1/../../../../arm-none-eabi/lib/thumb/v6-m/nofp/libc_nano.a(libc_a-nano-vfprintf_i.o)
                0x0800cf14                _printf_common
 *fill*         0x0800cff2        0x2 
 .text._printf_i
                0x0800cff4      0x218 /opt/st/stm32cubeide_1.18.0/plugins/com.st.stm32cube.ide.mcu.externaltools.gnu-tools-for-stm32.13.3.rel1.linux64_1.0.0.202410170706/tools/bin/../lib/gcc/arm-none-eabi/13.3.1/../../../../arm-none-eabi/lib/thumb/v6-m/nofp/libc_nano.a(libc_a-nano-vfprintf_i.o)
                0x0800cff4                _printf_i
 .text.__sflush_r
                0x0800d20c      0x10c /opt/st/stm32cubeide_1.18.0/plugins/com.st.stm32cube.ide.mcu.externaltools.gnu-tools-for-stm32.13.3.rel1.linux64_1.0.0.202410170706/tools/bin/../lib/gcc/arm-none-eabi/13.3.1/../../../../arm-none-eabi/lib/thumb/v6-m/nofp/libc_nano.a(libc_a-fflush.o)
                0x0800d20c                __sflush_r
 .text._fflush_r
                0x0800d318       0x56 /opt/st/stm32cubeide_1.18.0/plugins/com.st.stm32cube.ide.mcu.externaltools.gnu-tools-for-stm32.13.3.rel1.linux64_1.0.0.202410170706/tools/bin/../lib/gcc/arm-none-eabi/13.3.1/../../../../arm-none-eabi/lib/thumb/v6-m/nofp/libc_nano.a(libc_a-fflush.o)
                0x0800d318                _fflush_r
 *fill*         0x0800d36e        0x2 
 .text.fflush   0x0800d370       0x30 /opt/st/stm32cubeide_1.18.0/plugins/com.st.stm32cube.ide.mcu.externaltools.gnu-tools-for-stm32.13.3.rel1.linux64_1.0.0.202410170706/tools/bin/../lib/gcc/arm-none-eabi/13.3.1/../../../../arm-none-eabi/lib/thumb/v6-m/nofp/libc_nano.a(libc_a-fflush.o)
                0x0800d370                fflush
 .text.std      0x0800d3a0       0x6c /opt/st/stm32cubeide_1.18.0/plugins/com.st.stm32cube.ide.mcu.externaltools.gnu-tools-for-stm32.13.3.rel1.linux64_1.0.0.202410170706/tools/bin/../lib/gcc/arm-none-eabi/13.3.1/../../../../arm-none-eabi/lib/thumb/v6-m/nofp/libc_nano.a(libc_a-findfp.o)
 .text.stdio_exit_handler
                0x0800d40c       0x1c /opt/st/stm32cubeide_1.18.0/plugins/com.st.stm32cube.ide.mcu.externaltools.gnu-tools-for-stm32.13.3.rel1.linux64_1.0.0.202410170706/tools/bin/../lib/gcc/arm-none-eabi/13.3.1/../../../../arm-none-eabi/lib/thumb/v6-m/nofp/libc_nano.a(libc_a-findfp.o)
 .text.cleanup_stdio
                0x0800d428       0x3c /opt/st/stm32cubeide_1.18.0/plugins/com.st.stm32cube.ide.mcu.externaltools.gnu-tools-for-stm32.13.3.rel1.linux64_1.0.0.202410170706/tools/bin/../lib/gcc/arm-none-eabi/13.3.1/../../../../arm-none-eabi/lib/thumb/v6-m/nofp/libc_nano.a(libc_a-findfp.o)
 .text.global_stdio_init.part.0
                0x0800d464       0x3c /opt/st/stm32cubeide_1.18.0/plugins/com.st.stm32cube.ide.mcu.externaltools.gnu-tools-for-stm32.13.3.rel1.linux64_1.0.0.202410170706/tools/bin/../lib/gcc/arm-none-eabi/13.3.1/../../../../arm-none-eabi/lib/thumb/v6-m/nofp/libc_nano.a(libc_a-findfp.o)
 .text.__sfp_lock_acquire
                0x0800d4a0       0x10 /opt/st/stm32cubeide_1.18.0/plugins/com.st.stm32cube.ide.mcu.externaltools.gnu-tools-for-stm32.13.3.rel1.linux64_1.0.0.202410170706/tools/bin/../lib/gcc/arm-none-eabi/13.3.1/../../../../arm-none-eabi/lib/thumb/v6-m/nofp/libc_nano.a(libc_a-findfp.o)
                0x0800d4a0                __sfp_lock_acquire
 .text.__sfp_lock_release
                0x0800d4b0       0x10 /opt/st/stm32cubeide_1.18.0/plugins/com.st.stm32cube.ide.mcu.externaltools.gnu-tools-for-stm32.13.3.rel1.linux64_1.0.0.202410170706/tools/bin/../lib/gcc/arm-none-eabi/13.3.1/../../../../arm-none-eabi/lib/thumb/v6-m/nofp/libc_nano.a(libc_a-findfp.o)
                0x0800d4b0                __sfp_lock_release
 .text.__sinit  0x0800d4c0       0x30 /opt/st/stm32cubeide_1.18.0/plugins/com.st.stm32cube.ide.mcu.externaltools.gnu-tools-for-stm32.13.3.rel1.linux64_1.0.0.202410170706/tools/bin/../lib/gcc/arm-none-eabi/13.3.1/../../../../arm-none-eabi/lib/thumb/v6-m/nofp/libc_nano.a(libc_a-findfp.o)
                0x0800d4c0                __sinit
 .text._fwalk_sglue
                0x0800d4f0       0x38 /opt/st/stm32cubeide_1.18.0/plugins/com.st.stm32cube.ide.mcu.externaltools.gnu-tools-for-stm32.13.3.rel1.linux64_1.0.0.202410170706/tools/bin/../lib/gcc/arm-none-eabi/13.3.1/../../../../arm-none-eabi/lib/thumb/v6-m/nofp/libc_nano.a(libc_a-fwalk.o)
                0x0800d4f0                _fwalk_sglue
 .text.printf   0x0800d528       0x20 /opt/st/stm32cubeide_1.18.0/plugins/com.st.stm32cube.ide.mcu.externaltools.gnu-tools-for-stm32.13.3.rel1.linux64_1.0.0.202410170706/tools/bin/../lib/gcc/arm-none-eabi/13.3.1/../../../../arm-none-eabi/lib/thumb/v6-m/nofp/libc_nano.a(libc_a-printf.o)
                0x0800d528                printf
                0x0800d528                iprintf
 .text.putchar  0x0800d548       0x14 /opt/st/stm32cubeide_1.18.0/plugins/com.st.stm32cube.ide.mcu.externaltools.gnu-tools-for-stm32.13.3.rel1.linux64_1.0.0.202410170706/tools/bin/../lib/gcc/arm-none-eabi/13.3.1/../../../../arm-none-eabi/lib/thumb/v6-m/nofp/libc_nano.a(libc_a-putchar.o)
                0x0800d548                putchar
 .text._puts_r  0x0800d55c       0xac /opt/st/stm32cubeide_1.18.0/plugins/com.st.stm32cube.ide.mcu.externaltools.gnu-tools-for-stm32.13.3.rel1.linux64_1.0.0.202410170706/tools/bin/../lib/gcc/arm-none-eabi/13.3.1/../../../../arm-none-eabi/lib/thumb/v6-m/nofp/libc_nano.a(libc_a-puts.o)
                0x0800d55c                _puts_r
 .text.puts     0x0800d608       0x14 /opt/st/stm32cubeide_1.18.0/plugins/com.st.stm32cube.ide.mcu.externaltools.gnu-tools-for-stm32.13.3.rel1.linux64_1.0.0.202410170706/tools/bin/../lib/gcc/arm-none-eabi/13.3.1/../../../../arm-none-eabi/lib/thumb/v6-m/nofp/libc_nano.a(libc_a-puts.o)
                0x0800d608                puts
 .text.__sread  0x0800d61c       0x28 /opt/st/stm32cubeide_1.18.0/plugins/com.st.stm32cube.ide.mcu.externaltools.gnu-tools-for-stm32.13.3.rel1.linux64_1.0.0.202410170706/tools/bin/../lib/gcc/arm-none-eabi/13.3.1/../../../../arm-none-eabi/lib/thumb/v6-m/nofp/libc_nano.a(libc_a-stdio.o)
                0x0800d61c                __sread
 .text.__swrite
                0x0800d644       0x38 /opt/st/stm32cubeide_1.18.0/plugins/com.st.stm32cube.ide.mcu.externaltools.gnu-tools-for-stm32.13.3.rel1.linux64_1.0.0.202410170706/tools/bin/../lib/gcc/arm-none-eabi/13.3.1/../../../../arm-none-eabi/lib/thumb/v6-m/nofp/libc_nano.a(libc_a-stdio.o)
                0x0800d644                __swrite
 .text.__sseek  0x0800d67c       0x2c /opt/st/stm32cubeide_1.18.0/plugins/com.st.stm32cube.ide.mcu.externaltools.gnu-tools-for-stm32.13.3.rel1.linux64_1.0.0.202410170706/tools/bin/../lib/gcc/arm-none-eabi/13.3.1/../../../../arm-none-eabi/lib/thumb/v6-m/nofp/libc_nano.a(libc_a-stdio.o)
                0x0800d67c                __sseek
 .text.__sclose
                0x0800d6a8        0xc /opt/st/stm32cubeide_1.18.0/plugins/com.st.stm32cube.ide.mcu.externaltools.gnu-tools-for-stm32.13.3.rel1.linux64_1.0.0.202410170706/tools/bin/../lib/gcc/arm-none-eabi/13.3.1/../../../../arm-none-eabi/lib/thumb/v6-m/nofp/libc_nano.a(libc_a-stdio.o)
                0x0800d6a8                __sclose
 .text.__swbuf_r
                0x0800d6b4       0x84 /opt/st/stm32cubeide_1.18.0/plugins/com.st.stm32cube.ide.mcu.externaltools.gnu-tools-for-stm32.13.3.rel1.linux64_1.0.0.202410170706/tools/bin/../lib/gcc/arm-none-eabi/13.3.1/../../../../arm-none-eabi/lib/thumb/v6-m/nofp/libc_nano.a(libc_a-wbuf.o)
                0x0800d6b4                __swbuf_r
 .text.__swsetup_r
                0x0800d738       0xbc /opt/st/stm32cubeide_1.18.0/plugins/com.st.stm32cube.ide.mcu.externaltools.gnu-tools-for-stm32.13.3.rel1.linux64_1.0.0.202410170706/tools/bin/../lib/gcc/arm-none-eabi/13.3.1/../../../../arm-none-eabi/lib/thumb/v6-m/nofp/libc_nano.a(libc_a-wsetup.o)
                0x0800d738                __swsetup_r
 .text.memcmp   0x0800d7f4       0x1c /opt/st/stm32cubeide_1.18.0/plugins/com.st.stm32cube.ide.mcu.externaltools.gnu-tools-for-stm32.13.3.rel1.linux64_1.0.0.202410170706/tools/bin/../lib/gcc/arm-none-eabi/13.3.1/../../../../arm-none-eabi/lib/thumb/v6-m/nofp/libc_nano.a(libc_a-memcmp.o)
                0x0800d7f4                memcmp
 .text.memset   0x0800d810       0x10 /opt/st/stm32cubeide_1.18.0/plugins/com.st.stm32cube.ide.mcu.externaltools.gnu-tools-for-stm32.13.3.rel1.linux64_1.0.0.202410170706/tools/bin/../lib/gcc/arm-none-eabi/13.3.1/../../../../arm-none-eabi/lib/thumb/v6-m/nofp/libc_nano.a(libc_a-memset.o)
                0x0800d810                memset
 .text._localeconv_r
                0x0800d820        0x8 /opt/st/stm32cubeide_1.18.0/plugins/com.st.stm32cube.ide.mcu.externaltools.gnu-tools-for-stm32.13.3.rel1.linux64_1.0.0.202410170706/tools/bin/../lib/gcc/arm-none-eabi/13.3.1/../../../../arm-none-eabi/lib/thumb/v6-m/nofp/libc_nano.a(libc_a-localeconv.o)
                0x0800d820                _localeconv_r
 .text._close_r
                0x0800d828       0x24 /opt/st/stm32cubeide_1.18.0/plugins/com.st.stm32cube.ide.mcu.externaltools.gnu-tools-for-stm32.13.3.rel1.linux64_1.0.0.202410170706/tools/bin/../lib/gcc/arm-none-eabi/13.3.1/../../../../arm-none-eabi/lib/thumb/v6-m/nofp/libc_nano.a(libc_a-closer.o)
                0x0800d828                _close_r
 .text._lseek_r
                0x0800d84c       0x28 /opt/st/stm32cubeide_1.18.0/plugins/com.st.stm32cube.ide.mcu.externaltools.gnu-tools-for-stm32.13.3.rel1.linux64_1.0.0.202410170706/tools/bin/../lib/gcc/arm-none-eabi/13.3.1/../../../../arm-none-eabi/lib/thumb/v6-m/nofp/libc_nano.a(libc_a-lseekr.o)
                0x0800d84c                _lseek_r
 .text._read_r  0x0800d874       0x28 /opt/st/stm32cubeide_1.18.0/plugins/com.st.stm32cube.ide.mcu.externaltools.gnu-tools-for-stm32.13.3.rel1.linux64_1.0.0.202410170706/tools/bin/../lib/gcc/arm-none-eabi/13.3.1/../../../../arm-none-eabi/lib/thumb/v6-m/nofp/libc_nano.a(libc_a-readr.o)
                0x0800d874                _read_r
 .text._write_r
                0x0800d89c       0x28 /opt/st/stm32cubeide_1.18.0/plugins/com.st.stm32cube.ide.mcu.externaltools.gnu-tools-for-stm32.13.3.rel1.linux64_1.0.0.202410170706/tools/bin/../lib/gcc/arm-none-eabi/13.3.1/../../../../arm-none-eabi/lib/thumb/v6-m/nofp/libc_nano.a(libc_a-writer.o)
                0x0800d89c                _write_r
 .text.__errno  0x0800d8c4        0xc /opt/st/stm32cubeide_1.18.0/plugins/com.st.stm32cube.ide.mcu.externaltools.gnu-tools-for-stm32.13.3.rel1.linux64_1.0.0.202410170706/tools/bin/../lib/gcc/arm-none-eabi/13.3.1/../../../../arm-none-eabi/lib/thumb/v6-m/nofp/libc_nano.a(libc_a-errno.o)
                0x0800d8c4                __errno
 .text.__libc_init_array
                0x0800d8d0       0x48 /opt/st/stm32cubeide_1.18.0/plugins/com.st.stm32cube.ide.mcu.externaltools.gnu-tools-for-stm32.13.3.rel1.linux64_1.0.0.202410170706/tools/bin/../lib/gcc/arm-none-eabi/13.3.1/../../../../arm-none-eabi/lib/thumb/v6-m/nofp/libc_nano.a(libc_a-init.o)
                0x0800d8d0                __libc_init_array
 .text.__retarget_lock_init_recursive
                0x0800d918        0x2 /opt/st/stm32cubeide_1.18.0/plugins/com.st.stm32cube.ide.mcu.externaltools.gnu-tools-for-stm32.13.3.rel1.linux64_1.0.0.202410170706/tools/bin/../lib/gcc/arm-none-eabi/13.3.1/../../../../arm-none-eabi/lib/thumb/v6-m/nofp/libc_nano.a(libc_a-lock.o)
                0x0800d918                __retarget_lock_init_recursive
 .text.__retarget_lock_acquire_recursive
                0x0800d91a        0x2 /opt/st/stm32cubeide_1.18.0/plugins/com.st.stm32cube.ide.mcu.externaltools.gnu-tools-for-stm32.13.3.rel1.linux64_1.0.0.202410170706/tools/bin/../lib/gcc/arm-none-eabi/13.3.1/../../../../arm-none-eabi/lib/thumb/v6-m/nofp/libc_nano.a(libc_a-lock.o)
                0x0800d91a                __retarget_lock_acquire_recursive
 .text.__retarget_lock_release_recursive
                0x0800d91c        0x2 /opt/st/stm32cubeide_1.18.0/plugins/com.st.stm32cube.ide.mcu.externaltools.gnu-tools-for-stm32.13.3.rel1.linux64_1.0.0.202410170706/tools/bin/../lib/gcc/arm-none-eabi/13.3.1/../../../../arm-none-eabi/lib/thumb/v6-m/nofp/libc_nano.a(libc_a-lock.o)
                0x0800d91c                __retarget_lock_release_recursive
 .text.memchr   0x0800d91e       0x16 /opt/st/stm32cubeide_1.18.0/plugins/com.st.stm32cube.ide.mcu.externaltools.gnu-tools-for-stm32.13.3.rel1.linux64_1.0.0.202410170706/tools/bin/../lib/gcc/arm-none-eabi/13.3.1/../../../../arm-none-eabi/lib/thumb/v6-m/nofp/libc_nano.a(libc_a-memchr-stub.o)
                0x0800d91e                memchr
 .text.memcpy   0x0800d934       0x12 /opt/st/stm32cubeide_1.18.0/plugins/com.st.stm32cube.ide.mcu.externaltools.gnu-tools-for-stm32.13.3.rel1.linux64_1.0.0.202410170706/tools/bin/../lib/gcc/arm-none-eabi/13.3.1/../../../../arm-none-eabi/lib/thumb/v6-m/nofp/libc_nano.a(libc_a-memcpy-stub.o)
                0x0800d934                memcpy
 .text.quorem   0x0800d946      0x10a /opt/st/stm32cubeide_1.18.0/plugins/com.st.stm32cube.ide.mcu.externaltools.gnu-tools-for-stm32.13.3.rel1.linux64_1.0.0.202410170706/tools/bin/../lib/gcc/arm-none-eabi/13.3.1/../../../../arm-none-eabi/lib/thumb/v6-m/nofp/libc_nano.a(libc_a-dtoa.o)
 .text._dtoa_r  0x0800da50      0xbe0 /opt/st/stm32cubeide_1.18.0/plugins/com.st.stm32cube.ide.mcu.externaltools.gnu-tools-for-stm32.13.3.rel1.linux64_1.0.0.202410170706/tools/bin/../lib/gcc/arm-none-eabi/13.3.1/../../../../arm-none-eabi/lib/thumb/v6-m/nofp/libc_nano.a(libc_a-dtoa.o)
                0x0800da50                _dtoa_r
 .text._free_r  0x0800e630       0x94 /opt/st/stm32cubeide_1.18.0/plugins/com.st.stm32cube.ide.mcu.externaltools.gnu-tools-for-stm32.13.3.rel1.linux64_1.0.0.202410170706/tools/bin/../lib/gcc/arm-none-eabi/13.3.1/../../../../arm-none-eabi/lib/thumb/v6-m/nofp/libc_nano.a(libc_a-freer.o)
                0x0800e630                _free_r
 .text.malloc   0x0800e6c4       0x14 /opt/st/stm32cubeide_1.18.0/plugins/com.st.stm32cube.ide.mcu.externaltools.gnu-tools-for-stm32.13.3.rel1.linux64_1.0.0.202410170706/tools/bin/../lib/gcc/arm-none-eabi/13.3.1/../../../../arm-none-eabi/lib/thumb/v6-m/nofp/libc_nano.a(libc_a-malloc.o)
                0x0800e6c4                malloc
 .text.sbrk_aligned
                0x0800e6d8       0x44 /opt/st/stm32cubeide_1.18.0/plugins/com.st.stm32cube.ide.mcu.externaltools.gnu-tools-for-stm32.13.3.rel1.linux64_1.0.0.202410170706/tools/bin/../lib/gcc/arm-none-eabi/13.3.1/../../../../arm-none-eabi/lib/thumb/v6-m/nofp/libc_nano.a(libc_a-mallocr.o)
 .text._malloc_r
                0x0800e71c      0x100 /opt/st/stm32cubeide_1.18.0/plugins/com.st.stm32cube.ide.mcu.externaltools.gnu-tools-for-stm32.13.3.rel1.linux64_1.0.0.202410170706/tools/bin/../lib/gcc/arm-none-eabi/13.3.1/../../../../arm-none-eabi/lib/thumb/v6-m/nofp/libc_nano.a(libc_a-mallocr.o)
                0x0800e71c                _malloc_r
 .text.__malloc_lock
                0x0800e81c       0x10 /opt/st/stm32cubeide_1.18.0/plugins/com.st.stm32cube.ide.mcu.externaltools.gnu-tools-for-stm32.13.3.rel1.linux64_1.0.0.202410170706/tools/bin/../lib/gcc/arm-none-eabi/13.3.1/../../../../arm-none-eabi/lib/thumb/v6-m/nofp/libc_nano.a(libc_a-mlock.o)
                0x0800e81c                __malloc_lock
 .text.__malloc_unlock
                0x0800e82c       0x10 /opt/st/stm32cubeide_1.18.0/plugins/com.st.stm32cube.ide.mcu.externaltools.gnu-tools-for-stm32.13.3.rel1.linux64_1.0.0.202410170706/tools/bin/../lib/gcc/arm-none-eabi/13.3.1/../../../../arm-none-eabi/lib/thumb/v6-m/nofp/libc_nano.a(libc_a-mlock.o)
                0x0800e82c                __malloc_unlock
 .text._Balloc  0x0800e83c       0x88 /opt/st/stm32cubeide_1.18.0/plugins/com.st.stm32cube.ide.mcu.externaltools.gnu-tools-for-stm32.13.3.rel1.linux64_1.0.0.202410170706/tools/bin/../lib/gcc/arm-none-eabi/13.3.1/../../../../arm-none-eabi/lib/thumb/v6-m/nofp/libc_nano.a(libc_a-mprec.o)
                0x0800e83c                _Balloc
 .text._Bfree   0x0800e8c4       0x48 /opt/st/stm32cubeide_1.18.0/plugins/com.st.stm32cube.ide.mcu.externaltools.gnu-tools-for-stm32.13.3.rel1.linux64_1.0.0.202410170706/tools/bin/../lib/gcc/arm-none-eabi/13.3.1/../../../../arm-none-eabi/lib/thumb/v6-m/nofp/libc_nano.a(libc_a-mprec.o)
                0x0800e8c4                _Bfree
 .text.__multadd
                0x0800e90c       0x88 /opt/st/stm32cubeide_1.18.0/plugins/com.st.stm32cube.ide.mcu.externaltools.gnu-tools-for-stm32.13.3.rel1.linux64_1.0.0.202410170706/tools/bin/../lib/gcc/arm-none-eabi/13.3.1/../../../../arm-none-eabi/lib/thumb/v6-m/nofp/libc_nano.a(libc_a-mprec.o)
                0x0800e90c                __multadd
 .text.__hi0bits
                0x0800e994       0x42 /opt/st/stm32cubeide_1.18.0/plugins/com.st.stm32cube.ide.mcu.externaltools.gnu-tools-for-stm32.13.3.rel1.linux64_1.0.0.202410170706/tools/bin/../lib/gcc/arm-none-eabi/13.3.1/../../../../arm-none-eabi/lib/thumb/v6-m/nofp/libc_nano.a(libc_a-mprec.o)
                0x0800e994                __hi0bits
 .text.__lo0bits
                0x0800e9d6       0x5c /opt/st/stm32cubeide_1.18.0/plugins/com.st.stm32cube.ide.mcu.externaltools.gnu-tools-for-stm32.13.3.rel1.linux64_1.0.0.202410170706/tools/bin/../lib/gcc/arm-none-eabi/13.3.1/../../../../arm-none-eabi/lib/thumb/v6-m/nofp/libc_nano.a(libc_a-mprec.o)
                0x0800e9d6                __lo0bits
 *fill*         0x0800ea32        0x2 
 .text.__i2b    0x0800ea34       0x30 /opt/st/stm32cubeide_1.18.0/plugins/com.st.stm32cube.ide.mcu.externaltools.gnu-tools-for-stm32.13.3.rel1.linux64_1.0.0.202410170706/tools/bin/../lib/gcc/arm-none-eabi/13.3.1/../../../../arm-none-eabi/lib/thumb/v6-m/nofp/libc_nano.a(libc_a-mprec.o)
                0x0800ea34                __i2b
 .text.__multiply
                0x0800ea64      0x154 /opt/st/stm32cubeide_1.18.0/plugins/com.st.stm32cube.ide.mcu.externaltools.gnu-tools-for-stm32.13.3.rel1.linux64_1.0.0.202410170706/tools/bin/../lib/gcc/arm-none-eabi/13.3.1/../../../../arm-none-eabi/lib/thumb/v6-m/nofp/libc_nano.a(libc_a-mprec.o)
                0x0800ea64                __multiply
 .text.__pow5mult
                0x0800ebb8       0xb8 /opt/st/stm32cubeide_1.18.0/plugins/com.st.stm32cube.ide.mcu.externaltools.gnu-tools-for-stm32.13.3.rel1.linux64_1.0.0.202410170706/tools/bin/../lib/gcc/arm-none-eabi/13.3.1/../../../../arm-none-eabi/lib/thumb/v6-m/nofp/libc_nano.a(libc_a-mprec.o)
                0x0800ebb8                __pow5mult
 .text.__lshift
                0x0800ec70       0xd8 /opt/st/stm32cubeide_1.18.0/plugins/com.st.stm32cube.ide.mcu.externaltools.gnu-tools-for-stm32.13.3.rel1.linux64_1.0.0.202410170706/tools/bin/../lib/gcc/arm-none-eabi/13.3.1/../../../../arm-none-eabi/lib/thumb/v6-m/nofp/libc_nano.a(libc_a-mprec.o)
                0x0800ec70                __lshift
 .text.__mcmp   0x0800ed48       0x36 /opt/st/stm32cubeide_1.18.0/plugins/com.st.stm32cube.ide.mcu.externaltools.gnu-tools-for-stm32.13.3.rel1.linux64_1.0.0.202410170706/tools/bin/../lib/gcc/arm-none-eabi/13.3.1/../../../../arm-none-eabi/lib/thumb/v6-m/nofp/libc_nano.a(libc_a-mprec.o)
                0x0800ed48                __mcmp
 *fill*         0x0800ed7e        0x2 
 .text.__mdiff  0x0800ed80      0x134 /opt/st/stm32cubeide_1.18.0/plugins/com.st.stm32cube.ide.mcu.externaltools.gnu-tools-for-stm32.13.3.rel1.linux64_1.0.0.202410170706/tools/bin/../lib/gcc/arm-none-eabi/13.3.1/../../../../arm-none-eabi/lib/thumb/v6-m/nofp/libc_nano.a(libc_a-mprec.o)
                0x0800ed80                __mdiff
 .text.__d2b    0x0800eeb4       0xc0 /opt/st/stm32cubeide_1.18.0/plugins/com.st.stm32cube.ide.mcu.externaltools.gnu-tools-for-stm32.13.3.rel1.linux64_1.0.0.202410170706/tools/bin/../lib/gcc/arm-none-eabi/13.3.1/../../../../arm-none-eabi/lib/thumb/v6-m/nofp/libc_nano.a(libc_a-mprec.o)
                0x0800eeb4                __d2b
 .text.__sfputc_r
                0x0800ef74       0x2a /opt/st/stm32cubeide_1.18.0/plugins/com.st.stm32cube.ide.mcu.externaltools.gnu-tools-for-stm32.13.3.rel1.linux64_1.0.0.202410170706/tools/bin/../lib/gcc/arm-none-eabi/13.3.1/../../../../arm-none-eabi/lib/thumb/v6-m/nofp/libc_nano.a(libc_a-nano-vfprintf.o)
 .text.__sfputs_r
                0x0800ef9e       0x24 /opt/st/stm32cubeide_1.18.0/plugins/com.st.stm32cube.ide.mcu.externaltools.gnu-tools-for-stm32.13.3.rel1.linux64_1.0.0.202410170706/tools/bin/../lib/gcc/arm-none-eabi/13.3.1/../../../../arm-none-eabi/lib/thumb/v6-m/nofp/libc_nano.a(libc_a-nano-vfprintf.o)
                0x0800ef9e                __sfputs_r
 *fill*         0x0800efc2        0x2 
 .text._vfprintf_r
                0x0800efc4      0x238 /opt/st/stm32cubeide_1.18.0/plugins/com.st.stm32cube.ide.mcu.externaltools.gnu-tools-for-stm32.13.3.rel1.linux64_1.0.0.202410170706/tools/bin/../lib/gcc/arm-none-eabi/13.3.1/../../../../arm-none-eabi/lib/thumb/v6-m/nofp/libc_nano.a(libc_a-nano-vfprintf.o)
                0x0800efc4                _vfiprintf_r
                0x0800efc4                _vfprintf_r
 .text.__swhatbuf_r
                0x0800f1fc       0x54 /opt/st/stm32cubeide_1.18.0/plugins/com.st.stm32cube.ide.mcu.externaltools.gnu-tools-for-stm32.13.3.rel1.linux64_1.0.0.202410170706/tools/bin/../lib/gcc/arm-none-eabi/13.3.1/../../../../arm-none-eabi/lib/thumb/v6-m/nofp/libc_nano.a(libc_a-makebuf.o)
                0x0800f1fc                __swhatbuf_r
 .text.__smakebuf_r
                0x0800f250       0x82 /opt/st/stm32cubeide_1.18.0/plugins/com.st.stm32cube.ide.mcu.externaltools.gnu-tools-for-stm32.13.3.rel1.linux64_1.0.0.202410170706/tools/bin/../lib/gcc/arm-none-eabi/13.3.1/../../../../arm-none-eabi/lib/thumb/v6-m/nofp/libc_nano.a(libc_a-makebuf.o)
                0x0800f250                __smakebuf_r
 .text._putc_r  0x0800f2d2       0x6c /opt/st/stm32cubeide_1.18.0/plugins/com.st.stm32cube.ide.mcu.externaltools.gnu-tools-for-stm32.13.3.rel1.linux64_1.0.0.202410170706/tools/bin/../lib/gcc/arm-none-eabi/13.3.1/../../../../arm-none-eabi/lib/thumb/v6-m/nofp/libc_nano.a(libc_a-putc.o)
                0x0800f2d2                _putc_r
 *fill*         0x0800f33e        0x2 
 .text._fstat_r
                0x0800f340       0x24 /opt/st/stm32cubeide_1.18.0/plugins/com.st.stm32cube.ide.mcu.externaltools.gnu-tools-for-stm32.13.3.rel1.linux64_1.0.0.202410170706/tools/bin/../lib/gcc/arm-none-eabi/13.3.1/../../../../arm-none-eabi/lib/thumb/v6-m/nofp/libc_nano.a(libc_a-fstatr.o)