Archive member included to satisfy reference by file (symbol)

C:/ST/STM32CubeIDE_1.14.0/STM32CubeIDE/plugins/com.st.stm32cube.ide.mcu.externaltools.gnu-tools-for-stm32.11.3.rel1.win32_1.1.100.202309141235/tools/bin/../lib/gcc/arm-none-eabi/11.3.1/../../../../arm-none-eabi/lib/thumb/v6-m/nofp\libc_nano.a(libc_a-exit.o)
                              C:/ST/STM32CubeIDE_1.14.0/STM32CubeIDE/plugins/com.st.stm32cube.ide.mcu.externaltools.gnu-tools-for-stm32.11.3.rel1.win32_1.1.100.202309141235/tools/bin/../lib/gcc/arm-none-eabi/11.3.1/../../../../arm-none-eabi/lib/thumb/v6-m/nofp/crt0.o (exit)
C:/ST/STM32CubeIDE_1.14.0/STM32CubeIDE/plugins/com.st.stm32cube.ide.mcu.externaltools.gnu-tools-for-stm32.11.3.rel1.win32_1.1.100.202309141235/tools/bin/../lib/gcc/arm-none-eabi/11.3.1/../../../../arm-none-eabi/lib/thumb/v6-m/nofp\libc_nano.a(libc_a-nano-vfprintf_float.o)
                              (_printf_float)
C:/ST/STM32CubeIDE_1.14.0/STM32CubeIDE/plugins/com.st.stm32cube.ide.mcu.externaltools.gnu-tools-for-stm32.11.3.rel1.win32_1.1.100.202309141235/tools/bin/../lib/gcc/arm-none-eabi/11.3.1/../../../../arm-none-eabi/lib/thumb/v6-m/nofp\libc_nano.a(libc_a-nano-vfprintf_i.o)
                              C:/ST/STM32CubeIDE_1.14.0/STM32CubeIDE/plugins/com.st.stm32cube.ide.mcu.externaltools.gnu-tools-for-stm32.11.3.rel1.win32_1.1.100.202309141235/tools/bin/../lib/gcc/arm-none-eabi/11.3.1/../../../../arm-none-eabi/lib/thumb/v6-m/nofp\libc_nano.a(libc_a-nano-vfprintf_float.o) (_printf_common)
C:/ST/STM32CubeIDE_1.14.0/STM32CubeIDE/plugins/com.st.stm32cube.ide.mcu.externaltools.gnu-tools-for-stm32.11.3.rel1.win32_1.1.100.202309141235/tools/bin/../lib/gcc/arm-none-eabi/11.3.1/../../../../arm-none-eabi/lib/thumb/v6-m/nofp\libc_nano.a(libc_a-fflush.o)
                              ./BlueNRG_2/App/app_bluenrg_2.o (fflush)
C:/ST/STM32CubeIDE_1.14.0/STM32CubeIDE/plugins/com.st.stm32cube.ide.mcu.externaltools.gnu-tools-for-stm32.11.3.rel1.win32_1.1.100.202309141235/tools/bin/../lib/gcc/arm-none-eabi/11.3.1/../../../../arm-none-eabi/lib/thumb/v6-m/nofp\libc_nano.a(libc_a-findfp.o)
                              C:/ST/STM32CubeIDE_1.14.0/STM32CubeIDE/plugins/com.st.stm32cube.ide.mcu.externaltools.gnu-tools-for-stm32.11.3.rel1.win32_1.1.100.202309141235/tools/bin/../lib/gcc/arm-none-eabi/11.3.1/../../../../arm-none-eabi/lib/thumb/v6-m/nofp\libc_nano.a(libc_a-fflush.o) (__sinit)
C:/ST/STM32CubeIDE_1.14.0/STM32CubeIDE/plugins/com.st.stm32cube.ide.mcu.externaltools.gnu-tools-for-stm32.11.3.rel1.win32_1.1.100.202309141235/tools/bin/../lib/gcc/arm-none-eabi/11.3.1/../../../../arm-none-eabi/lib/thumb/v6-m/nofp\libc_nano.a(libc_a-fwalk.o)
                              C:/ST/STM32CubeIDE_1.14.0/STM32CubeIDE/plugins/com.st.stm32cube.ide.mcu.externaltools.gnu-tools-for-stm32.11.3.rel1.win32_1.1.100.202309141235/tools/bin/../lib/gcc/arm-none-eabi/11.3.1/../../../../arm-none-eabi/lib/thumb/v6-m/nofp\libc_nano.a(libc_a-fflush.o) (_fwalk_sglue)
C:/ST/STM32CubeIDE_1.14.0/STM32CubeIDE/plugins/com.st.stm32cube.ide.mcu.externaltools.gnu-tools-for-stm32.11.3.rel1.win32_1.1.100.202309141235/tools/bin/../lib/gcc/arm-none-eabi/11.3.1/../../../../arm-none-eabi/lib/thumb/v6-m/nofp\libc_nano.a(libc_a-printf.o)
                              ./BlueNRG_2/App/app_bluenrg_2.o (printf)
C:/ST/STM32CubeIDE_1.14.0/STM32CubeIDE/plugins/com.st.stm32cube.ide.mcu.externaltools.gnu-tools-for-stm32.11.3.rel1.win32_1.1.100.202309141235/tools/bin/../lib/gcc/arm-none-eabi/11.3.1/../../../../arm-none-eabi/lib/thumb/v6-m/nofp\libc_nano.a(libc_a-putchar.o)
                              ./BlueNRG_2/App/app_bluenrg_2.o (putchar)
C:/ST/STM32CubeIDE_1.14.0/STM32CubeIDE/plugins/com.st.stm32cube.ide.mcu.externaltools.gnu-tools-for-stm32.11.3.rel1.win32_1.1.100.202309141235/tools/bin/../lib/gcc/arm-none-eabi/11.3.1/../../../../arm-none-eabi/lib/thumb/v6-m/nofp\libc_nano.a(libc_a-puts.o)
                              ./BlueNRG_2/App/app_bluenrg_2.o (puts)
C:/ST/STM32CubeIDE_1.14.0/STM32CubeIDE/plugins/com.st.stm32cube.ide.mcu.externaltools.gnu-tools-for-stm32.11.3.rel1.win32_1.1.100.202309141235/tools/bin/../lib/gcc/arm-none-eabi/11.3.1/../../../../arm-none-eabi/lib/thumb/v6-m/nofp\libc_nano.a(libc_a-stdio.o)
                              C:/ST/STM32CubeIDE_1.14.0/STM32CubeIDE/plugins/com.st.stm32cube.ide.mcu.externaltools.gnu-tools-for-stm32.11.3.rel1.win32_1.1.100.202309141235/tools/bin/../lib/gcc/arm-none-eabi/11.3.1/../../../../arm-none-eabi/lib/thumb/v6-m/nofp\libc_nano.a(libc_a-findfp.o) (__sread)
C:/ST/STM32CubeIDE_1.14.0/STM32CubeIDE/plugins/com.st.stm32cube.ide.mcu.externaltools.gnu-tools-for-stm32.11.3.rel1.win32_1.1.100.202309141235/tools/bin/../lib/gcc/arm-none-eabi/11.3.1/../../../../arm-none-eabi/lib/thumb/v6-m/nofp\libc_nano.a(libc_a-wbuf.o)
[...]
Memory Configuration

Name             Origin             Length             Attributes
RAM              0x0000000020000000 0x0000000000009000 xrw
FLASH            0x0000000008000000 0x0000000000020000 xr
*default*        0x0000000000000000 0xffffffffffffffff

Linker script and memory map

LOAD C:/ST/STM32CubeIDE_1.14.0/STM32CubeIDE/plugins/com.st.stm32cube.ide.mcu.externaltools.gnu-tools-for-stm32.11.3.rel1.win32_1.1.100.202309141235/tools/bin/../lib/gcc/arm-none-eabi/11.3.1/thumb/v6-m/nofp/crti.o
LOAD C:/ST/STM32CubeIDE_1.14.0/STM32CubeIDE/plugins/com.st.stm32cube.ide.mcu.externaltools.gnu-tools-for-stm32.11.3.rel1.win32_1.1.100.202309141235/tools/bin/../lib/gcc/arm-none-eabi/11.3.1/thumb/v6-m/nofp/crtbegin.o
LOAD C:/ST/STM32CubeIDE_1.14.0/STM32CubeIDE/plugins/com.st.stm32cube.ide.mcu.externaltools.gnu-tools-for-stm32.11.3.rel1.win32_1.1.100.202309141235/tools/bin/../lib/gcc/arm-none-eabi/11.3.1/../../../../arm-none-eabi/lib/thumb/v6-m/nofp/crt0.o
LOAD ./BlueNRG_2/App/app_bluenrg_2.o
LOAD ./BlueNRG_2/App/gatt_db.o
LOAD ./BlueNRG_2/Target/hci_tl_interface.o
LOAD ./Core/Src/main.o
LOAD ./Core/Src/stm32g0xx_hal_msp.o
LOAD ./Core/Src/stm32g0xx_it.o
LOAD ./Core/Src/stm32g0xx_nucleo_bus.o
LOAD ./Core/Src/syscalls.o
LOAD ./Core/Src/sysmem.o
LOAD ./Core/Src/system_stm32g0xx.o
LOAD ./Core/Startup/startup_stm32g070rbtx.o
LOAD ./Drivers/BSP/STM32G0xx_Nucleo/stm32g0xx_nucleo.o
LOAD ./Drivers/STM32G0xx_HAL_Driver/Src/stm32g0xx_hal.o
LOAD ./Drivers/STM32G0xx_HAL_Driver/Src/stm32g0xx_hal_adc.o
LOAD ./Drivers/STM32G0xx_HAL_Driver/Src/stm32g0xx_hal_adc_ex.o
LOAD ./Drivers/STM32G0xx_HAL_Driver/Src/stm32g0xx_hal_cortex.o
LOAD ./Drivers/STM32G0xx_HAL_Driver/Src/stm32g0xx_hal_dma.o
LOAD ./Drivers/STM32G0xx_HAL_Driver/Src/stm32g0xx_hal_dma_ex.o
LOAD ./Drivers/STM32G0xx_HAL_Driver/Src/stm32g0xx_hal_exti.o
LOAD ./Drivers/STM32G0xx_HAL_Driver/Src/stm32g0xx_hal_flash.o
LOAD ./Drivers/STM32G0xx_HAL_Driver/Src/stm32g0xx_hal_flash_ex.o
LOAD ./Drivers/STM32G0xx_HAL_Driver/Src/stm32g0xx_hal_gpio.o
LOAD ./Drivers/STM32G0xx_HAL_Driver/Src/stm32g0xx_hal_pwr.o
LOAD ./Drivers/STM32G0xx_HAL_Driver/Src/stm32g0xx_hal_pwr_ex.o
LOAD ./Drivers/STM32G0xx_HAL_Driver/Src/stm32g0xx_hal_rcc.o
LOAD ./Drivers/STM32G0xx_HAL_Driver/Src/stm32g0xx_hal_rcc_ex.o
LOAD ./Drivers/STM32G0xx_HAL_Driver/Src/stm32g0xx_hal_spi.o
LOAD ./Drivers/STM32G0xx_HAL_Driver/Src/stm32g0xx_hal_spi_ex.o
LOAD ./Drivers/STM32G0xx_HAL_Driver/Src/stm32g0xx_hal_tim.o
LOAD ./Drivers/STM32G0xx_HAL_Driver/Src/stm32g0xx_hal_tim_ex.o
LOAD ./Drivers/STM32G0xx_HAL_Driver/Src/stm32g0xx_hal_uart.o
LOAD ./Drivers/STM32G0xx_HAL_Driver/Src/stm32g0xx_hal_uart_ex.o
LOAD ./Drivers/STM32G0xx_HAL_Driver/Src/stm32g0xx_ll_adc.o
LOAD ./Drivers/STM32G0xx_HAL_Driver/Src/stm32g0xx_ll_dma.o
LOAD ./Drivers/STM32G0xx_HAL_Driver/Src/stm32g0xx_ll_rcc.o
LOAD ./Middlewares/ST/BlueNRG-2/hci/bluenrg1_devConfig.o
LOAD ./Middlewares/ST/BlueNRG-2/hci/bluenrg1_events.o
LOAD ./Middlewares/ST/BlueNRG-2/hci/bluenrg1_events_cb.o
LOAD ./Middlewares/ST/BlueNRG-2/hci/bluenrg1_hci_le.o
LOAD ./Middlewares/ST/BlueNRG-2/hci/controller/bluenrg1_gap_aci.o
LOAD ./Middlewares/ST/BlueNRG-2/hci/controller/bluenrg1_gatt_aci.o
LOAD ./Middlewares/ST/BlueNRG-2/hci/controller/bluenrg1_hal_aci.o
LOAD ./Middlewares/ST/BlueNRG-2/hci/controller/bluenrg1_l2cap_aci.o
LOAD ./Middlewares/ST/BlueNRG-2/hci/hci_tl_patterns/Basic/hci_tl.o
LOAD ./Middlewares/ST/BlueNRG-2/utils/ble_list.o
START GROUP
LOAD C:/ST/STM32CubeIDE_1.14.0/STM32CubeIDE/plugins/com.st.stm32cube.ide.mcu.externaltools.gnu-tools-for-stm32.11.3.rel1.win32_1.1.100.202309141235/tools/bin/../lib/gcc/arm-none-eabi/11.3.1/../../../../arm-none-eabi/lib/thumb/v6-m/nofp\libc_nano.a
LOAD C:/ST/STM32CubeIDE_1.14.0/STM32CubeIDE/plugins/com.st.stm32cube.ide.mcu.externaltools.gnu-tools-for-stm32.11.3.rel1.win32_1.1.100.202309141235/tools/bin/../lib/gcc/arm-none-eabi/11.3.1/../../../../arm-none-eabi/lib/thumb/v6-m/nofp\libm.a
END GROUP
START GROUP
LOAD C:/ST/STM32CubeIDE_1.14.0/STM32CubeIDE/plugins/com.st.stm32cube.ide.mcu.externaltools.gnu-tools-for-stm32.11.3.rel1.win32_1.1.100.202309141235/tools/bin/../lib/gcc/arm-none-eabi/11.3.1/thumb/v6-m/nofp\libgcc.a
LOAD C:/ST/STM32CubeIDE_1.14.0/STM32CubeIDE/plugins/com.st.stm32cube.ide.mcu.externaltools.gnu-tools-for-stm32.11.3.rel1.win32_1.1.100.202309141235/tools/bin/../lib/gcc/arm-none-eabi/11.3.1/../../../../arm-none-eabi/lib/thumb/v6-m/nofp\libc_nano.a
END GROUP
START GROUP
LOAD C:/ST/STM32CubeIDE_1.14.0/STM32CubeIDE/plugins/com.st.stm32cube.ide.mcu.externaltools.gnu-tools-for-stm32.11.3.rel1.win32_1.1.100.202309141235/tools/bin/../lib/gcc/arm-none-eabi/11.3.1/thumb/v6-m/nofp\libgcc.a
LOAD C:/ST/STM32CubeIDE_1.14.0/STM32CubeIDE/plugins/com.st.stm32cube.ide.mcu.externaltools.gnu-tools-for-stm32.11.3.rel1.win32_1.1.100.202309141235/tools/bin/../lib/gcc/arm-none-eabi/11.3.1/../../../../arm-none-eabi/lib/thumb/v6-m/nofp\libc_nano.a
LOAD C:/ST/STM32CubeIDE_1.14.0/STM32CubeIDE/plugins/com.st.stm32cube.ide.mcu.externaltools.gnu-tools-for-stm32.11.3.rel1.win32_1.1.100.202309141235/tools/bin/../lib/gcc/arm-none-eabi/11.3.1/../../../../arm-none-eabi/lib/thumb/v6-m/nofp\libnosys.a
END GROUP
START GROUP
LOAD C:/ST/STM32CubeIDE_1.14.0/STM32CubeIDE/plugins/com.st.stm32cube.ide.mcu.externaltools.gnu-tools-for-stm32.11.3.rel1.win32_1.1.100.202309141235/tools/bin/../lib/gcc/arm-none-eabi/11.3.1/thumb/v6-m/nofp\libgcc.a
LOAD C:/ST/STM32CubeIDE_1.14.0/STM32CubeIDE/plugins/com.st.stm32cube.ide.mcu.externaltools.gnu-tools-for-stm32.11.3.rel1.win32_1.1.100.202309141235/tools/bin/../lib/gcc/arm-none-eabi/11.3.1/../../../../arm-none-eabi/lib/thumb/v6-m/nofp\libc_nano.a
LOAD C:/ST/STM32CubeIDE_1.14.0/STM32CubeIDE/plugins/com.st.stm32cube.ide.mcu.externaltools.gnu-tools-for-stm32.11.3.rel1.win32_1.1.100.202309141235/tools/bin/../lib/gcc/arm-none-eabi/11.3.1/../../../../arm-none-eabi/lib/thumb/v6-m/nofp\libnosys.a
END GROUP
LOAD C:/ST/STM32CubeIDE_1.14.0/STM32CubeIDE/plugins/com.st.stm32cube.ide.mcu.externaltools.gnu-tools-for-stm32.11.3.rel1.win32_1.1.100.202309141235/tools/bin/../lib/gcc/arm-none-eabi/11.3.1/thumb/v6-m/nofp/crtend.o
LOAD C:/ST/STM32CubeIDE_1.14.0/STM32CubeIDE/plugins/com.st.stm32cube.ide.mcu.externaltools.gnu-tools-for-stm32.11.3.rel1.win32_1.1.100.202309141235/tools/bin/../lib/gcc/arm-none-eabi/11.3.1/thumb/v6-m/nofp/crtn.o
                0x0000000020009000                _estack = (ORIGIN (RAM) + LENGTH (RAM))
                0x0000000000000200                _Min_Heap_Size = 0x200
                0x0000000000000400                _Min_Stack_Size = 0x400

.isr_vector     0x0000000008000000       0xb8
                0x0000000008000000                . = ALIGN (0x4)
 *(.isr_vector)
 .isr_vector    0x0000000008000000       0xb8 ./Core/Startup/startup_stm32g070rbtx.o
                0x0000000008000000                g_pfnVectors
                0x00000000080000b8                . = ALIGN (0x4)

.text           0x00000000080000b8    0x10298
                0x00000000080000b8                . = ALIGN (0x4)
 *(.text)
 .text          0x00000000080000b8       0x48 C:/ST/STM32CubeIDE_1.14.0/STM32CubeIDE/plugins/com.st.stm32cube.ide.mcu.externaltools.gnu-tools-for-stm32.11.3.rel1.win32_1.1.100.202309141235/tools/bin/../lib/gcc/arm-none-eabi/11.3.1/thumb/v6-m/nofp/crtbegin.o
 .text          0x0000000008000100        0xe C:/ST/STM32CubeIDE_1.14.0/STM32CubeIDE/plugins/com.st.stm32cube.ide.mcu.externaltools.gnu-tools-for-stm32.11.3.rel1.win32_1.1.100.202309141235/tools/bin/../lib/gcc/arm-none-eabi/11.3.1/../../../../arm-none-eabi/lib/thumb/v6-m/nofp\libc_nano.a(libc_a-strlen.o)
                0x0000000008000100                strlen
 *fill*         0x000000000800010e        0x2 
 .text          0x0000000008000110       0x14 C:/ST/STM32CubeIDE_1.14.0/STM32CubeIDE/plugins/com.st.stm32cube.ide.mcu.externaltools.gnu-tools-for-stm32.11.3.rel1.win32_1.1.100.202309141235/tools/bin/../lib/gcc/arm-none-eabi/11.3.1/thumb/v6-m/nofp\libgcc.a(_thumb1_case_uqi.o)
                0x0000000008000110                __gnu_thumb1_case_uqi
 .text          0x0000000008000124       0x14 C:/ST/STM32CubeIDE_1.14.0/STM32CubeIDE/plugins/com.st.stm32cube.ide.mcu.externaltools.gnu-tools-for-stm32.11.3.rel1.win32_1.1.100.202309141235/tools/bin/../lib/gcc/arm-none-eabi/11.3.1/thumb/v6-m/nofp\libgcc.a(_thumb1_case_shi.o)
                0x0000000008000124                __gnu_thumb1_case_shi
 .text          0x0000000008000138      0x114 C:/ST/STM32CubeIDE_1.14.0/STM32CubeIDE/plugins/com.st.stm32cube.ide.mcu.externaltools.gnu-tools-for-stm32.11.3.rel1.win32_1.1.100.202309141235/tools/bin/../lib/gcc/arm-none-eabi/11.3.1/thumb/v6-m/nofp\libgcc.a(_udivsi3.o)
                0x0000000008000138                __aeabi_uidiv
                0x0000000008000138                __udivsi3
                0x0000000008000244                __aeabi_uidivmod
 .text          0x000000000800024c      0x1d4 C:/ST/STM32CubeIDE_1.14.0/STM32CubeIDE/plugins/com.st.stm32cube.ide.mcu.externaltools.gnu-tools-for-stm32.11.3.rel1.win32_1.1.100.202309141235/tools/bin/../lib/gcc/arm-none-eabi/11.3.1/thumb/v6-m/nofp\libgcc.a(_divsi3.o)
                0x000000000800024c                __divsi3
                0x000000000800024c                __aeabi_idiv
                0x0000000008000418                __aeabi_idivmod
 .text          0x0000000008000420        0x4 C:/ST/STM32CubeIDE_1.14.0/STM32CubeIDE/plugins/com.st.stm32cube.ide.mcu.externaltools.gnu-tools-for-stm32.11.3.rel1.win32_1.1.100.202309141235/tools/bin/../lib/gcc/arm-none-eabi/11.3.1/thumb/v6-m/nofp\libgcc.a(_dvmd_tls.o)
                0x0000000008000420                __aeabi_idiv0
                0x0000000008000420                __aeabi_ldiv0
 .text          0x0000000008000424       0x7c C:/ST/STM32CubeIDE_1.14.0/STM32CubeIDE/plugins/com.st.stm32cube.ide.mcu.externaltools.gnu-tools-for-stm32.11.3.rel1.win32_1.1.100.202309141235/tools/bin/../lib/gcc/arm-none-eabi/11.3.1/thumb/v6-m/nofp\libgcc.a(_arm_cmpdf2.o)
                0x0000000008000424                __aeabi_cdrcmple
                0x0000000008000434                __aeabi_cdcmple
                0x0000000008000434                __aeabi_cdcmpeq
                0x0000000008000444                __aeabi_dcmpeq
                0x0000000008000450                __aeabi_dcmplt
                0x0000000008000464                __aeabi_dcmple
                0x0000000008000478                __aeabi_dcmpgt
                0x000000000800048c                __aeabi_dcmpge
 .text          0x00000000080004a0      0x6c0 C:/ST/STM32CubeIDE_1.14.0/STM32CubeIDE/plugins/com.st.stm32cube.ide.mcu.externaltools.gnu-tools-for-stm32.11.3.rel1.win32_1.1.100.202309141235/tools/bin/../lib/gcc/arm-none-eabi/11.3.1/thumb/v6-m/nofp\libgcc.a(adddf3.o)
                0x00000000080004a0                __aeabi_dadd
 .text          0x0000000008000b60      0x5dc C:/ST/STM32CubeIDE_1.14.0/STM32CubeIDE/plugins/com.st.stm32cube.ide.mcu.externaltools.gnu-tools-for-stm32.11.3.rel1.win32_1.1.100.202309141235/tools/bin/../lib/gcc/arm-none-eabi/11.3.1/thumb/v6-m/nofp\libgcc.a(divdf3.o)
                0x0000000008000b60                __aeabi_ddiv
 .text          0x000000000800113c       0x84 C:/ST/STM32CubeIDE_1.14.0/STM32CubeIDE/plugins/com.st.stm32cube.ide.mcu.externaltools.gnu-tools-for-stm32.11.3.rel1.win32_1.1.100.202309141235/tools/bin/../lib/gcc/arm-none-eabi/11.3.1/thumb/v6-m/nofp\libgcc.a(eqdf2.o)
                0x000000000800113c                __nedf2
                0x000000000800113c                __eqdf2
 .text          0x00000000080011c0       0xcc C:/ST/STM32CubeIDE_1.14.0/STM32CubeIDE/plugins/com.st.stm32cube.ide.mcu.externaltools.gnu-tools-for-stm32.11.3.rel1.win32_1.1.100.202309141235/tools/bin/../lib/gcc/arm-none-eabi/11.3.1/thumb/v6-m/nofp\libgcc.a(gedf2.o)
                0x00000000080011c0                __gedf2
                0x00000000080011c0                __gtdf2
 .text          0x000000000800128c       0xc8 C:/ST/STM32CubeIDE_1.14.0/STM32CubeIDE/plugins/com.st.stm32cube.ide.mcu.externaltools.gnu-tools-for-stm32.11.3.rel1.win32_1.1.100.202309141235/tools/bin/../lib/gcc/arm-none-eabi/11.3.1/thumb/v6-m/nofp\libgcc.a(ledf2.o)
                0x000000000800128c                __ledf2
                0x000000000800128c                __ltdf2
 .text          0x0000000008001354      0x584 C:/ST/STM32CubeIDE_1.14.0/STM32CubeIDE/plugins/com.st.stm32cube.ide.mcu.externaltools.gnu-tools-for-stm32.11.3.rel1.win32_1.1.100.202309141235/tools/bin/../lib/gcc/arm-none-eabi/11.3.1/thumb/v6-m/nofp\libgcc.a(muldf3.o)
                0x0000000008001354                __aeabi_dmul
 .text          0x00000000080018d8      0x704 C:/ST/STM32CubeIDE_1.14.0/STM32CubeIDE/plugins/com.st.stm32cube.ide.mcu.externaltools.gnu-tools-for-stm32.11.3.rel1.win32_1.1.100.202309141235/tools/bin/../lib/gcc/arm-none-eabi/11.3.1/thumb/v6-m/nofp\libgcc.a(subdf3.o)
                0x00000000080018d8                __aeabi_dsub
 .text          0x0000000008001fdc       0x3c C:/ST/STM32CubeIDE_1.14.0/STM32CubeIDE/plugins/com.st.stm32cube.ide.mcu.externaltools.gnu-tools-for-stm32.11.3.rel1.win32_1.1.100.202309141235/tools/bin/../lib/gcc/arm-none-eabi/11.3.1/thumb/v6-m/nofp\libgcc.a(unorddf2.o)
                0x0000000008001fdc                __aeabi_dcmpun
 .text          0x0000000008002018       0x6c C:/ST/STM32CubeIDE_1.14.0/STM32CubeIDE/plugins/com.st.stm32cube.ide.mcu.externaltools.gnu-tools-for-stm32.11.3.rel1.win32_1.1.100.202309141235/tools/bin/../lib/gcc/arm-none-eabi/11.3.1/thumb/v6-m/nofp\libgcc.a(fixdfsi.o)
                0x0000000008002018                __aeabi_d2iz
 .text          0x0000000008002084       0x60 C:/ST/STM32CubeIDE_1.14.0/STM32CubeIDE/plugins/com.st.stm32cube.ide.mcu.externaltools.gnu-tools-for-stm32.11.3.rel1.win32_1.1.100.202309141235/tools/bin/../lib/gcc/arm-none-eabi/11.3.1/thumb/v6-m/nofp\libgcc.a(floatsidf.o)
                0x0000000008002084                __aeabi_i2d
 .text          0x00000000080020e4       0x4c C:/ST/STM32CubeIDE_1.14.0/STM32CubeIDE/plugins/com.st.stm32cube.ide.mcu.externaltools.gnu-tools-for-stm32.11.3.rel1.win32_1.1.100.202309141235/tools/bin/../lib/gcc/arm-none-eabi/11.3.1/thumb/v6-m/nofp\libgcc.a(floatunsidf.o)
                0x00000000080020e4                __aeabi_ui2d
 .text          0x0000000008002130       0x3c C:/ST/STM32CubeIDE_1.14.0/STM32CubeIDE/plugins/com.st.stm32cube.ide.mcu.externaltools.gnu-tools-for-stm32.11.3.rel1.win32_1.1.100.202309141235/tools/bin/../lib/gcc/arm-none-eabi/11.3.1/thumb/v6-m/nofp\libgcc.a(_clzsi2.o)
                0x0000000008002130                __clzsi2
 *(.text*)
 .text.MX_BlueNRG_2_Init
                0x000000000800216c       0x60 ./BlueNRG_2/App/app_bluenrg_2.o
                0x000000000800216c                MX_BlueNRG_2_Init
 .text.MX_BlueNRG_2_Process
                0x00000000080021cc       0x12 ./BlueNRG_2/App/app_bluenrg_2.o
                0x00000000080021cc                MX_BlueNRG_2_Process
 *fill*         0x00000000080021de        0x2 
 .text.sendData
                0x00000000080021e0       0xe4 ./BlueNRG_2/App/app_bluenrg_2.o
 .text.receiveData
                0x00000000080022c4       0x50 ./BlueNRG_2/App/app_bluenrg_2.o
 .text.Reset_DiscoveryContext
                0x0000000008002314       0xc8 ./BlueNRG_2/App/app_bluenrg_2.o
 .text.Setup_DeviceAddress
                0x00000000080023dc      0x138 ./BlueNRG_2/App/app_bluenrg_2.o
 .text.Find_DeviceName
                0x0000000008002514       0x80 ./BlueNRG_2/App/app_bluenrg_2.o
 .text.Attribute_Modified_CB
                0x0000000008002594       0x6c ./BlueNRG_2/App/app_bluenrg_2.o
 .text.SampleAppInit
                0x0000000008002600       0xc0 ./BlueNRG_2/App/app_bluenrg_2.o
 .text.User_Init
                0x00000000080026c0       0x1e ./BlueNRG_2/App/app_bluenrg_2.o
 *fill*         0x00000000080026de        0x2 
 .text.Connection_StateMachine
                0x00000000080026e0      0x310 ./BlueNRG_2/App/app_bluenrg_2.o
 .text.User_Process
                0x00000000080029f0      0x320 ./BlueNRG_2/App/app_bluenrg_2.o
 .text.aci_gap_proc_complete_event
                0x0000000008002d10       0x68 ./BlueNRG_2/App/app_bluenrg_2.o
                0x0000000008002d10                aci_gap_proc_complete_event
 .text.hci_le_connection_complete_event
                0x0000000008002d78       0xe0 ./BlueNRG_2/App/app_bluenrg_2.o
                0x0000000008002d78                hci_le_connection_complete_event
 .text.hci_disconnection_complete_event
                0x0000000008002e58       0xc0 ./BlueNRG_2/App/app_bluenrg_2.o
                0x0000000008002e58                hci_disconnection_complete_event
 .text.hci_le_advertising_report_event
                0x0000000008002f18       0xb4 ./BlueNRG_2/App/app_bluenrg_2.o
                0x0000000008002f18                hci_le_advertising_report_event
 .text.aci_gatt_attribute_modified_event
                0x0000000008002fcc       0x40 ./BlueNRG_2/App/app_bluenrg_2.o
                0x0000000008002fcc                aci_gatt_attribute_modified_event
 .text.aci_gatt_notification_event
                0x000000000800300c       0x50 ./BlueNRG_2/App/app_bluenrg_2.o
                0x000000000800300c                aci_gatt_notification_event
 .text.aci_gatt_disc_read_char_by_uuid_resp_event
                0x000000000800305c       0xe4 ./BlueNRG_2/App/app_bluenrg_2.o
                0x000000000800305c                aci_gatt_disc_read_char_by_uuid_resp_event
 .text.aci_gatt_proc_complete_event
                0x0000000008003140       0x6c ./BlueNRG_2/App/app_bluenrg_2.o
                0x0000000008003140                aci_gatt_proc_complete_event
 .text.aci_gatt_tx_pool_available_event
                0x00000000080031ac       0x30 ./BlueNRG_2/App/app_bluenrg_2.o
                0x00000000080031ac                aci_gatt_tx_pool_available_event
 .text.aci_att_exchange_mtu_resp_event
                0x00000000080031dc       0x78 ./BlueNRG_2/App/app_bluenrg_2.o
                0x00000000080031dc                aci_att_exchange_mtu_resp_event
 .text.Add_Sample_Service
                0x0000000008003254      0x144 ./BlueNRG_2/App/gatt_db.o
                0x0000000008003254                Add_Sample_Service
 .text.APP_UserEvtRx
                0x0000000008003398      0x100 ./BlueNRG_2/App/gatt_db.o
                0x0000000008003398                APP_UserEvtRx
 .text.HCI_TL_SPI_Enable_IRQ
                0x0000000008003498       0x10 ./BlueNRG_2/Target/hci_tl_interface.o
 .text.HCI_TL_SPI_Disable_IRQ
                0x00000000080034a8       0x10 ./BlueNRG_2/Target/hci_tl_interface.o
 .text.HCI_TL_SPI_Init
                0x00000000080034b8       0xb4 ./BlueNRG_2/Target/hci_tl_interface.o
                0x00000000080034b8                HCI_TL_SPI_Init
 .text.HCI_TL_SPI_DeInit
                0x000000000800356c       0x34 ./BlueNRG_2/Target/hci_tl_interface.o
                0x000000000800356c                HCI_TL_SPI_DeInit
 .text.HCI_TL_SPI_Reset
                0x00000000080035a0       0x44 ./BlueNRG_2/Target/hci_tl_interface.o
                0x00000000080035a0                HCI_TL_SPI_Reset
 .text.HCI_TL_SPI_Receive
                0x00000000080035e4      0x120 ./BlueNRG_2/Target/hci_tl_interface.o
                0x00000000080035e4                HCI_TL_SPI_Receive
 .text.HCI_TL_SPI_Send
                0x0000000008003704      0x134 ./BlueNRG_2/Target/hci_tl_interface.o
                0x0000000008003704                HCI_TL_SPI_Send
 .text.IsDataAvailable
                0x0000000008003838       0x20 ./BlueNRG_2/Target/hci_tl_interface.o
 .text.hci_tl_lowlevel_init
                0x0000000008003858       0x84 ./BlueNRG_2/Target/hci_tl_interface.o
                0x0000000008003858                hci_tl_lowlevel_init
 .text.hci_tl_lowlevel_isr
                0x00000000080038dc       0x20 ./BlueNRG_2/Target/hci_tl_interface.o
                0x00000000080038dc                hci_tl_lowlevel_isr
 .text.HAL_ADC_ConvCpltCallback
                0x00000000080038fc       0x20 ./Core/Src/main.o
                0x00000000080038fc                HAL_ADC_ConvCpltCallback
 .text.main     0x000000000800391c       0x84 ./Core/Src/main.o
                0x000000000800391c                main
 .text.SystemClock_Config
                0x00000000080039a0       0x90 ./Core/Src/main.o
                0x00000000080039a0                SystemClock_Config
 .text.MX_NVIC_Init
                0x0000000008003a30       0x4a ./Core/Src/main.o
 *fill*         0x0000000008003a7a        0x2 
 .text.MX_ADC1_Init
                0x0000000008003a7c       0xd8 ./Core/Src/main.o
 .text.MX_TIM3_Init
                0x0000000008003b54      0x110 ./Core/Src/main.o
 .text.MX_DMA_Init
                0x0000000008003c64       0x2c ./Core/Src/main.o
 .text.MX_GPIO_Init
                0x0000000008003c90      0x1e0 ./Core/Src/main.o
 .text.enable_dualbridge
                0x0000000008003e70       0x34 ./Core/Src/main.o
                0x0000000008003e70                enable_dualbridge
 .text.ihm12a1_stspin240_init
                0x0000000008003ea4       0x5c ./Core/Src/main.o
                0x0000000008003ea4                ihm12a1_stspin240_init
 .text.Error_Handler
                0x0000000008003f00        0xa ./Core/Src/main.o
                0x0000000008003f00                Error_Handler
 *fill*         0x0000000008003f0a        0x2 
 .text.HAL_MspInit
                0x0000000008003f0c       0x50 ./Core/Src/stm32g0xx_hal_msp.o
                0x0000000008003f0c                HAL_MspInit
 .text.HAL_ADC_MspInit
                0x0000000008003f5c       0xe8 ./Core/Src/stm32g0xx_hal_msp.o
                0x0000000008003f5c                HAL_ADC_MspInit
 .text.HAL_TIM_Base_MspInit
                0x0000000008004044       0x3c ./Core/Src/stm32g0xx_hal_msp.o
                0x0000000008004044                HAL_TIM_Base_MspInit
 .text.HAL_TIM_MspPostInit
                0x0000000008004080       0x7c ./Core/Src/stm32g0xx_hal_msp.o
                0x0000000008004080                HAL_TIM_MspPostInit
 .text.NMI_Handler
                0x00000000080040fc        0x6 ./Core/Src/stm32g0xx_it.o
                0x00000000080040fc                NMI_Handler
 .text.HardFault_Handler
                0x0000000008004102        0x6 ./Core/Src/stm32g0xx_it.o
                0x0000000008004102                HardFault_Handler
 .text.SVC_Handler
                0x0000000008004108        0xa ./Core/Src/stm32g0xx_it.o
                0x0000000008004108                SVC_Handler
 .text.PendSV_Handler
                0x0000000008004112        0xa ./Core/Src/stm32g0xx_it.o
                0x0000000008004112                PendSV_Handler
 .text.SysTick_Handler
                0x000000000800411c        0xe ./Core/Src/stm32g0xx_it.o
                0x000000000800411c                SysTick_Handler
 *fill*         0x000000000800412a        0x2 
 .text.EXTI0_1_IRQHandler
                0x000000000800412c       0x4c ./Core/Src/stm32g0xx_it.o
                0x000000000800412c                EXTI0_1_IRQHandler
 .text.EXTI2_3_IRQHandler
                0x0000000008004178       0x10 ./Core/Src/stm32g0xx_it.o
                0x0000000008004178                EXTI2_3_IRQHandler
 .text.EXTI4_15_IRQHandler
                0x0000000008004188       0x18 ./Core/Src/stm32g0xx_it.o
                0x0000000008004188                EXTI4_15_IRQHandler
 .text.DMA1_Channel1_IRQHandler
                0x00000000080041a0       0x18 ./Core/Src/stm32g0xx_it.o
                0x00000000080041a0                DMA1_Channel1_IRQHandler
 .text.BSP_SPI1_Init
                0x00000000080041b8       0x60 ./Core/Src/stm32g0xx_nucleo_bus.o
                0x00000000080041b8                BSP_SPI1_Init
 .text.BSP_SPI1_SendRecv
                0x0000000008004218       0x40 ./Core/Src/stm32g0xx_nucleo_bus.o
                0x0000000008004218                BSP_SPI1_SendRecv
 .text.BSP_GetTick
                0x0000000008004258       0x10 ./Core/Src/stm32g0xx_nucleo_bus.o
                0x0000000008004258                BSP_GetTick
 .text.MX_SPI1_Init
                0x0000000008004268       0x90 ./Core/Src/stm32g0xx_nucleo_bus.o
                0x0000000008004268                MX_SPI1_Init
 .text.SPI1_MspInit
                0x00000000080042f8       0xd0 ./Core/Src/stm32g0xx_nucleo_bus.o
 .text._getpid  0x00000000080043c8        0xc ./Core/Src/syscalls.o
                0x00000000080043c8                _getpid
 .text._kill    0x00000000080043d4       0x20 ./Core/Src/syscalls.o
                0x00000000080043d4                _kill
 .text._exit    0x00000000080043f4       0x18 ./Core/Src/syscalls.o
                0x00000000080043f4                _exit
 .text._read    0x000000000800440c       0x3a ./Core/Src/syscalls.o
                0x000000000800440c                _read
 .text._write   0x0000000008004446       0x38 ./Core/Src/syscalls.o
                0x0000000008004446                _write
 .text._close   0x000000000800447e       0x14 ./Core/Src/syscalls.o
                0x000000000800447e                _close
 .text._fstat   0x0000000008004492       0x1c ./Core/Src/syscalls.o
                0x0000000008004492                _fstat
 .text._isatty  0x00000000080044ae       0x12 ./Core/Src/syscalls.o
                0x00000000080044ae                _isatty
 .text._lseek   0x00000000080044c0       0x16 ./Core/Src/syscalls.o
                0x00000000080044c0                _lseek
 *fill*         0x00000000080044d6        0x2 
 .text._sbrk    0x00000000080044d8       0x6c ./Core/Src/sysmem.o
                0x00000000080044d8                _sbrk
 .text.SystemInit
                0x0000000008004544        0xa ./Core/Src/system_stm32g0xx.o
                0x0000000008004544                SystemInit
 *fill*         0x000000000800454e        0x2 
 .text.Reset_Handler
                0x0000000008004550       0x50 ./Core/Startup/startup_stm32g070rbtx.o
                0x0000000008004550                Reset_Handler
 .text.Default_Handler
                0x00000000080045a0        0x2 ./Core/Startup/startup_stm32g070rbtx.o
                0x00000000080045a0                TIM1_CC_IRQHandler
                0x00000000080045a0                TIM6_IRQHandler
                0x00000000080045a0                I2C1_IRQHandler
                0x00000000080045a0                RTC_TAMP_IRQHandler
                0x00000000080045a0                SPI1_IRQHandler
                0x00000000080045a0                USART3_4_IRQHandler
                0x00000000080045a0                ADC1_IRQHandler
                0x00000000080045a0                I2C2_IRQHandler
                0x00000000080045a0                TIM17_IRQHandler
                0x00000000080045a0                TIM16_IRQHandler
                0x00000000080045a0                TIM3_IRQHandler
                0x00000000080045a0                RCC_IRQHandler
                0x00000000080045a0                Default_Handler
                0x00000000080045a0                TIM14_IRQHandler
                0x00000000080045a0                TIM7_IRQHandler
                0x00000000080045a0                TIM15_IRQHandler
                0x00000000080045a0                SPI2_IRQHandler
                0x00000000080045a0                WWDG_IRQHandler
                0x00000000080045a0                DMA1_Ch4_7_DMAMUX1_OVR_IRQHandler
                0x00000000080045a0                DMA1_Channel2_3_IRQHandler
                0x00000000080045a0                USART2_IRQHandler
                0x00000000080045a0                FLASH_IRQHandler
                0x00000000080045a0                USART1_IRQHandler
                0x00000000080045a0                TIM1_BRK_UP_TRG_COM_IRQHandler
 *fill*         0x00000000080045a2        0x2 
 .text.BSP_LED_Init
                0x00000000080045a4       0x28 ./Drivers/BSP/STM32G0xx_Nucleo/stm32g0xx_nucleo.o
                0x00000000080045a4                BSP_LED_Init
 .text.BSP_LED_On
                0x00000000080045cc       0x30 ./Drivers/BSP/STM32G0xx_Nucleo/stm32g0xx_nucleo.o
                0x00000000080045cc                BSP_LED_On
 .text.BSP_LED_Off
                0x00000000080045fc       0x30 ./Drivers/BSP/STM32G0xx_Nucleo/stm32g0xx_nucleo.o
                0x00000000080045fc                BSP_LED_Off
 .text.BSP_LED_Toggle
                0x000000000800462c       0x30 ./Drivers/BSP/STM32G0xx_Nucleo/stm32g0xx_nucleo.o
                0x000000000800462c                BSP_LED_Toggle
 .text.LED_USER_GPIO_Init
                0x000000000800465c       0x88 ./Drivers/BSP/STM32G0xx_Nucleo/stm32g0xx_nucleo.o
 .text.BSP_PB_Init
                0x00000000080046e4       0xc0 ./Drivers/BSP/STM32G0xx_Nucleo/stm32g0xx_nucleo.o
                0x00000000080046e4                BSP_PB_Init
 .text.BSP_PB_GetState
                0x00000000080047a4       0x38 ./Drivers/BSP/STM32G0xx_Nucleo/stm32g0xx_nucleo.o
                0x00000000080047a4                BSP_PB_GetState
 .text.BSP_PB_Callback
                0x00000000080047dc       0x14 ./Drivers/BSP/STM32G0xx_Nucleo/stm32g0xx_nucleo.o
                0x00000000080047dc                BSP_PB_Callback
 .text.BUTTON_USER_EXTI_Callback
                0x00000000080047f0       0x10 ./Drivers/BSP/STM32G0xx_Nucleo/stm32g0xx_nucleo.o
 .text.BUTTON_USER_GPIO_Init
                0x0000000008004800       0x78 ./Drivers/BSP/STM32G0xx_Nucleo/stm32g0xx_nucleo.o
 .text.BSP_COM_Init
                0x0000000008004878       0x78 ./Drivers/BSP/STM32G0xx_Nucleo/stm32g0xx_nucleo.o
                0x0000000008004878                BSP_COM_Init
 .text.MX_USART2_UART_Init
                0x00000000080048f0       0xb8 ./Drivers/BSP/STM32G0xx_Nucleo/stm32g0xx_nucleo.o
                0x00000000080048f0                MX_USART2_UART_Init
 .text.__io_putchar
                0x00000000080049a8       0x34 ./Drivers/BSP/STM32G0xx_Nucleo/stm32g0xx_nucleo.o
                0x00000000080049a8                __io_putchar
 .text.USART2_MspInit
                0x00000000080049dc       0xc8 ./Drivers/BSP/STM32G0xx_Nucleo/stm32g0xx_nucleo.o
 .text.HAL_Init
                0x0000000008004aa4       0x40 ./Drivers/STM32G0xx_HAL_Driver/Src/stm32g0xx_hal.o
                0x0000000008004aa4                HAL_Init
 .text.HAL_InitTick
                0x0000000008004ae4       0x94 ./Drivers/STM32G0xx_HAL_Driver/Src/stm32g0xx_hal.o
                0x0000000008004ae4                HAL_InitTick
 .text.HAL_IncTick
                0x0000000008004b78       0x24 ./Drivers/STM32G0xx_HAL_Driver/Src/stm32g0xx_hal.o
                0x0000000008004b78                HAL_IncTick
 .text.HAL_GetTick
                0x0000000008004b9c       0x14 ./Drivers/STM32G0xx_HAL_Driver/Src/stm32g0xx_hal.o
                0x0000000008004b9c                HAL_GetTick
 .text.HAL_Delay
                0x0000000008004bb0       0x48 ./Drivers/STM32G0xx_HAL_Driver/Src/stm32g0xx_hal.o
                0x0000000008004bb0                HAL_Delay
 .text.HAL_SYSCFG_StrobeDBattpinsConfig
                0x0000000008004bf8       0x2c ./Drivers/STM32G0xx_HAL_Driver/Src/stm32g0xx_hal.o
                0x0000000008004bf8                HAL_SYSCFG_StrobeDBattpinsConfig
 .text.LL_ADC_SetCommonPathInternalCh
                0x0000000008004c24       0x28 ./Drivers/STM32G0xx_HAL_Driver/Src/stm32g0xx_hal_adc.o
 .text.LL_ADC_GetCommonPathInternalCh
                0x0000000008004c4c       0x1a ./Drivers/STM32G0xx_HAL_Driver/Src/stm32g0xx_hal_adc.o
 .text.LL_ADC_SetSamplingTimeCommonChannels
                0x0000000008004c66       0x3a ./Drivers/STM32G0xx_HAL_Driver/Src/stm32g0xx_hal_adc.o
 .text.LL_ADC_GetSamplingTimeCommonChannels
                0x0000000008004ca0       0x2e ./Drivers/STM32G0xx_HAL_Driver/Src/stm32g0xx_hal_adc.o
 .text.LL_ADC_REG_IsTriggerSourceSWStart
                0x0000000008004cce       0x22 ./Drivers/STM32G0xx_HAL_Driver/Src/stm32g0xx_hal_adc.o
 .text.LL_ADC_REG_SetSequencerRanks
                0x0000000008004cf0       0x40 ./Drivers/STM32G0xx_HAL_Driver/Src/stm32g0xx_hal_adc.o
 .text.LL_ADC_REG_SetSequencerChAdd
                0x0000000008004d30       0x22 ./Drivers/STM32G0xx_HAL_Driver/Src/stm32g0xx_hal_adc.o
 .text.LL_ADC_REG_SetSequencerChRem
                0x0000000008004d52       0x24 ./Drivers/STM32G0xx_HAL_Driver/Src/stm32g0xx_hal_adc.o
 *fill*         0x0000000008004d76        0x2 
 .text.LL_ADC_SetChannelSamplingTime
                0x0000000008004d78       0x38 ./Drivers/STM32G0xx_HAL_Driver/Src/stm32g0xx_hal_adc.o
 .text.LL_ADC_EnableInternalRegulator
                0x0000000008004db0       0x28 ./Drivers/STM32G0xx_HAL_Driver/Src/stm32g0xx_hal_adc.o
 .text.LL_ADC_IsInternalRegulatorEnabled
                0x0000000008004dd8       0x28 ./Drivers/STM32G0xx_HAL_Driver/Src/stm32g0xx_hal_adc.o
 .text.LL_ADC_Enable
                0x0000000008004e00       0x24 ./Drivers/STM32G0xx_HAL_Driver/Src/stm32g0xx_hal_adc.o
 .text.LL_ADC_Disable
                0x0000000008004e24       0x24 ./Drivers/STM32G0xx_HAL_Driver/Src/stm32g0xx_hal_adc.o
 .text.LL_ADC_IsEnabled
                0x0000000008004e48       0x22 ./Drivers/STM32G0xx_HAL_Driver/Src/stm32g0xx_hal_adc.o
 *fill*         0x0000000008004e6a        0x2 
 .text.LL_ADC_REG_StartConversion
                0x0000000008004e6c       0x24 ./Drivers/STM32G0xx_HAL_Driver/Src/stm32g0xx_hal_adc.o
 .text.LL_ADC_REG_IsConversionOngoing
                0x0000000008004e90       0x22 ./Drivers/STM32G0xx_HAL_Driver/Src/stm32g0xx_hal_adc.o
 *fill*         0x0000000008004eb2        0x2 
 .text.HAL_ADC_Init
                0x0000000008004eb4      0x350 ./Drivers/STM32G0xx_HAL_Driver/Src/stm32g0xx_hal_adc.o
                0x0000000008004eb4                HAL_ADC_Init
 .text.HAL_ADC_Start_DMA
                0x0000000008005204      0x11c ./Drivers/STM32G0xx_HAL_Driver/Src/stm32g0xx_hal_adc.o
                0x0000000008005204                HAL_ADC_Start_DMA
 .text.HAL_ADC_ConvHalfCpltCallback
                0x0000000008005320       0x10 ./Drivers/STM32G0xx_HAL_Driver/Src/stm32g0xx_hal_adc.o
                0x0000000008005320                HAL_ADC_ConvHalfCpltCallback
 .text.HAL_ADC_ErrorCallback
                0x0000000008005330       0x10 ./Drivers/STM32G0xx_HAL_Driver/Src/stm32g0xx_hal_adc.o
                0x0000000008005330                HAL_ADC_ErrorCallback
 .text.HAL_ADC_ConfigChannel
                0x0000000008005340      0x3b0 ./Drivers/STM32G0xx_HAL_Driver/Src/stm32g0xx_hal_adc.o
                0x0000000008005340                HAL_ADC_ConfigChannel
 .text.ADC_Enable
                0x00000000080056f0      0x10c ./Drivers/STM32G0xx_HAL_Driver/Src/stm32g0xx_hal_adc.o
                0x00000000080056f0                ADC_Enable
 .text.ADC_DMAConvCplt
                0x00000000080057fc       0xc8 ./Drivers/STM32G0xx_HAL_Driver/Src/stm32g0xx_hal_adc.o
 .text.ADC_DMAHalfConvCplt
                0x00000000080058c4       0x1e ./Drivers/STM32G0xx_HAL_Driver/Src/stm32g0xx_hal_adc.o
 .text.ADC_DMAError
                0x00000000080058e2       0x36 ./Drivers/STM32G0xx_HAL_Driver/Src/stm32g0xx_hal_adc.o
 .text.__NVIC_EnableIRQ
                0x0000000008005918       0x34 ./Drivers/STM32G0xx_HAL_Driver/Src/stm32g0xx_hal_cortex.o
 .text.__NVIC_DisableIRQ
                0x000000000800594c       0x44 ./Drivers/STM32G0xx_HAL_Driver/Src/stm32g0xx_hal_cortex.o
 .text.__NVIC_SetPriority
                0x0000000008005990       0xdc ./Drivers/STM32G0xx_HAL_Driver/Src/stm32g0xx_hal_cortex.o
 .text.SysTick_Config
                0x0000000008005a6c       0x48 ./Drivers/STM32G0xx_HAL_Driver/Src/stm32g0xx_hal_cortex.o
 .text.HAL_NVIC_SetPriority
                0x0000000008005ab4       0x2a ./Drivers/STM32G0xx_HAL_Driver/Src/stm32g0xx_hal_cortex.o
                0x0000000008005ab4                HAL_NVIC_SetPriority
 .text.HAL_NVIC_EnableIRQ
                0x0000000008005ade       0x20 ./Drivers/STM32G0xx_HAL_Driver/Src/stm32g0xx_hal_cortex.o
                0x0000000008005ade                HAL_NVIC_EnableIRQ
 .text.HAL_NVIC_DisableIRQ
                0x0000000008005afe       0x20 ./Drivers/STM32G0xx_HAL_Driver/Src/stm32g0xx_hal_cortex.o
                0x0000000008005afe                HAL_NVIC_DisableIRQ
 .text.HAL_SYSTICK_Config
                0x0000000008005b1e       0x1a ./Drivers/STM32G0xx_HAL_Driver/Src/stm32g0xx_hal_cortex.o
                0x0000000008005b1e                HAL_SYSTICK_Config
 .text.HAL_DMA_Init
                0x0000000008005b38      0x114 ./Drivers/STM32G0xx_HAL_Driver/Src/stm32g0xx_hal_dma.o
                0x0000000008005b38                HAL_DMA_Init
 .text.HAL_DMA_Start_IT
                0x0000000008005c4c      0x10c ./Drivers/STM32G0xx_HAL_Driver/Src/stm32g0xx_hal_dma.o
                0x0000000008005c4c                HAL_DMA_Start_IT
 .text.HAL_DMA_IRQHandler
                0x0000000008005d58      0x164 ./Drivers/STM32G0xx_HAL_Driver/Src/stm32g0xx_hal_dma.o
                0x0000000008005d58                HAL_DMA_IRQHandler
 .text.DMA_SetConfig
                0x0000000008005ebc       0x80 ./Drivers/STM32G0xx_HAL_Driver/Src/stm32g0xx_hal_dma.o
 .text.DMA_CalcDMAMUXChannelBaseAndMask
                0x0000000008005f3c       0x58 ./Drivers/STM32G0xx_HAL_Driver/Src/stm32g0xx_hal_dma.o
 .text.DMA_CalcDMAMUXRequestGenBaseAndMask
                0x0000000008005f94       0x48 ./Drivers/STM32G0xx_HAL_Driver/Src/stm32g0xx_hal_dma.o
 .text.HAL_EXTI_RegisterCallback
                0x0000000008005fdc       0x64 ./Drivers/STM32G0xx_HAL_Driver/Src/stm32g0xx_hal_exti.o
                0x0000000008005fdc                HAL_EXTI_RegisterCallback
 .text.HAL_EXTI_GetHandle
                0x0000000008006040       0x24 ./Drivers/STM32G0xx_HAL_Driver/Src/stm32g0xx_hal_exti.o
                0x0000000008006040                HAL_EXTI_GetHandle
 .text.HAL_EXTI_IRQHandler
                0x0000000008006064       0x94 ./Drivers/STM32G0xx_HAL_Driver/Src/stm32g0xx_hal_exti.o
                0x0000000008006064                HAL_EXTI_IRQHandler
 .text.HAL_GPIO_Init
                0x00000000080060f8      0x2c8 ./Drivers/STM32G0xx_HAL_Driver/Src/stm32g0xx_hal_gpio.o
                0x00000000080060f8                HAL_GPIO_Init
 .text.HAL_GPIO_DeInit
                0x00000000080063c0      0x1a0 ./Drivers/STM32G0xx_HAL_Driver/Src/stm32g0xx_hal_gpio.o
                0x00000000080063c0                HAL_GPIO_DeInit
 .text.HAL_GPIO_ReadPin
                0x0000000008006560       0x3a ./Drivers/STM32G0xx_HAL_Driver/Src/stm32g0xx_hal_gpio.o
                0x0000000008006560                HAL_GPIO_ReadPin
 .text.HAL_GPIO_WritePin
                0x000000000800659a       0x3a ./Drivers/STM32G0xx_HAL_Driver/Src/stm32g0xx_hal_gpio.o
                0x000000000800659a                HAL_GPIO_WritePin
 .text.HAL_GPIO_TogglePin
                0x00000000080065d4       0x36 ./Drivers/STM32G0xx_HAL_Driver/Src/stm32g0xx_hal_gpio.o
                0x00000000080065d4                HAL_GPIO_TogglePin
 *fill*         0x000000000800660a        0x2 
 .text.HAL_GPIO_EXTI_IRQHandler
                0x000000000800660c       0x54 ./Drivers/STM32G0xx_HAL_Driver/Src/stm32g0xx_hal_gpio.o
                0x000000000800660c                HAL_GPIO_EXTI_IRQHandler
 .text.HAL_GPIO_EXTI_Rising_Callback
                0x0000000008006660       0x14 ./Drivers/STM32G0xx_HAL_Driver/Src/stm32g0xx_hal_gpio.o
                0x0000000008006660                HAL_GPIO_EXTI_Rising_Callback
 .text.HAL_GPIO_EXTI_Falling_Callback
                0x0000000008006674       0x14 ./Drivers/STM32G0xx_HAL_Driver/Src/stm32g0xx_hal_gpio.o
                0x0000000008006674                HAL_GPIO_EXTI_Falling_Callback
 .text.HAL_PWREx_ControlVoltageScaling
                0x0000000008006688       0x80 ./Drivers/STM32G0xx_HAL_Driver/Src/stm32g0xx_hal_pwr_ex.o
                0x0000000008006688                HAL_PWREx_ControlVoltageScaling
 .text.LL_RCC_GetAPB1Prescaler
                0x0000000008006708       0x18 ./Drivers/STM32G0xx_HAL_Driver/Src/stm32g0xx_hal_rcc.o
 .text.HAL_RCC_OscConfig
                0x0000000008006720      0x620 ./Drivers/STM32G0xx_HAL_Driver/Src/stm32g0xx_hal_rcc.o
                0x0000000008006720                HAL_RCC_OscConfig
 .text.HAL_RCC_ClockConfig
                0x0000000008006d40      0x210 ./Drivers/STM32G0xx_HAL_Driver/Src/stm32g0xx_hal_rcc.o
                0x0000000008006d40                HAL_RCC_ClockConfig
 .text.HAL_RCC_GetSysClockFreq
                0x0000000008006f50      0x104 ./Drivers/STM32G0xx_HAL_Driver/Src/stm32g0xx_hal_rcc.o
                0x0000000008006f50                HAL_RCC_GetSysClockFreq
 .text.HAL_RCC_GetHCLKFreq
                0x0000000008007054       0x14 ./Drivers/STM32G0xx_HAL_Driver/Src/stm32g0xx_hal_rcc.o
                0x0000000008007054                HAL_RCC_GetHCLKFreq
 .text.HAL_RCC_GetPCLK1Freq
                0x0000000008007068       0x2c ./Drivers/STM32G0xx_HAL_Driver/Src/stm32g0xx_hal_rcc.o
                0x0000000008007068                HAL_RCC_GetPCLK1Freq
 .text.HAL_RCCEx_PeriphCLKConfig
                0x0000000008007094      0x268 ./Drivers/STM32G0xx_HAL_Driver/Src/stm32g0xx_hal_rcc_ex.o
                0x0000000008007094                HAL_RCCEx_PeriphCLKConfig
 .text.HAL_SPI_Init
                0x00000000080072fc      0x170 ./Drivers/STM32G0xx_HAL_Driver/Src/stm32g0xx_hal_spi.o
                0x00000000080072fc                HAL_SPI_Init
 .text.HAL_SPI_MspInit
                0x000000000800746c       0x10 ./Drivers/STM32G0xx_HAL_Driver/Src/stm32g0xx_hal_spi.o
                0x000000000800746c                HAL_SPI_MspInit
 .text.HAL_SPI_TransmitReceive
                0x000000000800747c      0x3c4 ./Drivers/STM32G0xx_HAL_Driver/Src/stm32g0xx_hal_spi.o
                0x000000000800747c                HAL_SPI_TransmitReceive
 .text.HAL_SPI_GetState
                0x0000000008007840       0x18 ./Drivers/STM32G0xx_HAL_Driver/Src/stm32g0xx_hal_spi.o
                0x0000000008007840                HAL_SPI_GetState
 .text.SPI_WaitFlagStateUntilTimeout
                0x0000000008007858      0x11c ./Drivers/STM32G0xx_HAL_Driver/Src/stm32g0xx_hal_spi.o
 .text.SPI_WaitFifoStateUntilTimeout
                0x0000000008007974      0x144 ./Drivers/STM32G0xx_HAL_Driver/Src/stm32g0xx_hal_spi.o
 .text.SPI_EndRxTxTransaction
                0x0000000008007ab8       0x8c ./Drivers/STM32G0xx_HAL_Driver/Src/stm32g0xx_hal_spi.o
 .text.HAL_TIM_Base_Init
                0x0000000008007b44       0xb0 ./Drivers/STM32G0xx_HAL_Driver/Src/stm32g0xx_hal_tim.o
                0x0000000008007b44                HAL_TIM_Base_Init
 .text.HAL_TIM_PWM_Init
                0x0000000008007bf4       0xb0 ./Drivers/STM32G0xx_HAL_Driver/Src/stm32g0xx_hal_tim.o
                0x0000000008007bf4                HAL_TIM_PWM_Init
 .text.HAL_TIM_PWM_MspInit
                0x0000000008007ca4       0x10 ./Drivers/STM32G0xx_HAL_Driver/Src/stm32g0xx_hal_tim.o
                0x0000000008007ca4                HAL_TIM_PWM_MspInit
 .text.HAL_TIM_PWM_Start
                0x0000000008007cb4      0x1c8 ./Drivers/STM32G0xx_HAL_Driver/Src/stm32g0xx_hal_tim.o
                0x0000000008007cb4                HAL_TIM_PWM_Start
 .text.HAL_TIM_PWM_ConfigChannel
                0x0000000008007e7c      0x200 ./Drivers/STM32G0xx_HAL_Driver/Src/stm32g0xx_hal_tim.o
                0x0000000008007e7c                HAL_TIM_PWM_ConfigChannel
 .text.HAL_TIM_ConfigClockSource
                0x000000000800807c      0x1ac ./Drivers/STM32G0xx_HAL_Driver/Src/stm32g0xx_hal_tim.o
                0x000000000800807c                HAL_TIM_ConfigClockSource
 .text.TIM_Base_SetConfig
                0x0000000008008228      0x108 ./Drivers/STM32G0xx_HAL_Driver/Src/stm32g0xx_hal_tim.o
                0x0000000008008228                TIM_Base_SetConfig
 .text.TIM_OC1_SetConfig
                0x0000000008008330      0x114 ./Drivers/STM32G0xx_HAL_Driver/Src/stm32g0xx_hal_tim.o
 .text.TIM_OC2_SetConfig
                0x0000000008008444      0x108 ./Drivers/STM32G0xx_HAL_Driver/Src/stm32g0xx_hal_tim.o
                0x0000000008008444                TIM_OC2_SetConfig
 .text.TIM_OC3_SetConfig
                0x000000000800854c      0x110 ./Drivers/STM32G0xx_HAL_Driver/Src/stm32g0xx_hal_tim.o
 .text.TIM_OC4_SetConfig
                0x000000000800865c       0xd4 ./Drivers/STM32G0xx_HAL_Driver/Src/stm32g0xx_hal_tim.o
 .text.TIM_OC5_SetConfig
                0x0000000008008730       0xc0 ./Drivers/STM32G0xx_HAL_Driver/Src/stm32g0xx_hal_tim.o
 .text.TIM_OC6_SetConfig
                0x00000000080087f0       0xc8 ./Drivers/STM32G0xx_HAL_Driver/Src/stm32g0xx_hal_tim.o
 .text.TIM_TI1_ConfigInputStage
                0x00000000080088b8       0x5c ./Drivers/STM32G0xx_HAL_Driver/Src/stm32g0xx_hal_tim.o
 .text.TIM_TI2_ConfigInputStage
                0x0000000008008914       0x64 ./Drivers/STM32G0xx_HAL_Driver/Src/stm32g0xx_hal_tim.o
 .text.TIM_ITRx_SetConfig
                0x0000000008008978       0x38 ./Drivers/STM32G0xx_HAL_Driver/Src/stm32g0xx_hal_tim.o
 .text.TIM_ETR_SetConfig
                0x00000000080089b0       0x40 ./Drivers/STM32G0xx_HAL_Driver/Src/stm32g0xx_hal_tim.o
                0x00000000080089b0                TIM_ETR_SetConfig
 .text.TIM_CCxChannelCmd
                0x00000000080089f0       0x46 ./Drivers/STM32G0xx_HAL_Driver/Src/stm32g0xx_hal_tim.o
                0x00000000080089f0                TIM_CCxChannelCmd
 *fill*         0x0000000008008a36        0x2 
 .text.HAL_TIMEx_MasterConfigSynchronization
                0x0000000008008a38       0xd0 ./Drivers/STM32G0xx_HAL_Driver/Src/stm32g0xx_hal_tim_ex.o
                0x0000000008008a38                HAL_TIMEx_MasterConfigSynchronization
 .text.HAL_UART_Init
                0x0000000008008b08       0xac ./Drivers/STM32G0xx_HAL_Driver/Src/stm32g0xx_hal_uart.o
                0x0000000008008b08                HAL_UART_Init
 .text.HAL_UART_MspInit
                0x0000000008008bb4       0x10 ./Drivers/STM32G0xx_HAL_Driver/Src/stm32g0xx_hal_uart.o
                0x0000000008008bb4                HAL_UART_MspInit
 .text.HAL_UART_Transmit
                0x0000000008008bc4      0x148 ./Drivers/STM32G0xx_HAL_Driver/Src/stm32g0xx_hal_uart.o
                0x0000000008008bc4                HAL_UART_Transmit
 .text.UART_SetConfig
                0x0000000008008d0c      0x348 ./Drivers/STM32G0xx_HAL_Driver/Src/stm32g0xx_hal_uart.o
                0x0000000008008d0c                UART_SetConfig
 .text.UART_AdvFeatureConfig
                0x0000000008009054      0x168 ./Drivers/STM32G0xx_HAL_Driver/Src/stm32g0xx_hal_uart.o
                0x0000000008009054                UART_AdvFeatureConfig
 .text.UART_CheckIdleState
                0x00000000080091bc      0x154 ./Drivers/STM32G0xx_HAL_Driver/Src/stm32g0xx_hal_uart.o
                0x00000000080091bc                UART_CheckIdleState
 .text.UART_WaitOnFlagUntilTimeout
                0x0000000008009310       0xde ./Drivers/STM32G0xx_HAL_Driver/Src/stm32g0xx_hal_uart.o
                0x0000000008009310                UART_WaitOnFlagUntilTimeout
 *fill*         0x00000000080093ee        0x2 
 .text.UART_EndRxTransfer
                0x00000000080093f0       0xcc ./Drivers/STM32G0xx_HAL_Driver/Src/stm32g0xx_hal_uart.o
 .text.HAL_UARTEx_DisableFifoMode
                0x00000000080094bc       0x74 ./Drivers/STM32G0xx_HAL_Driver/Src/stm32g0xx_hal_uart_ex.o
                0x00000000080094bc                HAL_UARTEx_DisableFifoMode
 .text.HAL_UARTEx_SetTxFifoThreshold
                0x0000000008009530       0x7e ./Drivers/STM32G0xx_HAL_Driver/Src/stm32g0xx_hal_uart_ex.o
                0x0000000008009530                HAL_UARTEx_SetTxFifoThreshold
 *fill*         0x00000000080095ae        0x2 
 .text.HAL_UARTEx_SetRxFifoThreshold
                0x00000000080095b0       0x84 ./Drivers/STM32G0xx_HAL_Driver/Src/stm32g0xx_hal_uart_ex.o
                0x00000000080095b0                HAL_UARTEx_SetRxFifoThreshold
 .text.UARTEx_SetNbDataToProcess
                0x0000000008009634       0xbc ./Drivers/STM32G0xx_HAL_Driver/Src/stm32g0xx_hal_uart_ex.o
 .text.hci_disconnection_complete_event_process
                0x00000000080096f0       0x3a ./Middlewares/ST/BlueNRG-2/hci/bluenrg1_events.o
                0x00000000080096f0                hci_disconnection_complete_event_process
 .text.hci_encryption_change_event_process
                0x000000000800972a       0x3a ./Middlewares/ST/BlueNRG-2/hci/bluenrg1_events.o
                0x000000000800972a                hci_encryption_change_event_process
 .text.hci_read_remote_version_information_complete_event_process
                0x0000000008009764       0x56 ./Middlewares/ST/BlueNRG-2/hci/bluenrg1_events.o
                0x0000000008009764                hci_read_remote_version_information_complete_event_process
 .text.hci_hardware_error_event_process
                0x00000000080097ba       0x2a ./Middlewares/ST/BlueNRG-2/hci/bluenrg1_events.o
                0x00000000080097ba                hci_hardware_error_event_process
 .text.hci_number_of_completed_packets_event_process
                0x00000000080097e4       0xce ./Middlewares/ST/BlueNRG-2/hci/bluenrg1_events.o
                0x00000000080097e4                hci_number_of_completed_packets_event_process
 .text.hci_data_buffer_overflow_event_process
                0x00000000080098b2       0x2a ./Middlewares/ST/BlueNRG-2/hci/bluenrg1_events.o
                0x00000000080098b2                hci_data_buffer_overflow_event_process
 .text.hci_encryption_key_refresh_complete_event_process
                0x00000000080098dc       0x36 ./Middlewares/ST/BlueNRG-2/hci/bluenrg1_events.o
                0x00000000080098dc                hci_encryption_key_refresh_complete_event_process
 .text.aci_blue_initialized_event_process
                0x0000000008009912       0x2a ./Middlewares/ST/BlueNRG-2/hci/bluenrg1_events.o
                0x0000000008009912                aci_blue_initialized_event_process
 .text.aci_blue_events_lost_event_process
                0x000000000800993c       0x28 ./Middlewares/ST/BlueNRG-2/hci/bluenrg1_events.o
                0x000000000800993c                aci_blue_events_lost_event_process
 .text.aci_blue_crash_info_event_process
                0x0000000008009964      0x144 ./Middlewares/ST/BlueNRG-2/hci/bluenrg1_events.o
                0x0000000008009964                aci_blue_crash_info_event_process
 .text.aci_hal_end_of_radio_activity_event_process
                0x0000000008009aa8       0x46 ./Middlewares/ST/BlueNRG-2/hci/bluenrg1_events.o
                0x0000000008009aa8                aci_hal_end_of_radio_activity_event_process
 .text.aci_hal_scan_req_report_event_process
                0x0000000008009aee       0x34 ./Middlewares/ST/BlueNRG-2/hci/bluenrg1_events.o
                0x0000000008009aee                aci_hal_scan_req_report_event_process
 .text.aci_hal_fw_error_event_process
                0x0000000008009b22       0x32 ./Middlewares/ST/BlueNRG-2/hci/bluenrg1_events.o
                0x0000000008009b22                aci_hal_fw_error_event_process
 .text.aci_gap_limited_discoverable_event_process
                0x0000000008009b54       0x20 ./Middlewares/ST/BlueNRG-2/hci/bluenrg1_events.o
                0x0000000008009b54                aci_gap_limited_discoverable_event_process
 .text.aci_gap_pairing_complete_event_process
                0x0000000008009b74       0x3a ./Middlewares/ST/BlueNRG-2/hci/bluenrg1_events.o
                0x0000000008009b74                aci_gap_pairing_complete_event_process
 .text.aci_gap_pass_key_req_event_process
                0x0000000008009bae       0x32 ./Middlewares/ST/BlueNRG-2/hci/bluenrg1_events.o
                0x0000000008009bae                aci_gap_pass_key_req_event_process
 .text.aci_gap_authorization_req_event_process
                0x0000000008009be0       0x32 ./Middlewares/ST/BlueNRG-2/hci/bluenrg1_events.o
                0x0000000008009be0                aci_gap_authorization_req_event_process
 .text.aci_gap_slave_security_initiated_event_process
                0x0000000008009c12       0x20 ./Middlewares/ST/BlueNRG-2/hci/bluenrg1_events.o
                0x0000000008009c12                aci_gap_slave_security_initiated_event_process
 .text.aci_gap_bond_lost_event_process
                0x0000000008009c32       0x20 ./Middlewares/ST/BlueNRG-2/hci/bluenrg1_events.o
                0x0000000008009c32                aci_gap_bond_lost_event_process
 .text.aci_gap_proc_complete_event_process
                0x0000000008009c52       0x34 ./Middlewares/ST/BlueNRG-2/hci/bluenrg1_events.o
                0x0000000008009c52                aci_gap_proc_complete_event_process
 .text.aci_gap_addr_not_resolved_event_process
                0x0000000008009c86       0x32 ./Middlewares/ST/BlueNRG-2/hci/bluenrg1_events.o
                0x0000000008009c86                aci_gap_addr_not_resolved_event_process
 .text.aci_gap_numeric_comparison_value_event_process
                0x0000000008009cb8       0x48 ./Middlewares/ST/BlueNRG-2/hci/bluenrg1_events.o
                0x0000000008009cb8                aci_gap_numeric_comparison_value_event_process
 .text.aci_gap_keypress_notification_event_process
                0x0000000008009d00       0x38 ./Middlewares/ST/BlueNRG-2/hci/bluenrg1_events.o
                0x0000000008009d00                aci_gap_keypress_notification_event_process
 .text.aci_l2cap_connection_update_resp_event_process
                0x0000000008009d38       0x3e ./Middlewares/ST/BlueNRG-2/hci/bluenrg1_events.o
                0x0000000008009d38                aci_l2cap_connection_update_resp_event_process
 .text.aci_l2cap_proc_timeout_event_process
                0x0000000008009d76       0x3a ./Middlewares/ST/BlueNRG-2/hci/bluenrg1_events.o
                0x0000000008009d76                aci_l2cap_proc_timeout_event_process
 .text.aci_l2cap_connection_update_req_event_process
                0x0000000008009db0       0x82 ./Middlewares/ST/BlueNRG-2/hci/bluenrg1_events.o
                0x0000000008009db0                aci_l2cap_connection_update_req_event_process
 .text.aci_l2cap_command_reject_event_process
                0x0000000008009e32       0x4c ./Middlewares/ST/BlueNRG-2/hci/bluenrg1_events.o
                0x0000000008009e32                aci_l2cap_command_reject_event_process
 .text.aci_gatt_attribute_modified_event_process
                0x0000000008009e7e       0x5e ./Middlewares/ST/BlueNRG-2/hci/bluenrg1_events.o
                0x0000000008009e7e                aci_gatt_attribute_modified_event_process
 .text.aci_gatt_proc_timeout_event_process
                0x0000000008009edc       0x32 ./Middlewares/ST/BlueNRG-2/hci/bluenrg1_events.o
                0x0000000008009edc                aci_gatt_proc_timeout_event_process
 .text.aci_att_exchange_mtu_resp_event_process
                0x0000000008009f0e       0x3e ./Middlewares/ST/BlueNRG-2/hci/bluenrg1_events.o
                0x0000000008009f0e                aci_att_exchange_mtu_resp_event_process
 .text.aci_att_find_info_resp_event_process
                0x0000000008009f4c       0x3c ./Middlewares/ST/BlueNRG-2/hci/bluenrg1_events.o
                0x0000000008009f4c                aci_att_find_info_resp_event_process
 .text.aci_att_find_by_type_value_resp_event_process
                0x0000000008009f88       0xda ./Middlewares/ST/BlueNRG-2/hci/bluenrg1_events.o
                0x0000000008009f88                aci_att_find_by_type_value_resp_event_process
 .text.aci_att_read_by_type_resp_event_process
                0x000000000800a062       0x3c ./Middlewares/ST/BlueNRG-2/hci/bluenrg1_events.o
                0x000000000800a062                aci_att_read_by_type_resp_event_process
 .text.aci_att_read_resp_event_process
                0x000000000800a09e       0x3a ./Middlewares/ST/BlueNRG-2/hci/bluenrg1_events.o
                0x000000000800a09e                aci_att_read_resp_event_process
 .text.aci_att_read_blob_resp_event_process
                0x000000000800a0d8       0x3a ./Middlewares/ST/BlueNRG-2/hci/bluenrg1_events.o
                0x000000000800a0d8                aci_att_read_blob_resp_event_process
 .text.aci_att_read_multiple_resp_event_process
                0x000000000800a112       0x3a ./Middlewares/ST/BlueNRG-2/hci/bluenrg1_events.o
                0x000000000800a112                aci_att_read_multiple_resp_event_process
 .text.aci_att_read_by_group_type_resp_event_process
                0x000000000800a14c       0x3c ./Middlewares/ST/BlueNRG-2/hci/bluenrg1_events.o
                0x000000000800a14c                aci_att_read_by_group_type_resp_event_process
 .text.aci_att_prepare_write_resp_event_process
                0x000000000800a188       0x54 ./Middlewares/ST/BlueNRG-2/hci/bluenrg1_events.o
                0x000000000800a188                aci_att_prepare_write_resp_event_process
 .text.aci_att_exec_write_resp_event_process
                0x000000000800a1dc       0x32 ./Middlewares/ST/BlueNRG-2/hci/bluenrg1_events.o
                0x000000000800a1dc                aci_att_exec_write_resp_event_process
 .text.aci_gatt_indication_event_process
                0x000000000800a20e       0x44 ./Middlewares/ST/BlueNRG-2/hci/bluenrg1_events.o
                0x000000000800a20e                aci_gatt_indication_event_process
 .text.aci_gatt_notification_event_process
                0x000000000800a252       0x44 ./Middlewares/ST/BlueNRG-2/hci/bluenrg1_events.o
                0x000000000800a252                aci_gatt_notification_event_process
 .text.aci_gatt_proc_complete_event_process
                0x000000000800a296       0x38 ./Middlewares/ST/BlueNRG-2/hci/bluenrg1_events.o
                0x000000000800a296                aci_gatt_proc_complete_event_process
 .text.aci_gatt_error_resp_event_process
                0x000000000800a2ce       0x44 ./Middlewares/ST/BlueNRG-2/hci/bluenrg1_events.o
                0x000000000800a2ce                aci_gatt_error_resp_event_process
 .text.aci_gatt_disc_read_char_by_uuid_resp_event_process
                0x000000000800a312       0x44 ./Middlewares/ST/BlueNRG-2/hci/bluenrg1_events.o
                0x000000000800a312                aci_gatt_disc_read_char_by_uuid_resp_event_process
 .text.aci_gatt_write_permit_req_event_process
                0x000000000800a356       0x44 ./Middlewares/ST/BlueNRG-2/hci/bluenrg1_events.o
                0x000000000800a356                aci_gatt_write_permit_req_event_process
 .text.aci_gatt_read_permit_req_event_process
                0x000000000800a39a       0x4a ./Middlewares/ST/BlueNRG-2/hci/bluenrg1_events.o
                0x000000000800a39a                aci_gatt_read_permit_req_event_process
 .text.aci_gatt_read_multi_permit_req_event_process
                0x000000000800a3e4       0xa8 ./Middlewares/ST/BlueNRG-2/hci/bluenrg1_events.o
                0x000000000800a3e4                aci_gatt_read_multi_permit_req_event_process
 .text.aci_gatt_tx_pool_available_event_process
                0x000000000800a48c       0x3e ./Middlewares/ST/BlueNRG-2/hci/bluenrg1_events.o
                0x000000000800a48c                aci_gatt_tx_pool_available_event_process
 .text.aci_gatt_server_confirmation_event_process
                0x000000000800a4ca       0x32 ./Middlewares/ST/BlueNRG-2/hci/bluenrg1_events.o
                0x000000000800a4ca                aci_gatt_server_confirmation_event_process
 .text.aci_gatt_prepare_write_permit_req_event_process
                0x000000000800a4fc       0x54 ./Middlewares/ST/BlueNRG-2/hci/bluenrg1_events.o
                0x000000000800a4fc                aci_gatt_prepare_write_permit_req_event_process
 .text.hci_le_connection_complete_event_process
                0x000000000800a550       0x88 ./Middlewares/ST/BlueNRG-2/hci/bluenrg1_events.o
                0x000000000800a550                hci_le_connection_complete_event_process
 .text.hci_le_advertising_report_event_process
                0x000000000800a5d8      0x1d4 ./Middlewares/ST/BlueNRG-2/hci/bluenrg1_events.o
                0x000000000800a5d8                hci_le_advertising_report_event_process
 .text.hci_le_connection_update_complete_event_process
                0x000000000800a7ac       0x5e ./Middlewares/ST/BlueNRG-2/hci/bluenrg1_events.o
                0x000000000800a7ac                hci_le_connection_update_complete_event_process
 .text.hci_le_read_remote_used_features_complete_event_process
                0x000000000800a80a       0x3a ./Middlewares/ST/BlueNRG-2/hci/bluenrg1_events.o
                0x000000000800a80a                hci_le_read_remote_used_features_complete_event_process
 .text.hci_le_long_term_key_request_event_process
                0x000000000800a844       0x42 ./Middlewares/ST/BlueNRG-2/hci/bluenrg1_events.o
                0x000000000800a844                hci_le_long_term_key_request_event_process
 .text.hci_le_data_length_change_event_process
                0x000000000800a886       0x66 ./Middlewares/ST/BlueNRG-2/hci/bluenrg1_events.o
                0x000000000800a886                hci_le_data_length_change_event_process
 .text.hci_le_read_local_p256_public_key_complete_event_process
                0x000000000800a8ec       0x30 ./Middlewares/ST/BlueNRG-2/hci/bluenrg1_events.o
                0x000000000800a8ec                hci_le_read_local_p256_public_key_complete_event_process
 .text.hci_le_generate_dhkey_complete_event_process
                0x000000000800a91c       0x30 ./Middlewares/ST/BlueNRG-2/hci/bluenrg1_events.o
                0x000000000800a91c                hci_le_generate_dhkey_complete_event_process
 .text.hci_le_enhanced_connection_complete_event_process
                0x000000000800a94c       0xa4 ./Middlewares/ST/BlueNRG-2/hci/bluenrg1_events.o
                0x000000000800a94c                hci_le_enhanced_connection_complete_event_process
 .text.hci_le_direct_advertising_report_event_process
                0x000000000800a9f0      0x17c ./Middlewares/ST/BlueNRG-2/hci/bluenrg1_events.o
                0x000000000800a9f0                hci_le_direct_advertising_report_event_process
 .text.hci_encryption_change_event
                0x000000000800ab6c       0x34 ./Middlewares/ST/BlueNRG-2/hci/bluenrg1_events_cb.o
                0x000000000800ab6c                hci_encryption_change_event
 .text.hci_read_remote_version_information_complete_event
                0x000000000800aba0       0x3c ./Middlewares/ST/BlueNRG-2/hci/bluenrg1_events_cb.o
                0x000000000800aba0                hci_read_remote_version_information_complete_event
 .text.hci_hardware_error_event
                0x000000000800abdc       0x20 ./Middlewares/ST/BlueNRG-2/hci/bluenrg1_events_cb.o
                0x000000000800abdc                hci_hardware_error_event
 .text.hci_number_of_completed_packets_event
                0x000000000800abfc       0x24 ./Middlewares/ST/BlueNRG-2/hci/bluenrg1_events_cb.o
                0x000000000800abfc                hci_number_of_completed_packets_event
 .text.hci_data_buffer_overflow_event
                0x000000000800ac20       0x20 ./Middlewares/ST/BlueNRG-2/hci/bluenrg1_events_cb.o
                0x000000000800ac20                hci_data_buffer_overflow_event
 .text.hci_encryption_key_refresh_complete_event
                0x000000000800ac40       0x28 ./Middlewares/ST/BlueNRG-2/hci/bluenrg1_events_cb.o
                0x000000000800ac40                hci_encryption_key_refresh_complete_event
 .text.hci_le_connection_update_complete_event
                0x000000000800ac68       0x3c ./Middlewares/ST/BlueNRG-2/hci/bluenrg1_events_cb.o
                0x000000000800ac68                hci_le_connection_update_complete_event
 .text.hci_le_read_remote_used_features_complete_event
                0x000000000800aca4       0x28 ./Middlewares/ST/BlueNRG-2/hci/bluenrg1_events_cb.o
                0x000000000800aca4                hci_le_read_remote_used_features_complete_event
 .text.hci_le_long_term_key_request_event
                0x000000000800accc       0x2c ./Middlewares/ST/BlueNRG-2/hci/bluenrg1_events_cb.o
                0x000000000800accc                hci_le_long_term_key_request_event
 .text.hci_le_data_length_change_event
                0x000000000800acf8       0x3c ./Middlewares/ST/BlueNRG-2/hci/bluenrg1_events_cb.o
                0x000000000800acf8                hci_le_data_length_change_event
 .text.hci_le_read_local_p256_public_key_complete_event
                0x000000000800ad34       0x24 ./Middlewares/ST/BlueNRG-2/hci/bluenrg1_events_cb.o
                0x000000000800ad34                hci_le_read_local_p256_public_key_complete_event
 .text.hci_le_generate_dhkey_complete_event
                0x000000000800ad58       0x24 ./Middlewares/ST/BlueNRG-2/hci/bluenrg1_events_cb.o
                0x000000000800ad58                hci_le_generate_dhkey_complete_event
 .text.hci_le_enhanced_connection_complete_event
                0x000000000800ad7c       0x3c ./Middlewares/ST/BlueNRG-2/hci/bluenrg1_events_cb.o
                0x000000000800ad7c                hci_le_enhanced_connection_complete_event
 .text.hci_le_direct_advertising_report_event
                0x000000000800adb8       0x24 ./Middlewares/ST/BlueNRG-2/hci/bluenrg1_events_cb.o
                0x000000000800adb8                hci_le_direct_advertising_report_event
 .text.aci_gap_limited_discoverable_event
                0x000000000800addc       0x18 ./Middlewares/ST/BlueNRG-2/hci/bluenrg1_events_cb.o
                0x000000000800addc                aci_gap_limited_discoverable_event
 .text.aci_gap_pairing_complete_event
                0x000000000800adf4       0x34 ./Middlewares/ST/BlueNRG-2/hci/bluenrg1_events_cb.o
                0x000000000800adf4                aci_gap_pairing_complete_event
 .text.aci_gap_pass_key_req_event
                0x000000000800ae28       0x20 ./Middlewares/ST/BlueNRG-2/hci/bluenrg1_events_cb.o
                0x000000000800ae28                aci_gap_pass_key_req_event
 .text.aci_gap_authorization_req_event
                0x000000000800ae48       0x20 ./Middlewares/ST/BlueNRG-2/hci/bluenrg1_events_cb.o
                0x000000000800ae48                aci_gap_authorization_req_event
 .text.aci_gap_slave_security_initiated_event
                0x000000000800ae68       0x18 ./Middlewares/ST/BlueNRG-2/hci/bluenrg1_events_cb.o
                0x000000000800ae68                aci_gap_slave_security_initiated_event
 .text.aci_gap_bond_lost_event
                0x000000000800ae80       0x18 ./Middlewares/ST/BlueNRG-2/hci/bluenrg1_events_cb.o
                0x000000000800ae80                aci_gap_bond_lost_event
 .text.aci_gap_addr_not_resolved_event
                0x000000000800ae98       0x20 ./Middlewares/ST/BlueNRG-2/hci/bluenrg1_events_cb.o
                0x000000000800ae98                aci_gap_addr_not_resolved_event
 .text.aci_gap_numeric_comparison_value_event
                0x000000000800aeb8       0x24 ./Middlewares/ST/BlueNRG-2/hci/bluenrg1_events_cb.o
                0x000000000800aeb8                aci_gap_numeric_comparison_value_event
 .text.aci_gap_keypress_notification_event
                0x000000000800aedc       0x28 ./Middlewares/ST/BlueNRG-2/hci/bluenrg1_events_cb.o
                0x000000000800aedc                aci_gap_keypress_notification_event
 .text.aci_gatt_proc_timeout_event
                0x000000000800af04       0x20 ./Middlewares/ST/BlueNRG-2/hci/bluenrg1_events_cb.o
                0x000000000800af04                aci_gatt_proc_timeout_event
 .text.aci_att_find_info_resp_event
                0x000000000800af24       0x34 ./Middlewares/ST/BlueNRG-2/hci/bluenrg1_events_cb.o
                0x000000000800af24                aci_att_find_info_resp_event
 .text.aci_att_find_by_type_value_resp_event
                0x000000000800af58       0x28 ./Middlewares/ST/BlueNRG-2/hci/bluenrg1_events_cb.o
                0x000000000800af58                aci_att_find_by_type_value_resp_event
 .text.aci_att_read_by_type_resp_event
                0x000000000800af80       0x34 ./Middlewares/ST/BlueNRG-2/hci/bluenrg1_events_cb.o
                0x000000000800af80                aci_att_read_by_type_resp_event
 .text.aci_att_read_resp_event
                0x000000000800afb4       0x28 ./Middlewares/ST/BlueNRG-2/hci/bluenrg1_events_cb.o
                0x000000000800afb4                aci_att_read_resp_event
 .text.aci_att_read_blob_resp_event
                0x000000000800afdc       0x28 ./Middlewares/ST/BlueNRG-2/hci/bluenrg1_events_cb.o
                0x000000000800afdc                aci_att_read_blob_resp_event
 .text.aci_att_read_multiple_resp_event
                0x000000000800b004       0x28 ./Middlewares/ST/BlueNRG-2/hci/bluenrg1_events_cb.o
                0x000000000800b004                aci_att_read_multiple_resp_event
 .text.aci_att_read_by_group_type_resp_event
                0x000000000800b02c       0x34 ./Middlewares/ST/BlueNRG-2/hci/bluenrg1_events_cb.o
                0x000000000800b02c                aci_att_read_by_group_type_resp_event
 .text.aci_att_prepare_write_resp_event
                0x000000000800b060       0x3c ./Middlewares/ST/BlueNRG-2/hci/bluenrg1_events_cb.o
                0x000000000800b060                aci_att_prepare_write_resp_event
 .text.aci_att_exec_write_resp_event
                0x000000000800b09c       0x20 ./Middlewares/ST/BlueNRG-2/hci/bluenrg1_events_cb.o
                0x000000000800b09c                aci_att_exec_write_resp_event
 .text.aci_gatt_indication_event
                0x000000000800b0bc       0x3c ./Middlewares/ST/BlueNRG-2/hci/bluenrg1_events_cb.o
                0x000000000800b0bc                aci_gatt_indication_event
 .text.aci_gatt_error_resp_event
                0x000000000800b0f8       0x3c ./Middlewares/ST/BlueNRG-2/hci/bluenrg1_events_cb.o
                0x000000000800b0f8                aci_gatt_error_resp_event
 .text.aci_gatt_write_permit_req_event
                0x000000000800b134       0x3c ./Middlewares/ST/BlueNRG-2/hci/bluenrg1_events_cb.o
                0x000000000800b134                aci_gatt_write_permit_req_event
 .text.aci_gatt_read_permit_req_event
                0x000000000800b170       0x34 ./Middlewares/ST/BlueNRG-2/hci/bluenrg1_events_cb.o
                0x000000000800b170                aci_gatt_read_permit_req_event
 .text.aci_gatt_read_multi_permit_req_event
                0x000000000800b1a4       0x28 ./Middlewares/ST/BlueNRG-2/hci/bluenrg1_events_cb.o
                0x000000000800b1a4                aci_gatt_read_multi_permit_req_event
 .text.aci_gatt_server_confirmation_event
                0x000000000800b1cc       0x20 ./Middlewares/ST/BlueNRG-2/hci/bluenrg1_events_cb.o
                0x000000000800b1cc                aci_gatt_server_confirmation_event
 .text.aci_gatt_prepare_write_permit_req_event
                0x000000000800b1ec       0x3c ./Middlewares/ST/BlueNRG-2/hci/bluenrg1_events_cb.o
                0x000000000800b1ec                aci_gatt_prepare_write_permit_req_event
 .text.aci_l2cap_connection_update_resp_event
                0x000000000800b228       0x28 ./Middlewares/ST/BlueNRG-2/hci/bluenrg1_events_cb.o
                0x000000000800b228                aci_l2cap_connection_update_resp_event
 .text.aci_l2cap_proc_timeout_event
                0x000000000800b250       0x28 ./Middlewares/ST/BlueNRG-2/hci/bluenrg1_events_cb.o
                0x000000000800b250                aci_l2cap_proc_timeout_event
 .text.aci_l2cap_connection_update_req_event
                0x000000000800b278       0x3c ./Middlewares/ST/BlueNRG-2/hci/bluenrg1_events_cb.o
                0x000000000800b278                aci_l2cap_connection_update_req_event
 .text.aci_l2cap_command_reject_event
                0x000000000800b2b4       0x3c ./Middlewares/ST/BlueNRG-2/hci/bluenrg1_events_cb.o
                0x000000000800b2b4                aci_l2cap_command_reject_event
 .text.aci_blue_initialized_event
                0x000000000800b2f0       0x28 ./Middlewares/ST/BlueNRG-2/hci/bluenrg1_events_cb.o
                0x000000000800b2f0                aci_blue_initialized_event
 .text.aci_blue_events_lost_event
                0x000000000800b318       0x1c ./Middlewares/ST/BlueNRG-2/hci/bluenrg1_events_cb.o
                0x000000000800b318                aci_blue_events_lost_event
 .text.aci_blue_crash_info_event
                0x000000000800b334       0x28 ./Middlewares/ST/BlueNRG-2/hci/bluenrg1_events_cb.o
                0x000000000800b334                aci_blue_crash_info_event
 .text.aci_hal_end_of_radio_activity_event
                0x000000000800b35c       0x28 ./Middlewares/ST/BlueNRG-2/hci/bluenrg1_events_cb.o
                0x000000000800b35c                aci_hal_end_of_radio_activity_event
 .text.aci_hal_scan_req_report_event
                0x000000000800b384       0x28 ./Middlewares/ST/BlueNRG-2/hci/bluenrg1_events_cb.o
                0x000000000800b384                aci_hal_scan_req_report_event
 .text.aci_hal_fw_error_event
                0x000000000800b3ac       0x28 ./Middlewares/ST/BlueNRG-2/hci/bluenrg1_events_cb.o
                0x000000000800b3ac                aci_hal_fw_error_event
 .text.hci_reset
                0x000000000800b3d4       0x5e ./Middlewares/ST/BlueNRG-2/hci/bluenrg1_hci_le.o
                0x000000000800b3d4                hci_reset
 *fill*         0x000000000800b432        0x2 
 .text.hci_le_set_scan_response_data
                0x000000000800b434       0xec ./Middlewares/ST/BlueNRG-2/hci/bluenrg1_hci_le.o
                0x000000000800b434                hci_le_set_scan_response_data
 .text.hci_le_rand
                0x000000000800b520       0x7e ./Middlewares/ST/BlueNRG-2/hci/bluenrg1_hci_le.o
                0x000000000800b520                hci_le_rand
 .text.aci_gap_set_non_discoverable
                0x000000000800b59e       0x5e ./Middlewares/ST/BlueNRG-2/hci/controller/bluenrg1_gap_aci.o
                0x000000000800b59e                aci_gap_set_non_discoverable
 .text.aci_gap_set_discoverable
                0x000000000800b5fc      0x2f4 ./Middlewares/ST/BlueNRG-2/hci/controller/bluenrg1_gap_aci.o
                0x000000000800b5fc                aci_gap_set_discoverable
 .text.aci_gap_init
                0x000000000800b8f0      0x170 ./Middlewares/ST/BlueNRG-2/hci/controller/bluenrg1_gap_aci.o
                0x000000000800b8f0                aci_gap_init
 .text.aci_gap_start_general_discovery_proc
                0x000000000800ba60      0x188 ./Middlewares/ST/BlueNRG-2/hci/controller/bluenrg1_gap_aci.o
                0x000000000800ba60                aci_gap_start_general_discovery_proc
 .text.aci_gap_create_connection
                0x000000000800bbe8      0x2ec ./Middlewares/ST/BlueNRG-2/hci/controller/bluenrg1_gap_aci.o
                0x000000000800bbe8                aci_gap_create_connection
 .text.aci_gap_terminate_gap_proc
                0x000000000800bed4       0xc4 ./Middlewares/ST/BlueNRG-2/hci/controller/bluenrg1_gap_aci.o
                0x000000000800bed4                aci_gap_terminate_gap_proc
 .text.aci_gatt_init
                0x000000000800bf98       0x60 ./Middlewares/ST/BlueNRG-2/hci/controller/bluenrg1_gatt_aci.o
                0x000000000800bf98                aci_gatt_init
 .text.aci_gatt_add_service
                0x000000000800bff8      0x1dc ./Middlewares/ST/BlueNRG-2/hci/controller/bluenrg1_gatt_aci.o
                0x000000000800bff8                aci_gatt_add_service
 .text.aci_gatt_add_char
                0x000000000800c1d4      0x2a4 ./Middlewares/ST/BlueNRG-2/hci/controller/bluenrg1_gatt_aci.o
                0x000000000800c1d4                aci_gatt_add_char
 .text.aci_gatt_exchange_config
                0x000000000800c478       0xe8 ./Middlewares/ST/BlueNRG-2/hci/controller/bluenrg1_gatt_aci.o
                0x000000000800c478                aci_gatt_exchange_config
 .text.aci_gatt_disc_char_by_uuid
                0x000000000800c560      0x210 ./Middlewares/ST/BlueNRG-2/hci/controller/bluenrg1_gatt_aci.o
                0x000000000800c560                aci_gatt_disc_char_by_uuid
 .text.aci_gatt_write_char_desc
                0x000000000800c770      0x18c ./Middlewares/ST/BlueNRG-2/hci/controller/bluenrg1_gatt_aci.o
                0x000000000800c770                aci_gatt_write_char_desc
 .text.aci_gatt_write_without_resp
                0x000000000800c8fc      0x188 ./Middlewares/ST/BlueNRG-2/hci/controller/bluenrg1_gatt_aci.o
                0x000000000800c8fc                aci_gatt_write_without_resp
 .text.aci_gatt_update_char_value_ext
                0x000000000800ca84      0x268 ./Middlewares/ST/BlueNRG-2/hci/controller/bluenrg1_gatt_aci.o
                0x000000000800ca84                aci_gatt_update_char_value_ext
 .text.aci_hal_write_config_data
                0x000000000800ccec      0x11c ./Middlewares/ST/BlueNRG-2/hci/controller/bluenrg1_hal_aci.o
                0x000000000800ccec                aci_hal_write_config_data
 .text.aci_hal_set_tx_power_level
                0x000000000800ce08       0xf0 ./Middlewares/ST/BlueNRG-2/hci/controller/bluenrg1_hal_aci.o
                0x000000000800ce08                aci_hal_set_tx_power_level
 .text.verify_packet
                0x000000000800cef8       0x3c ./Middlewares/ST/BlueNRG-2/hci/hci_tl_patterns/Basic/hci_tl.o
 .text.send_cmd
                0x000000000800cf34       0xa4 ./Middlewares/ST/BlueNRG-2/hci/hci_tl_patterns/Basic/hci_tl.o
 .text.move_list
                0x000000000800cfd8       0x3c ./Middlewares/ST/BlueNRG-2/hci/hci_tl_patterns/Basic/hci_tl.o
 .text.free_event_list
                0x000000000800d014       0x40 ./Middlewares/ST/BlueNRG-2/hci/hci_tl_patterns/Basic/hci_tl.o
 .text.hci_init
                0x000000000800d054       0x98 ./Middlewares/ST/BlueNRG-2/hci/hci_tl_patterns/Basic/hci_tl.o
                0x000000000800d054                hci_init
 .text.hci_register_io_bus
                0x000000000800d0ec       0x3c ./Middlewares/ST/BlueNRG-2/hci/hci_tl_patterns/Basic/hci_tl.o
                0x000000000800d0ec                hci_register_io_bus
 .text.hci_send_req
                0x000000000800d128      0x25c ./Middlewares/ST/BlueNRG-2/hci/hci_tl_patterns/Basic/hci_tl.o
                0x000000000800d128                hci_send_req
 .text.hci_user_evt_proc
                0x000000000800d384       0x5c ./Middlewares/ST/BlueNRG-2/hci/hci_tl_patterns/Basic/hci_tl.o
                0x000000000800d384                hci_user_evt_proc
 .text.hci_notify_asynch_evt
                0x000000000800d3e0       0xac ./Middlewares/ST/BlueNRG-2/hci/hci_tl_patterns/Basic/hci_tl.o
                0x000000000800d3e0                hci_notify_asynch_evt
 .text.list_init_head
                0x000000000800d48c       0x1c ./Middlewares/ST/BlueNRG-2/utils/ble_list.o
                0x000000000800d48c                list_init_head
 .text.list_is_empty
                0x000000000800d4a8       0x4c ./Middlewares/ST/BlueNRG-2/utils/ble_list.o
                0x000000000800d4a8                list_is_empty
 .text.list_insert_head
                0x000000000800d4f4       0x48 ./Middlewares/ST/BlueNRG-2/utils/ble_list.o
                0x000000000800d4f4                list_insert_head
 .text.list_insert_tail
                0x000000000800d53c       0x48 ./Middlewares/ST/BlueNRG-2/utils/ble_list.o
                0x000000000800d53c                list_insert_tail
 .text.list_remove_node
                0x000000000800d584       0x3e ./Middlewares/ST/BlueNRG-2/utils/ble_list.o
                0x000000000800d584                list_remove_node
 .text.list_remove_head
                0x000000000800d5c2       0x4e ./Middlewares/ST/BlueNRG-2/utils/ble_list.o
                0x000000000800d5c2                list_remove_head
 .text.list_remove_tail
                0x000000000800d610       0x4e ./Middlewares/ST/BlueNRG-2/utils/ble_list.o
                0x000000000800d610                list_remove_tail
 .text.list_get_size
                0x000000000800d65e       0x4c ./Middlewares/ST/BlueNRG-2/utils/ble_list.o
                0x000000000800d65e                list_get_size
 .text.__cvt    0x000000000800d6aa       0xc6 C:/ST/STM32CubeIDE_1.14.0/STM32CubeIDE/plugins/com.st.stm32cube.ide.mcu.externaltools.gnu-tools-for-stm32.11.3.rel1.win32_1.1.100.202309141235/tools/bin/../lib/gcc/arm-none-eabi/11.3.1/../../../../arm-none-eabi/lib/thumb/v6-m/nofp\libc_nano.a(libc_a-nano-vfprintf_float.o)
                0x000000000800d6aa                __cvt
 .text.__exponent
                0x000000000800d770       0x8a C:/ST/STM32CubeIDE_1.14.0/STM32CubeIDE/plugins/com.st.stm32cube.ide.mcu.externaltools.gnu-tools-for-stm32.11.3.rel1.win32_1.1.100.202309141235/tools/bin/../lib/gcc/arm-none-eabi/11.3.1/../../../../arm-none-eabi/lib/thumb/v6-m/nofp\libc_nano.a(libc_a-nano-vfprintf_float.o)
                0x000000000800d770                __exponent
 *fill*         0x000000000800d7fa        0x2 
 .text._printf_float
                0x000000000800d7fc      0x4ac C:/ST/STM32CubeIDE_1.14.0/STM32CubeIDE/plugins/com.st.stm32cube.ide.mcu.externaltools.gnu-tools-for-stm32.11.3.rel1.win32_1.1.100.202309141235/tools/bin/../lib/gcc/arm-none-eabi/11.3.1/../../../../arm-none-eabi/lib/thumb/v6-m/nofp\libc_nano.a(libc_a-nano-vfprintf_float.o)
                0x000000000800d7fc                _printf_float
 .text._printf_common
                0x000000000800dca8       0xde C:/ST/STM32CubeIDE_1.14.0/STM32CubeIDE/plugins/com.st.stm32cube.ide.mcu.externaltools.gnu-tools-for-stm32.11.3.rel1.win32_1.1.100.202309141235/tools/bin/../lib/gcc/arm-none-eabi/11.3.1/../../../../arm-none-eabi/lib/thumb/v6-m/nofp\libc_nano.a(libc_a-nano-vfprintf_i.o)
                0x000000000800dca8                _printf_common
 *fill*         0x000000000800dd86        0x2 
 .text._printf_i
                0x000000000800dd88      0x220 C:/ST/STM32CubeIDE_1.14.0/STM32CubeIDE/plugins/com.st.stm32cube.ide.mcu.externaltools.gnu-tools-for-stm32.11.3.rel1.win32_1.1.100.202309141235/tools/bin/../lib/gcc/arm-none-eabi/11.3.1/../../../../arm-none-eabi/lib/thumb/v6-m/nofp\libc_nano.a(libc_a-nano-vfprintf_i.o)
                0x000000000800dd88                _printf_i
 .text.__sflush_r
                0x000000000800dfa8      0x114 C:/ST/STM32CubeIDE_1.14.0/STM32CubeIDE/plugins/com.st.stm32cube.ide.mcu.externaltools.gnu-tools-for-stm32.11.3.rel1.win32_1.1.100.202309141235/tools/bin/../lib/gcc/arm-none-eabi/11.3.1/../../../../arm-none-eabi/lib/thumb/v6-m/nofp\libc_nano.a(libc_a-fflush.o)
                0x000000000800dfa8                __sflush_r
 .text._fflush_r
                0x000000000800e0bc       0x56 C:/ST/STM32CubeIDE_1.14.0/STM32CubeIDE/plugins/com.st.stm32cube.ide.mcu.externaltools.gnu-tools-for-stm32.11.3.rel1.win32_1.1.100.202309141235/tools/bin/../lib/gcc/arm-none-eabi/11.3.1/../../../../arm-none-eabi/lib/thumb/v6-m/nofp\libc_nano.a(libc_a-fflush.o)
                0x000000000800e0bc                _fflush_r
 *fill*         0x000000000800e112        0x2 
 .text.fflush   0x000000000800e114       0x30 C:/ST/STM32CubeIDE_1.14.0/STM32CubeIDE/plugins/com.st.stm32cube.ide.mcu.externaltools.gnu-tools-for-stm32.11.3.rel1.win32_1.1.100.202309141235/tools/bin/../lib/gcc/arm-none-eabi/11.3.1/../../../../arm-none-eabi/lib/thumb/v6-m/nofp\libc_nano.a(libc_a-fflush.o)
                0x000000000800e114                fflush
 .text.std      0x000000000800e144       0x6c C:/ST/STM32CubeIDE_1.14.0/STM32CubeIDE/plugins/com.st.stm32cube.ide.mcu.externaltools.gnu-tools-for-stm32.11.3.rel1.win32_1.1.100.202309141235/tools/bin/../lib/gcc/arm-none-eabi/11.3.1/../../../../arm-none-eabi/lib/thumb/v6-m/nofp\libc_nano.a(libc_a-findfp.o)
 .text.stdio_exit_handler
                0x000000000800e1b0       0x1c C:/ST/STM32CubeIDE_1.14.0/STM32CubeIDE/plugins/com.st.stm32cube.ide.mcu.externaltools.gnu-tools-for-stm32.11.3.rel1.win32_1.1.100.202309141235/tools/bin/../lib/gcc/arm-none-eabi/11.3.1/../../../../arm-none-eabi/lib/thumb/v6-m/nofp\libc_nano.a(libc_a-findfp.o)
 .text.cleanup_stdio
                0x000000000800e1cc       0x3c C:/ST/STM32CubeIDE_1.14.0/STM32CubeIDE/plugins/com.st.stm32cube.ide.mcu.externaltools.gnu-tools-for-stm32.11.3.rel1.win32_1.1.100.202309141235/tools/bin/../lib/gcc/arm-none-eabi/11.3.1/../../../../arm-none-eabi/lib/thumb/v6-m/nofp\libc_nano.a(libc_a-findfp.o)
 .text.global_stdio_init.part.0
                0x000000000800e208       0x3c C:/ST/STM32CubeIDE_1.14.0/STM32CubeIDE/plugins/com.st.stm32cube.ide.mcu.externaltools.gnu-tools-for-stm32.11.3.rel1.win32_1.1.100.202309141235/tools/bin/../lib/gcc/arm-none-eabi/11.3.1/../../../../arm-none-eabi/lib/thumb/v6-m/nofp\libc_nano.a(libc_a-findfp.o)
 .text.__sfp_lock_acquire
                0x000000000800e244       0x10 C:/ST/STM32CubeIDE_1.14.0/STM32CubeIDE/plugins/com.st.stm32cube.ide.mcu.externaltools.gnu-tools-for-stm32.11.3.rel1.win32_1.1.100.202309141235/tools/bin/../lib/gcc/arm-none-eabi/11.3.1/../../../../arm-none-eabi/lib/thumb/v6-m/nofp\libc_nano.a(libc_a-findfp.o)
                0x000000000800e244                __sfp_lock_acquire
 .text.__sfp_lock_release
                0x000000000800e254       0x10 C:/ST/STM32CubeIDE_1.14.0/STM32CubeIDE/plugins/com.st.stm32cube.ide.mcu.externaltools.gnu-tools-for-stm32.11.3.rel1.win32_1.1.100.202309141235/tools/bin/../lib/gcc/arm-none-eabi/11.3.1/../../../../arm-none-eabi/lib/thumb/v6-m/nofp\libc_nano.a(libc_a-findfp.o)
                0x000000000800e254                __sfp_lock_release
 .text.__sinit  0x000000000800e264       0x30 C:/ST/STM32CubeIDE_1.14.0/STM32CubeIDE/plugins/com.st.stm32cube.ide.mcu.externaltools.gnu-tools-for-stm32.11.3.rel1.win32_1.1.100.202309141235/tools/bin/../lib/gcc/arm-none-eabi/11.3.1/../../../../arm-none-eabi/lib/thumb/v6-m/nofp\libc_nano.a(libc_a-findfp.o)
                0x000000000800e264                __sinit
 .text._fwalk_sglue
                0x000000000800e294       0x38 C:/ST/STM32CubeIDE_1.14.0/STM32CubeIDE/plugins/com.st.stm32cube.ide.mcu.externaltools.gnu-tools-for-stm32.11.3.rel1.win32_1.1.100.202309141235/tools/bin/../lib/gcc/arm-none-eabi/11.3.1/../../../../arm-none-eabi/lib/thumb/v6-m/nofp\libc_nano.a(libc_a-fwalk.o)
                0x000000000800e294                _fwalk_sglue
 .text.printf   0x000000000800e2cc       0x20 C:/ST/STM32CubeIDE_1.14.0/STM32CubeIDE/plugins/com.st.stm32cube.ide.mcu.externaltools.gnu-tools-for-stm32.11.3.rel1.win32_1.1.100.202309141235/tools/bin/../lib/gcc/arm-none-eabi/11.3.1/../../../../arm-none-eabi/lib/thumb/v6-m/nofp\libc_nano.a(libc_a-printf.o)
                0x000000000800e2cc                iprintf
                0x000000000800e2cc                printf
 .text.putchar  0x000000000800e2ec       0x14 C:/ST/STM32CubeIDE_1.14.0/STM32CubeIDE/plugins/com.st.stm32cube.ide.mcu.externaltools.gnu-tools-for-stm32.11.3.rel1.win32_1.1.100.202309141235/tools/bin/../lib/gcc/arm-none-eabi/11.3.1/../../../../arm-none-eabi/lib/thumb/v6-m/nofp\libc_nano.a(libc_a-putchar.o)
                0x000000000800e2ec                putchar
 .text._puts_r  0x000000000800e300       0xac C:/ST/STM32CubeIDE_1.14.0/STM32CubeIDE/plugins/com.st.stm32cube.ide.mcu.externaltools.gnu-tools-for-stm32.11.3.rel1.win32_1.1.100.202309141235/tools/bin/../lib/gcc/arm-none-eabi/11.3.1/../../../../arm-none-eabi/lib/thumb/v6-m/nofp\libc_nano.a(libc_a-puts.o)
                0x000000000800e300                _puts_r
 .text.puts     0x000000000800e3ac       0x14 C:/ST/STM32CubeIDE_1.14.0/STM32CubeIDE/plugins/com.st.stm32cube.ide.mcu.externaltools.gnu-tools-for-stm32.11.3.rel1.win32_1.1.100.202309141235/tools/bin/../lib/gcc/arm-none-eabi/11.3.1/../../../../arm-none-eabi/lib/thumb/v6-m/nofp\libc_nano.a(libc_a-puts.o)
                0x000000000800e3ac                puts
 .text.__sread  0x000000000800e3c0       0x28 C:/ST/STM32CubeIDE_1.14.0/STM32CubeIDE/plugins/com.st.stm32cube.ide.mcu.externaltools.gnu-tools-for-stm32.11.3.rel1.win32_1.1.100.202309141235/tools/bin/../lib/gcc/arm-none-eabi/11.3.1/../../../../arm-none-eabi/lib/thumb/v6-m/nofp\libc_nano.a(libc_a-stdio.o)
                0x000000000800e3c0                __sread
 .text.__swrite
                0x000000000800e3e8       0x38 C:/ST/STM32CubeIDE_1.14.0/STM32CubeIDE/plugins/com.st.stm32cube.ide.mcu.externaltools.gnu-tools-for-stm32.11.3.rel1.win32_1.1.100.202309141235/tools/bin/../lib/gcc/arm-none-eabi/11.3.1/../../../../arm-none-eabi/lib/thumb/v6-m/nofp\libc_nano.a(libc_a-stdio.o)
                0x000000000800e3e8                __swrite
 .text.__sseek  0x000000000800e420       0x2c C:/ST/STM32CubeIDE_1.14.0/STM32CubeIDE/plugins/com.st.stm32cube.ide.mcu.externaltools.gnu-tools-for-stm32.11.3.rel1.win32_1.1.100.202309141235/tools/bin/../lib/gcc/arm-none-eabi/11.3.1/../../../../arm-none-eabi/lib/thumb/v6-m/nofp\libc_nano.a(libc_a-stdio.o)
                0x000000000800e420                __sseek
 .text.__sclose
                0x000000000800e44c        0xc C:/ST/STM32CubeIDE_1.14.0/STM32CubeIDE/plugins/com.st.stm32cube.ide.mcu.externaltools.gnu-tools-for-stm32.11.3.rel1.win32_1.1.100.202309141235/tools/bin/../lib/gcc/arm-none-eabi/11.3.1/../../../../arm-none-eabi/lib/thumb/v6-m/nofp\libc_nano.a(libc_a-stdio.o)
                0x000000000800e44c                __sclose
 .text.__swbuf_r
                0x000000000800e458       0x84 C:/ST/STM32CubeIDE_1.14.0/STM32CubeIDE/plugins/com.st.stm32cube.ide.mcu.externaltools.gnu-tools-for-stm32.11.3.rel1.win32_1.1.100.202309141235/tools/bin/../lib/gcc/arm-none-eabi/11.3.1/../../../../arm-none-eabi/lib/thumb/v6-m/nofp\libc_nano.a(libc_a-wbuf.o)
                0x000000000800e458                __swbuf_r
 .text.__swsetup_r
                0x000000000800e4dc       0xc8 C:/ST/STM32CubeIDE_1.14.0/STM32CubeIDE/plugins/com.st.stm32cube.ide.mcu.externaltools.gnu-tools-for-stm32.11.3.rel1.win32_1.1.100.202309141235/tools/bin/../lib/gcc/arm-none-eabi/11.3.1/../../../../arm-none-eabi/lib/thumb/v6-m/nofp\libc_nano.a(libc_a-wsetup.o)
                0x000000000800e4dc                __swsetup_r
 .text.memcmp   0x000000000800e5a4       0x1c C:/ST/STM32CubeIDE_1.14.0/STM32CubeIDE/plugins/com.st.stm32cube.ide.mcu.externaltools.gnu-tools-for-stm32.11.3.rel1.win32_1.1.100.202309141235/tools/bin/../lib/gcc/arm-none-eabi/11.3.1/../../../../arm-none-eabi/lib/thumb/v6-m/nofp\libc_nano.a(libc_a-memcmp.o)
                0x000000000800e5a4                memcmp
 .text.memset   0x000000000800e5c0       0x10 C:/ST/STM32CubeIDE_1.14.0/STM32CubeIDE/plugins/com.st.stm32cube.ide.mcu.externaltools.gnu-tools-for-stm32.11.3.rel1.win32_1.1.100.202309141235/tools/bin/../lib/gcc/arm-none-eabi/11.3.1/../../../../arm-none-eabi/lib/thumb/v6-m/nofp\libc_nano.a(libc_a-memset.o)
                0x000000000800e5c0                memset
 .text._localeconv_r
                0x000000000800e5d0        0x8 C:/ST/STM32CubeIDE_1.14.0/STM32CubeIDE/plugins/com.st.stm32cube.ide.mcu.externaltools.gnu-tools-for-stm32.11.3.rel1.win32_1.1.100.202309141235/tools/bin/../lib/gcc/arm-none-eabi/11.3.1/../../../../arm-none-eabi/lib/thumb/v6-m/nofp\libc_nano.a(libc_a-localeconv.o)
                0x000000000800e5d0                _localeconv_r
 .text._close_r
                0x000000000800e5d8       0x24 C:/ST/STM32CubeIDE_1.14.0/STM32CubeIDE/plugins/com.st.stm32cube.ide.mcu.externaltools.gnu-tools-for-stm32.11.3.rel1.win32_1.1.100.202309141235/tools/bin/../lib/gcc/arm-none-eabi/11.3.1/../../../../arm-none-eabi/lib/thumb/v6-m/nofp\libc_nano.a(libc_a-closer.o)
                0x000000000800e5d8                _close_r
 .text._lseek_r
                0x000000000800e5fc       0x28 C:/ST/STM32CubeIDE_1.14.0/STM32CubeIDE/plugins/com.st.stm32cube.ide.mcu.externaltools.gnu-tools-for-stm32.11.3.rel1.win32_1.1.100.202309141235/tools/bin/../lib/gcc/arm-none-eabi/11.3.1/../../../../arm-none-eabi/lib/thumb/v6-m/nofp\libc_nano.a(libc_a-lseekr.o)
                0x000000000800e5fc                _lseek_r
 .text._read_r  0x000000000800e624       0x28 C:/ST/STM32CubeIDE_1.14.0/STM32CubeIDE/plugins/com.st.stm32cube.ide.mcu.externaltools.gnu-tools-for-stm32.11.3.rel1.win32_1.1.100.202309141235/tools/bin/../lib/gcc/arm-none-eabi/11.3.1/../../../../arm-none-eabi/lib/thumb/v6-m/nofp\libc_nano.a(libc_a-readr.o)
                0x000000000800e624                _read_r
 .text._write_r
                0x000000000800e64c       0x28 C:/ST/STM32CubeIDE_1.14.0/STM32CubeIDE/plugins/com.st.stm32cube.ide.mcu.externaltools.gnu-tools-for-stm32.11.3.rel1.win32_1.1.100.202309141235/tools/bin/../lib/gcc/arm-none-eabi/11.3.1/../../../../arm-none-eabi/lib/thumb/v6-m/nofp\libc_nano.a(libc_a-writer.o)
                0x000000000800e64c                _write_r
 .text.__errno  0x000000000800e674        0xc C:/ST/STM32CubeIDE_1.14.0/STM32CubeIDE/plugins/com.st.stm32cube.ide.mcu.externaltools.gnu-tools-for-stm32.11.3.rel1.win32_1.1.100.202309141235/tools/bin/../lib/gcc/arm-none-eabi/11.3.1/../../../../arm-none-eabi/lib/thumb/v6-m/nofp\libc_nano.a(libc_a-errno.o)
                0x000000000800e674                __errno
 .text.__libc_init_array
                0x000000000800e680       0x48 C:/ST/STM32CubeIDE_1.14.0/STM32CubeIDE/plugins/com.st.stm32cube.ide.mcu.externaltools.gnu-tools-for-stm32.11.3.rel1.win32_1.1.100.202309141235/tools/bin/../lib/gcc/arm-none-eabi/11.3.1/../../../../arm-none-eabi/lib/thumb/v6-m/nofp\libc_nano.a(libc_a-init.o)
                0x000000000800e680                __libc_init_array
 .text.__retarget_lock_init_recursive
                0x000000000800e6c8        0x2 C:/ST/STM32CubeIDE_1.14.0/STM32CubeIDE/plugins/com.st.stm32cube.ide.mcu.externaltools.gnu-tools-for-stm32.11.3.rel1.win32_1.1.100.202309141235/tools/bin/../lib/gcc/arm-none-eabi/11.3.1/../../../../arm-none-eabi/lib/thumb/v6-m/nofp\libc_nano.a(libc_a-lock.o)
                0x000000000800e6c8                __retarget_lock_init_recursive
 .text.__retarget_lock_acquire_recursive
                0x000000000800e6ca        0x2 C:/ST/STM32CubeIDE_1.14.0/STM32CubeIDE/plugins/com.st.stm32cube.ide.mcu.externaltools.gnu-tools-for-stm32.11.3.rel1.win32_1.1.100.202309141235/tools/bin/../lib/gcc/arm-none-eabi/11.3.1/../../../../arm-none-eabi/lib/thumb/v6-m/nofp\libc_nano.a(libc_a-lock.o)
                0x000000000800e6ca                __retarget_lock_acquire_recursive
 .text.__retarget_lock_release_recursive
                0x000000000800e6cc        0x2 C:/ST/STM32CubeIDE_1.14.0/STM32CubeIDE/plugins/com.st.stm32cube.ide.mcu.externaltools.gnu-tools-for-stm32.11.3.rel1.win32_1.1.100.202309141235/tools/bin/../lib/gcc/arm-none-eabi/11.3.1/../../../../arm-none-eabi/lib/thumb/v6-m/nofp\libc_nano.a(libc_a-lock.o)
                0x000000000800e6cc                __retarget_lock_release_recursive