../Drivers/BSP/STM32G0xx_Nucleo/stm32g0xx_nucleo.c:81:9:BSP_GetVersion	8	static
../Drivers/BSP/STM32G0xx_Nucleo/stm32g0xx_nucleo.c:95:9:BSP_COM_Init	24	static
../Drivers/BSP/STM32G0xx_Nucleo/stm32g0xx_nucleo.c:133:9:BSP_COM_DeInit	24	static
../Drivers/BSP/STM32G0xx_Nucleo/stm32g0xx_nucleo.c:170:26:MX_USART2_UART_Init	32	static
../Drivers/BSP/STM32G0xx_Nucleo/stm32g0xx_nucleo.c:290:9:BSP_COM_SelectLogPort	16	static
../Drivers/BSP/STM32G0xx_Nucleo/stm32g0xx_nucleo.c:336:5:__io_putchar	16	static
../Drivers/BSP/STM32G0xx_Nucleo/stm32g0xx_nucleo.c:349:13:USART2_MspInit	80	static
../Drivers/BSP/STM32G0xx_Nucleo/stm32g0xx_nucleo.c:390:13:USART2_MspDeInit	16	static
