../Core/Src/main.c:90:6:HAL_ADC_ConvCpltCallback	16	static
../Core/Src/main.c:146:5:main	8	static
../Core/Src/main.c:214:6:SystemClock_Config	88	static
../Core/Src/main.c:254:13:MX_NVIC_Init	8	static
../Core/Src/main.c:275:13:MX_ADC1_Init	24	static
../Core/Src/main.c:334:13:MX_TIM3_Init	64	static
../Core/Src/main.c:395:13:MX_DMA_Init	16	static
../Core/Src/main.c:408:13:MX_GPIO_Init	56	static
../Core/Src/main.c:487:6:HAL_GPIO_EXTI_Callback	16	static
../Core/Src/main.c:498:6:enable_dualbridge	8	static
../Core/Src/main.c:505:6:ihm12a1_stspin240_init	8	static
../Core/Src/main.c:515:6:motordata	16	static
../Core/Src/main.c:636:6:Error_Handler	8	static,ignoring_inline_asm
