../Core/Src/main.c:103:6:HAL_ADC_ConvCpltCallback	16	static
../Core/Src/main.c:116:5:main	8	static
../Core/Src/main.c:219:6:SystemClock_Config	88	static
../Core/Src/main.c:259:13:MX_NVIC_Init	8	static
../Core/Src/main.c:280:13:MX_ADC1_Init	24	static
../Core/Src/main.c:339:13:MX_SPI1_Init	8	static
../Core/Src/main.c:379:13:MX_TIM3_Init	64	static
../Core/Src/main.c:440:13:MX_DMA_Init	16	static
../Core/Src/main.c:453:13:MX_GPIO_Init	56	static
../Core/Src/main.c:539:6:Error_Handler	8	static,ignoring_inline_asm
